// Validating benchmarks:
// ***** BenchmarkRunner: Start   *****
// ***** Found 2 benchmark(s) in total *****
// ***** Building 1 exe(s) in Parallel: Start   *****
// start dotnet  restore --nodeReuse:false /p:UseSharedCompilation=false /p:Deterministic=true /p:Optimize=true /p:ArtifactsPath="/home/zynres/Projects/sweet-log/libraries/sweetlib-collections/src/SweetLib.Benchmarks/bin/Release/net10.0/SweetLib.Benchmarks-DefaultJob-1/" /p:OutDir="/home/zynres/Projects/sweet-log/libraries/sweetlib-collections/src/SweetLib.Benchmarks/bin/Release/net10.0/SweetLib.Benchmarks-DefaultJob-1/bin/Release/net10.0/" /p:OutputPath="/home/zynres/Projects/sweet-log/libraries/sweetlib-collections/src/SweetLib.Benchmarks/bin/Release/net10.0/SweetLib.Benchmarks-DefaultJob-1/bin/Release/net10.0/" /p:PublishDir="/home/zynres/Projects/sweet-log/libraries/sweetlib-collections/src/SweetLib.Benchmarks/bin/Release/net10.0/SweetLib.Benchmarks-DefaultJob-1/publish/" in /home/zynres/Projects/sweet-log/libraries/sweetlib-collections/src/SweetLib.Benchmarks/bin/Release/net10.0/SweetLib.Benchmarks-DefaultJob-1
// command took 0.88 sec and exited with 0
// start dotnet  build -c Release --no-restore --nodeReuse:false /p:UseSharedCompilation=false /p:Deterministic=true /p:Optimize=true /p:ArtifactsPath="/home/zynres/Projects/sweet-log/libraries/sweetlib-collections/src/SweetLib.Benchmarks/bin/Release/net10.0/SweetLib.Benchmarks-DefaultJob-1/" /p:OutDir="/home/zynres/Projects/sweet-log/libraries/sweetlib-collections/src/SweetLib.Benchmarks/bin/Release/net10.0/SweetLib.Benchmarks-DefaultJob-1/bin/Release/net10.0/" /p:OutputPath="/home/zynres/Projects/sweet-log/libraries/sweetlib-collections/src/SweetLib.Benchmarks/bin/Release/net10.0/SweetLib.Benchmarks-DefaultJob-1/bin/Release/net10.0/" /p:PublishDir="/home/zynres/Projects/sweet-log/libraries/sweetlib-collections/src/SweetLib.Benchmarks/bin/Release/net10.0/SweetLib.Benchmarks-DefaultJob-1/publish/" --output "/home/zynres/Projects/sweet-log/libraries/sweetlib-collections/src/SweetLib.Benchmarks/bin/Release/net10.0/SweetLib.Benchmarks-DefaultJob-1/bin/Release/net10.0/" in /home/zynres/Projects/sweet-log/libraries/sweetlib-collections/src/SweetLib.Benchmarks/bin/Release/net10.0/SweetLib.Benchmarks-DefaultJob-1
// command took 6.94 sec and exited with 0
// ***** Done, took 00:00:07 (7.87 sec)   *****
// Found 2 benchmarks:
//   ArrayBenchmark.Array_Read: DefaultJob [Count=10000000]
//   ArrayBenchmark.UnsafeArray_Read: DefaultJob [Count=10000000]

// **************************
// Benchmark: ArrayBenchmark.Array_Read: DefaultJob [Count=10000000]
// *** Execute ***
// Launch: 1 / 1
// Execute: dotnet SweetLib.Benchmarks-DefaultJob-1.dll --anonymousPipes 119 120 --benchmarkName "ArrayBenchmark.Array_Read(Count: 10000000)" --job Default --benchmarkId 0 in /home/zynres/Projects/sweet-log/libraries/sweetlib-collections/src/SweetLib.Benchmarks/bin/Release/net10.0/SweetLib.Benchmarks-DefaultJob-1/bin/Release/net10.0
// Failed to set up high priority (Permission denied). In order to run benchmarks with high priority, make sure you have the right permissions.
// BeforeAnythingElse

// Benchmark Process Environment Information:
// BenchmarkDotNet v0.15.8
// Runtime=.NET 10.0.11 (10.0.11, 42.42.42.42424), X64 RyuJIT x86-64-v3
// GC=Concurrent Workstation
// HardwareIntrinsics=AVX2+BMI1+BMI2+F16C+FMA+LZCNT+MOVBE,AVX,SSE3+SSSE3+SSE4.1+SSE4.2+POPCNT,X86Base+SSE+SSE2,AES+PCLMUL,AvxVnni,SERIALIZE VectorSize=256
// Job: DefaultJob

OverheadJitting  1: 1 op, 151164.00 ns, 151.1640 us/op
WorkloadJitting  1: 1 op, 9061508.00 ns, 9.0615 ms/op

OverheadJitting  2: 16 op, 327297.00 ns, 20.4561 us/op
WorkloadJitting  2: 16 op, 138767883.00 ns, 8.6730 ms/op

WorkloadPilot    1: 16 op, 119926834.00 ns, 7.4954 ms/op
WorkloadPilot    2: 32 op, 226333678.00 ns, 7.0729 ms/op
WorkloadPilot    3: 64 op, 396785051.00 ns, 6.1998 ms/op
WorkloadPilot    4: 128 op, 667322793.00 ns, 5.2135 ms/op

OverheadWarmup   1: 128 op, 2649.00 ns, 20.6953 ns/op
OverheadWarmup   2: 128 op, 605.00 ns, 4.7266 ns/op
OverheadWarmup   3: 128 op, 993.00 ns, 7.7578 ns/op
OverheadWarmup   4: 128 op, 786.00 ns, 6.1406 ns/op
OverheadWarmup   5: 128 op, 899.00 ns, 7.0234 ns/op
OverheadWarmup   6: 128 op, 802.00 ns, 6.2656 ns/op

OverheadActual   1: 128 op, 954.00 ns, 7.4531 ns/op
OverheadActual   2: 128 op, 1004.00 ns, 7.8438 ns/op
OverheadActual   3: 128 op, 1297.00 ns, 10.1328 ns/op
OverheadActual   4: 128 op, 446.00 ns, 3.4844 ns/op
OverheadActual   5: 128 op, 685.00 ns, 5.3516 ns/op
OverheadActual   6: 128 op, 394.00 ns, 3.0781 ns/op
OverheadActual   7: 128 op, 379.00 ns, 2.9609 ns/op
OverheadActual   8: 128 op, 352.00 ns, 2.7500 ns/op
OverheadActual   9: 128 op, 349.00 ns, 2.7266 ns/op
OverheadActual  10: 128 op, 354.00 ns, 2.7656 ns/op
OverheadActual  11: 128 op, 329.00 ns, 2.5703 ns/op
OverheadActual  12: 128 op, 350.00 ns, 2.7344 ns/op
OverheadActual  13: 128 op, 358.00 ns, 2.7969 ns/op
OverheadActual  14: 128 op, 344.00 ns, 2.6875 ns/op
OverheadActual  15: 128 op, 407.00 ns, 3.1797 ns/op
OverheadActual  16: 128 op, 357.00 ns, 2.7891 ns/op
OverheadActual  17: 128 op, 370.00 ns, 2.8906 ns/op
OverheadActual  18: 128 op, 639.00 ns, 4.9922 ns/op
OverheadActual  19: 128 op, 402.00 ns, 3.1406 ns/op
OverheadActual  20: 128 op, 1507.00 ns, 11.7734 ns/op

WorkloadWarmup   1: 128 op, 677320144.00 ns, 5.2916 ms/op
WorkloadWarmup   2: 128 op, 639792557.00 ns, 4.9984 ms/op
WorkloadWarmup   3: 128 op, 667754490.00 ns, 5.2168 ms/op
WorkloadWarmup   4: 128 op, 677111543.00 ns, 5.2899 ms/op
WorkloadWarmup   5: 128 op, 656347093.00 ns, 5.1277 ms/op
WorkloadWarmup   6: 128 op, 664902051.00 ns, 5.1945 ms/op
WorkloadWarmup   7: 128 op, 669231678.00 ns, 5.2284 ms/op
WorkloadWarmup   8: 128 op, 673976771.00 ns, 5.2654 ms/op
WorkloadWarmup   9: 128 op, 664503381.00 ns, 5.1914 ms/op

// BeforeActualRun
WorkloadActual   1: 128 op, 703778409.00 ns, 5.4983 ms/op
WorkloadActual   2: 128 op, 651896851.00 ns, 5.0929 ms/op
WorkloadActual   3: 128 op, 653578438.00 ns, 5.1061 ms/op
WorkloadActual   4: 128 op, 655042391.00 ns, 5.1175 ms/op
WorkloadActual   5: 128 op, 647128549.00 ns, 5.0557 ms/op
WorkloadActual   6: 128 op, 681729730.00 ns, 5.3260 ms/op
WorkloadActual   7: 128 op, 661517596.00 ns, 5.1681 ms/op
WorkloadActual   8: 128 op, 647647912.00 ns, 5.0597 ms/op
WorkloadActual   9: 128 op, 655927573.00 ns, 5.1244 ms/op
WorkloadActual  10: 128 op, 658173028.00 ns, 5.1420 ms/op
WorkloadActual  11: 128 op, 647194029.00 ns, 5.0562 ms/op
WorkloadActual  12: 128 op, 729336125.00 ns, 5.6979 ms/op
WorkloadActual  13: 128 op, 764709812.00 ns, 5.9743 ms/op
WorkloadActual  14: 128 op, 776430798.00 ns, 6.0659 ms/op
WorkloadActual  15: 128 op, 761859854.00 ns, 5.9520 ms/op
WorkloadActual  16: 128 op, 761948119.00 ns, 5.9527 ms/op
WorkloadActual  17: 128 op, 761238523.00 ns, 5.9472 ms/op
WorkloadActual  18: 128 op, 751369228.00 ns, 5.8701 ms/op
WorkloadActual  19: 128 op, 755611476.00 ns, 5.9032 ms/op
WorkloadActual  20: 128 op, 659701052.00 ns, 5.1539 ms/op
WorkloadActual  21: 128 op, 673403890.00 ns, 5.2610 ms/op
WorkloadActual  22: 128 op, 658113064.00 ns, 5.1415 ms/op
WorkloadActual  23: 128 op, 662390858.00 ns, 5.1749 ms/op
WorkloadActual  24: 128 op, 653827173.00 ns, 5.1080 ms/op
WorkloadActual  25: 128 op, 765213956.00 ns, 5.9782 ms/op
WorkloadActual  26: 128 op, 711472384.00 ns, 5.5584 ms/op
WorkloadActual  27: 128 op, 718745543.00 ns, 5.6152 ms/op
WorkloadActual  28: 128 op, 706112134.00 ns, 5.5165 ms/op
WorkloadActual  29: 128 op, 658126229.00 ns, 5.1416 ms/op
WorkloadActual  30: 128 op, 729189730.00 ns, 5.6968 ms/op
WorkloadActual  31: 128 op, 768216589.00 ns, 6.0017 ms/op
WorkloadActual  32: 128 op, 765464064.00 ns, 5.9802 ms/op
WorkloadActual  33: 128 op, 725747910.00 ns, 5.6699 ms/op
WorkloadActual  34: 128 op, 764429479.00 ns, 5.9721 ms/op
WorkloadActual  35: 128 op, 775756181.00 ns, 6.0606 ms/op
WorkloadActual  36: 128 op, 771657310.00 ns, 6.0286 ms/op
WorkloadActual  37: 128 op, 743719810.00 ns, 5.8103 ms/op
WorkloadActual  38: 128 op, 665011308.00 ns, 5.1954 ms/op
WorkloadActual  39: 128 op, 663368841.00 ns, 5.1826 ms/op
WorkloadActual  40: 128 op, 657205372.00 ns, 5.1344 ms/op
WorkloadActual  41: 128 op, 666769056.00 ns, 5.2091 ms/op
WorkloadActual  42: 128 op, 660172103.00 ns, 5.1576 ms/op
WorkloadActual  43: 128 op, 667036523.00 ns, 5.2112 ms/op
WorkloadActual  44: 128 op, 703639285.00 ns, 5.4972 ms/op
WorkloadActual  45: 128 op, 713822069.00 ns, 5.5767 ms/op
WorkloadActual  46: 128 op, 670423649.00 ns, 5.2377 ms/op
WorkloadActual  47: 128 op, 667035424.00 ns, 5.2112 ms/op
WorkloadActual  48: 128 op, 691832430.00 ns, 5.4049 ms/op
WorkloadActual  49: 128 op, 679936852.00 ns, 5.3120 ms/op
WorkloadActual  50: 128 op, 760904522.00 ns, 5.9446 ms/op
WorkloadActual  51: 128 op, 744481016.00 ns, 5.8163 ms/op
WorkloadActual  52: 128 op, 663640057.00 ns, 5.1847 ms/op
WorkloadActual  53: 128 op, 681310095.00 ns, 5.3227 ms/op
WorkloadActual  54: 128 op, 670970230.00 ns, 5.2420 ms/op
WorkloadActual  55: 128 op, 664152920.00 ns, 5.1887 ms/op
WorkloadActual  56: 128 op, 658288520.00 ns, 5.1429 ms/op
WorkloadActual  57: 128 op, 660322762.00 ns, 5.1588 ms/op
WorkloadActual  58: 128 op, 666660442.00 ns, 5.2083 ms/op
WorkloadActual  59: 128 op, 669053066.00 ns, 5.2270 ms/op
WorkloadActual  60: 128 op, 667647645.00 ns, 5.2160 ms/op
WorkloadActual  61: 128 op, 670054276.00 ns, 5.2348 ms/op
WorkloadActual  62: 128 op, 670064587.00 ns, 5.2349 ms/op
WorkloadActual  63: 128 op, 666994837.00 ns, 5.2109 ms/op
WorkloadActual  64: 128 op, 675816096.00 ns, 5.2798 ms/op
WorkloadActual  65: 128 op, 688904025.00 ns, 5.3821 ms/op
WorkloadActual  66: 128 op, 739793908.00 ns, 5.7796 ms/op
WorkloadActual  67: 128 op, 699376254.00 ns, 5.4639 ms/op
WorkloadActual  68: 128 op, 663542639.00 ns, 5.1839 ms/op
WorkloadActual  69: 128 op, 660188403.00 ns, 5.1577 ms/op
WorkloadActual  70: 128 op, 669847930.00 ns, 5.2332 ms/op
WorkloadActual  71: 128 op, 663388176.00 ns, 5.1827 ms/op
WorkloadActual  72: 128 op, 659976733.00 ns, 5.1561 ms/op
WorkloadActual  73: 128 op, 694351084.00 ns, 5.4246 ms/op
WorkloadActual  74: 128 op, 794642431.00 ns, 6.2081 ms/op
WorkloadActual  75: 128 op, 759676098.00 ns, 5.9350 ms/op
WorkloadActual  76: 128 op, 708446857.00 ns, 5.5347 ms/op
WorkloadActual  77: 128 op, 746158949.00 ns, 5.8294 ms/op
WorkloadActual  78: 128 op, 658837797.00 ns, 5.1472 ms/op
WorkloadActual  79: 128 op, 765719960.00 ns, 5.9822 ms/op
WorkloadActual  80: 128 op, 767903677.00 ns, 5.9992 ms/op
WorkloadActual  81: 128 op, 769540597.00 ns, 6.0120 ms/op
WorkloadActual  82: 128 op, 765242596.00 ns, 5.9785 ms/op
WorkloadActual  83: 128 op, 667164527.00 ns, 5.2122 ms/op
WorkloadActual  84: 128 op, 682270525.00 ns, 5.3302 ms/op
WorkloadActual  85: 128 op, 670672654.00 ns, 5.2396 ms/op
WorkloadActual  86: 128 op, 765147620.00 ns, 5.9777 ms/op
WorkloadActual  87: 128 op, 729381439.00 ns, 5.6983 ms/op
WorkloadActual  88: 128 op, 679392485.00 ns, 5.3078 ms/op
WorkloadActual  89: 128 op, 665180626.00 ns, 5.1967 ms/op
WorkloadActual  90: 128 op, 665236036.00 ns, 5.1972 ms/op
WorkloadActual  91: 128 op, 671258024.00 ns, 5.2442 ms/op
WorkloadActual  92: 128 op, 662758741.00 ns, 5.1778 ms/op
WorkloadActual  93: 128 op, 750031905.00 ns, 5.8596 ms/op
WorkloadActual  94: 128 op, 719741469.00 ns, 5.6230 ms/op
WorkloadActual  95: 128 op, 665147692.00 ns, 5.1965 ms/op
WorkloadActual  96: 128 op, 662836258.00 ns, 5.1784 ms/op
WorkloadActual  97: 128 op, 668118013.00 ns, 5.2197 ms/op
WorkloadActual  98: 128 op, 664234476.00 ns, 5.1893 ms/op
WorkloadActual  99: 128 op, 683573865.00 ns, 5.3404 ms/op
WorkloadActual  100: 128 op, 717137029.00 ns, 5.6026 ms/op

// AfterActualRun
WorkloadResult   1: 128 op, 703778022.50 ns, 5.4983 ms/op
WorkloadResult   2: 128 op, 651896464.50 ns, 5.0929 ms/op
WorkloadResult   3: 128 op, 653578051.50 ns, 5.1061 ms/op
WorkloadResult   4: 128 op, 655042004.50 ns, 5.1175 ms/op
WorkloadResult   5: 128 op, 647128162.50 ns, 5.0557 ms/op
WorkloadResult   6: 128 op, 681729343.50 ns, 5.3260 ms/op
WorkloadResult   7: 128 op, 661517209.50 ns, 5.1681 ms/op
WorkloadResult   8: 128 op, 647647525.50 ns, 5.0597 ms/op
WorkloadResult   9: 128 op, 655927186.50 ns, 5.1244 ms/op
WorkloadResult  10: 128 op, 658172641.50 ns, 5.1420 ms/op
WorkloadResult  11: 128 op, 647193642.50 ns, 5.0562 ms/op
WorkloadResult  12: 128 op, 729335738.50 ns, 5.6979 ms/op
WorkloadResult  13: 128 op, 764709425.50 ns, 5.9743 ms/op
WorkloadResult  14: 128 op, 776430411.50 ns, 6.0659 ms/op
WorkloadResult  15: 128 op, 761859467.50 ns, 5.9520 ms/op
WorkloadResult  16: 128 op, 761947732.50 ns, 5.9527 ms/op
WorkloadResult  17: 128 op, 761238136.50 ns, 5.9472 ms/op
WorkloadResult  18: 128 op, 751368841.50 ns, 5.8701 ms/op
WorkloadResult  19: 128 op, 755611089.50 ns, 5.9032 ms/op
WorkloadResult  20: 128 op, 659700665.50 ns, 5.1539 ms/op
WorkloadResult  21: 128 op, 673403503.50 ns, 5.2610 ms/op
WorkloadResult  22: 128 op, 658112677.50 ns, 5.1415 ms/op
WorkloadResult  23: 128 op, 662390471.50 ns, 5.1749 ms/op
WorkloadResult  24: 128 op, 653826786.50 ns, 5.1080 ms/op
WorkloadResult  25: 128 op, 765213569.50 ns, 5.9782 ms/op
WorkloadResult  26: 128 op, 711471997.50 ns, 5.5584 ms/op
WorkloadResult  27: 128 op, 718745156.50 ns, 5.6152 ms/op
WorkloadResult  28: 128 op, 706111747.50 ns, 5.5165 ms/op
WorkloadResult  29: 128 op, 658125842.50 ns, 5.1416 ms/op
WorkloadResult  30: 128 op, 729189343.50 ns, 5.6968 ms/op
WorkloadResult  31: 128 op, 768216202.50 ns, 6.0017 ms/op
WorkloadResult  32: 128 op, 765463677.50 ns, 5.9802 ms/op
WorkloadResult  33: 128 op, 725747523.50 ns, 5.6699 ms/op
WorkloadResult  34: 128 op, 764429092.50 ns, 5.9721 ms/op
WorkloadResult  35: 128 op, 775755794.50 ns, 6.0606 ms/op
WorkloadResult  36: 128 op, 771656923.50 ns, 6.0286 ms/op
WorkloadResult  37: 128 op, 743719423.50 ns, 5.8103 ms/op
WorkloadResult  38: 128 op, 665010921.50 ns, 5.1954 ms/op
WorkloadResult  39: 128 op, 663368454.50 ns, 5.1826 ms/op
WorkloadResult  40: 128 op, 657204985.50 ns, 5.1344 ms/op
WorkloadResult  41: 128 op, 666768669.50 ns, 5.2091 ms/op
WorkloadResult  42: 128 op, 660171716.50 ns, 5.1576 ms/op
WorkloadResult  43: 128 op, 667036136.50 ns, 5.2112 ms/op
WorkloadResult  44: 128 op, 703638898.50 ns, 5.4972 ms/op
WorkloadResult  45: 128 op, 713821682.50 ns, 5.5767 ms/op
WorkloadResult  46: 128 op, 670423262.50 ns, 5.2377 ms/op
WorkloadResult  47: 128 op, 667035037.50 ns, 5.2112 ms/op
WorkloadResult  48: 128 op, 691832043.50 ns, 5.4049 ms/op
WorkloadResult  49: 128 op, 679936465.50 ns, 5.3120 ms/op
WorkloadResult  50: 128 op, 760904135.50 ns, 5.9446 ms/op
WorkloadResult  51: 128 op, 744480629.50 ns, 5.8163 ms/op
WorkloadResult  52: 128 op, 663639670.50 ns, 5.1847 ms/op
WorkloadResult  53: 128 op, 681309708.50 ns, 5.3227 ms/op
WorkloadResult  54: 128 op, 670969843.50 ns, 5.2420 ms/op
WorkloadResult  55: 128 op, 664152533.50 ns, 5.1887 ms/op
WorkloadResult  56: 128 op, 658288133.50 ns, 5.1429 ms/op
WorkloadResult  57: 128 op, 660322375.50 ns, 5.1588 ms/op
WorkloadResult  58: 128 op, 666660055.50 ns, 5.2083 ms/op
WorkloadResult  59: 128 op, 669052679.50 ns, 5.2270 ms/op
WorkloadResult  60: 128 op, 667647258.50 ns, 5.2160 ms/op
WorkloadResult  61: 128 op, 670053889.50 ns, 5.2348 ms/op
WorkloadResult  62: 128 op, 670064200.50 ns, 5.2349 ms/op
WorkloadResult  63: 128 op, 666994450.50 ns, 5.2109 ms/op
WorkloadResult  64: 128 op, 675815709.50 ns, 5.2798 ms/op
WorkloadResult  65: 128 op, 688903638.50 ns, 5.3821 ms/op
WorkloadResult  66: 128 op, 739793521.50 ns, 5.7796 ms/op
WorkloadResult  67: 128 op, 699375867.50 ns, 5.4639 ms/op
WorkloadResult  68: 128 op, 663542252.50 ns, 5.1839 ms/op
WorkloadResult  69: 128 op, 660188016.50 ns, 5.1577 ms/op
WorkloadResult  70: 128 op, 669847543.50 ns, 5.2332 ms/op
WorkloadResult  71: 128 op, 663387789.50 ns, 5.1827 ms/op
WorkloadResult  72: 128 op, 659976346.50 ns, 5.1561 ms/op
WorkloadResult  73: 128 op, 694350697.50 ns, 5.4246 ms/op
WorkloadResult  74: 128 op, 794642044.50 ns, 6.2081 ms/op
WorkloadResult  75: 128 op, 759675711.50 ns, 5.9350 ms/op
WorkloadResult  76: 128 op, 708446470.50 ns, 5.5347 ms/op
WorkloadResult  77: 128 op, 746158562.50 ns, 5.8294 ms/op
WorkloadResult  78: 128 op, 658837410.50 ns, 5.1472 ms/op
WorkloadResult  79: 128 op, 765719573.50 ns, 5.9822 ms/op
WorkloadResult  80: 128 op, 767903290.50 ns, 5.9992 ms/op
WorkloadResult  81: 128 op, 769540210.50 ns, 6.0120 ms/op
WorkloadResult  82: 128 op, 765242209.50 ns, 5.9785 ms/op
WorkloadResult  83: 128 op, 667164140.50 ns, 5.2122 ms/op
WorkloadResult  84: 128 op, 682270138.50 ns, 5.3302 ms/op
WorkloadResult  85: 128 op, 670672267.50 ns, 5.2396 ms/op
WorkloadResult  86: 128 op, 765147233.50 ns, 5.9777 ms/op
WorkloadResult  87: 128 op, 729381052.50 ns, 5.6983 ms/op
WorkloadResult  88: 128 op, 679392098.50 ns, 5.3078 ms/op
WorkloadResult  89: 128 op, 665180239.50 ns, 5.1967 ms/op
WorkloadResult  90: 128 op, 665235649.50 ns, 5.1972 ms/op
WorkloadResult  91: 128 op, 671257637.50 ns, 5.2442 ms/op
WorkloadResult  92: 128 op, 662758354.50 ns, 5.1778 ms/op
WorkloadResult  93: 128 op, 750031518.50 ns, 5.8596 ms/op
WorkloadResult  94: 128 op, 719741082.50 ns, 5.6230 ms/op
WorkloadResult  95: 128 op, 665147305.50 ns, 5.1965 ms/op
WorkloadResult  96: 128 op, 662835871.50 ns, 5.1784 ms/op
WorkloadResult  97: 128 op, 668117626.50 ns, 5.2197 ms/op
WorkloadResult  98: 128 op, 664234089.50 ns, 5.1893 ms/op
WorkloadResult  99: 128 op, 683573478.50 ns, 5.3404 ms/op
WorkloadResult  100: 128 op, 717136642.50 ns, 5.6026 ms/op
// GC:  50 50 50 5120018672 128
// Threading:  0 0 128

// AfterAll
// Benchmark Process 151136 has exited with code 0.

Mean = 5.453 ms, StdErr = 0.034 ms (0.62%), N = 100, StdDev = 0.336 ms
Min = 5.056 ms, Q1 = 5.184 ms, Median = 5.270 ms, Q3 = 5.787 ms, Max = 6.208 ms
IQR = 0.604 ms, LowerFence = 4.278 ms, UpperFence = 6.693 ms
ConfidenceInterval = [5.339 ms; 5.567 ms] (CI 99.9%), Margin = 0.114 ms (2.09% of Mean)
Skewness = 0.65, Kurtosis = 1.84, MValue = 2.65

// ** Remained 1 (50.0 %) benchmark(s) to run. Estimated finish 2026-08-31 19:38 (0h 1m from now) **
// **************************
// Benchmark: ArrayBenchmark.UnsafeArray_Read: DefaultJob [Count=10000000]
// *** Execute ***
// Launch: 1 / 1
// Execute: dotnet SweetLib.Benchmarks-DefaultJob-1.dll --anonymousPipes 119 120 --benchmarkName "ArrayBenchmark.UnsafeArray_Read(Count: 10000000)" --job Default --benchmarkId 1 in /home/zynres/Projects/sweet-log/libraries/sweetlib-collections/src/SweetLib.Benchmarks/bin/Release/net10.0/SweetLib.Benchmarks-DefaultJob-1/bin/Release/net10.0
// Failed to set up high priority (Permission denied). In order to run benchmarks with high priority, make sure you have the right permissions.
// BeforeAnythingElse

// Benchmark Process Environment Information:
// BenchmarkDotNet v0.15.8
// Runtime=.NET 10.0.11 (10.0.11, 42.42.42.42424), X64 RyuJIT x86-64-v3
// GC=Concurrent Workstation
// HardwareIntrinsics=AVX2+BMI1+BMI2+F16C+FMA+LZCNT+MOVBE,AVX,SSE3+SSSE3+SSE4.1+SSE4.2+POPCNT,X86Base+SSE+SSE2,AES+PCLMUL,AvxVnni,SERIALIZE VectorSize=256
// Job: DefaultJob

OverheadJitting  1: 1 op, 159699.00 ns, 159.6990 us/op
WorkloadJitting  1: 1 op, 9184448.00 ns, 9.1844 ms/op

OverheadJitting  2: 16 op, 349281.00 ns, 21.8301 us/op
WorkloadJitting  2: 16 op, 127477664.00 ns, 7.9674 ms/op

WorkloadPilot    1: 16 op, 122517573.00 ns, 7.6573 ms/op
WorkloadPilot    2: 32 op, 245392247.00 ns, 7.6685 ms/op
WorkloadPilot    3: 64 op, 509720861.00 ns, 7.9644 ms/op

OverheadWarmup   1: 64 op, 1935.00 ns, 30.2344 ns/op
OverheadWarmup   2: 64 op, 170.00 ns, 2.6563 ns/op
OverheadWarmup   3: 64 op, 173.00 ns, 2.7031 ns/op
OverheadWarmup   4: 64 op, 175.00 ns, 2.7344 ns/op
OverheadWarmup   5: 64 op, 197.00 ns, 3.0781 ns/op
OverheadWarmup   6: 64 op, 195.00 ns, 3.0469 ns/op
OverheadWarmup   7: 64 op, 232.00 ns, 3.6250 ns/op
OverheadWarmup   8: 64 op, 9514.00 ns, 148.6563 ns/op
OverheadWarmup   9: 64 op, 279.00 ns, 4.3594 ns/op

OverheadActual   1: 64 op, 534.00 ns, 8.3438 ns/op
OverheadActual   2: 64 op, 732.00 ns, 11.4375 ns/op
OverheadActual   3: 64 op, 583.00 ns, 9.1094 ns/op
OverheadActual   4: 64 op, 411.00 ns, 6.4219 ns/op
OverheadActual   5: 64 op, 434.00 ns, 6.7813 ns/op
OverheadActual   6: 64 op, 225.00 ns, 3.5156 ns/op
OverheadActual   7: 64 op, 195.00 ns, 3.0469 ns/op
OverheadActual   8: 64 op, 236.00 ns, 3.6875 ns/op
OverheadActual   9: 64 op, 266.00 ns, 4.1563 ns/op
OverheadActual  10: 64 op, 199.00 ns, 3.1094 ns/op
OverheadActual  11: 64 op, 173.00 ns, 2.7031 ns/op
OverheadActual  12: 64 op, 204.00 ns, 3.1875 ns/op
OverheadActual  13: 64 op, 176.00 ns, 2.7500 ns/op
OverheadActual  14: 64 op, 194.00 ns, 3.0313 ns/op
OverheadActual  15: 64 op, 224.00 ns, 3.5000 ns/op
OverheadActual  16: 64 op, 180.00 ns, 2.8125 ns/op
OverheadActual  17: 64 op, 208.00 ns, 3.2500 ns/op
OverheadActual  18: 64 op, 898.00 ns, 14.0313 ns/op
OverheadActual  19: 64 op, 244.00 ns, 3.8125 ns/op
OverheadActual  20: 64 op, 223.00 ns, 3.4844 ns/op

WorkloadWarmup   1: 64 op, 501663859.00 ns, 7.8385 ms/op
WorkloadWarmup   2: 64 op, 501325234.00 ns, 7.8332 ms/op
WorkloadWarmup   3: 64 op, 494826602.00 ns, 7.7317 ms/op
WorkloadWarmup   4: 64 op, 497111094.00 ns, 7.7674 ms/op
WorkloadWarmup   5: 64 op, 496491635.00 ns, 7.7577 ms/op
WorkloadWarmup   6: 64 op, 496184217.00 ns, 7.7529 ms/op
WorkloadWarmup   7: 64 op, 492954990.00 ns, 7.7024 ms/op
WorkloadWarmup   8: 64 op, 499319407.00 ns, 7.8019 ms/op
WorkloadWarmup   9: 64 op, 496989050.00 ns, 7.7655 ms/op

// BeforeActualRun
WorkloadActual   1: 64 op, 501208901.00 ns, 7.8314 ms/op
WorkloadActual   2: 64 op, 496615079.00 ns, 7.7596 ms/op
WorkloadActual   3: 64 op, 509551366.00 ns, 7.9617 ms/op
WorkloadActual   4: 64 op, 522378012.00 ns, 8.1622 ms/op
WorkloadActual   5: 64 op, 504565387.00 ns, 7.8838 ms/op
WorkloadActual   6: 64 op, 496419445.00 ns, 7.7566 ms/op
WorkloadActual   7: 64 op, 502329984.00 ns, 7.8489 ms/op
WorkloadActual   8: 64 op, 496461265.00 ns, 7.7572 ms/op
WorkloadActual   9: 64 op, 500400907.00 ns, 7.8188 ms/op
WorkloadActual  10: 64 op, 527519082.00 ns, 8.2425 ms/op
WorkloadActual  11: 64 op, 505984407.00 ns, 7.9060 ms/op
WorkloadActual  12: 64 op, 496299511.00 ns, 7.7547 ms/op
WorkloadActual  13: 64 op, 499312193.00 ns, 7.8018 ms/op
WorkloadActual  14: 64 op, 495968125.00 ns, 7.7495 ms/op
WorkloadActual  15: 64 op, 499439510.00 ns, 7.8037 ms/op

// AfterActualRun
WorkloadResult   1: 64 op, 501208676.50 ns, 7.8314 ms/op
WorkloadResult   2: 64 op, 496614854.50 ns, 7.7596 ms/op
WorkloadResult   3: 64 op, 509551141.50 ns, 7.9617 ms/op
WorkloadResult   4: 64 op, 504565162.50 ns, 7.8838 ms/op
WorkloadResult   5: 64 op, 496419220.50 ns, 7.7566 ms/op
WorkloadResult   6: 64 op, 502329759.50 ns, 7.8489 ms/op
WorkloadResult   7: 64 op, 496461040.50 ns, 7.7572 ms/op
WorkloadResult   8: 64 op, 500400682.50 ns, 7.8188 ms/op
WorkloadResult   9: 64 op, 505984182.50 ns, 7.9060 ms/op
WorkloadResult  10: 64 op, 496299286.50 ns, 7.7547 ms/op
WorkloadResult  11: 64 op, 499311968.50 ns, 7.8017 ms/op
WorkloadResult  12: 64 op, 495967900.50 ns, 7.7495 ms/op
WorkloadResult  13: 64 op, 499439285.50 ns, 7.8037 ms/op
// GC:  0 0 0 0 64
// Threading:  0 0 64

// AfterAll
// Benchmark Process 151565 has exited with code 0.

Mean = 7.818 ms, StdErr = 0.019 ms (0.24%), N = 13, StdDev = 0.067 ms
Min = 7.749 ms, Q1 = 7.757 ms, Median = 7.804 ms, Q3 = 7.849 ms, Max = 7.962 ms
IQR = 0.092 ms, LowerFence = 7.620 ms, UpperFence = 7.986 ms
ConfidenceInterval = [7.738 ms; 7.898 ms] (CI 99.9%), Margin = 0.080 ms (1.03% of Mean)
Skewness = 0.7, Kurtosis = 2.23, MValue = 2

// ** Remained 0 (0.0 %) benchmark(s) to run. Estimated finish 2026-08-31 19:37 (0h 0m from now) **
// ***** BenchmarkRunner: Finish  *****

// * Export *
  BenchmarkDotNet.Artifacts/results/ArrayBenchmark-report.csv
  BenchmarkDotNet.Artifacts/results/ArrayBenchmark-report-github.md
  BenchmarkDotNet.Artifacts/results/ArrayBenchmark-report.html

// * Detailed results *
ArrayBenchmark.Array_Read: DefaultJob [Count=10000000]
Runtime = .NET 10.0.11 (10.0.11, 42.42.42.42424), X64 RyuJIT x86-64-v3; GC = Concurrent Workstation
Mean = 5.453 ms, StdErr = 0.034 ms (0.62%), N = 100, StdDev = 0.336 ms
Min = 5.056 ms, Q1 = 5.184 ms, Median = 5.270 ms, Q3 = 5.787 ms, Max = 6.208 ms
IQR = 0.604 ms, LowerFence = 4.278 ms, UpperFence = 6.693 ms
ConfidenceInterval = [5.339 ms; 5.567 ms] (CI 99.9%), Margin = 0.114 ms (2.09% of Mean)
Skewness = 0.65, Kurtosis = 1.84, MValue = 2.65
-------------------- Histogram --------------------
[5.055 ms ; 5.245 ms) | @@@@@@@@@@@@@@@@@@@@@@@@@@@@@@@@@@@@@@@@@@@@@@@@@
[5.245 ms ; 5.438 ms) | @@@@@@@@@@@
[5.438 ms ; 5.702 ms) | @@@@@@@@@@@@@@
[5.702 ms ; 5.889 ms) | @@@@@@
[5.889 ms ; 6.080 ms) | @@@@@@@@@@@@@@@@@@@
[6.080 ms ; 6.303 ms) | @
---------------------------------------------------

ArrayBenchmark.UnsafeArray_Read: DefaultJob [Count=10000000]
Runtime = .NET 10.0.11 (10.0.11, 42.42.42.42424), X64 RyuJIT x86-64-v3; GC = Concurrent Workstation
Mean = 7.818 ms, StdErr = 0.019 ms (0.24%), N = 13, StdDev = 0.067 ms
Min = 7.749 ms, Q1 = 7.757 ms, Median = 7.804 ms, Q3 = 7.849 ms, Max = 7.962 ms
IQR = 0.092 ms, LowerFence = 7.620 ms, UpperFence = 7.986 ms
ConfidenceInterval = [7.738 ms; 7.898 ms] (CI 99.9%), Margin = 0.080 ms (1.03% of Mean)
Skewness = 0.7, Kurtosis = 2.23, MValue = 2
-------------------- Histogram --------------------
[7.712 ms ; 7.999 ms) | @@@@@@@@@@@@@
---------------------------------------------------

// * Summary *

BenchmarkDotNet v0.15.8, Linux Arch Linux
12th Gen Intel Core i5-1235U 0.40GHz, 1 CPU, 12 logical and 10 physical cores
.NET SDK 10.0.111
  [Host]     : .NET 10.0.11 (10.0.11, 42.42.42.42424), X64 RyuJIT x86-64-v3
  DefaultJob : .NET 10.0.11 (10.0.11, 42.42.42.42424), X64 RyuJIT x86-64-v3


| Method           | Count    | Mean     | Error     | StdDev    | Median   | Gen0     | Gen1     | Gen2     | Allocated  |
|----------------- |--------- |---------:|----------:|----------:|---------:|---------:|---------:|---------:|-----------:|
| Array_Read       | 10000000 | 5.453 ms | 0.1140 ms | 0.3363 ms | 5.270 ms | 390.6250 | 390.6250 | 390.6250 | 40000146 B |
| UnsafeArray_Read | 10000000 | 7.818 ms | 0.0803 ms | 0.0670 ms | 7.804 ms |        - |        - |        - |          - |

// * Hints *
Outliers
  ArrayBenchmark.UnsafeArray_Read: Default -> 2 outliers were removed (8.16 ms, 8.24 ms)

// * Legends *
  Count     : Value of the 'Count' parameter
  Mean      : Arithmetic mean of all measurements
  Error     : Half of 99.9% confidence interval
  StdDev    : Standard deviation of all measurements
  Median    : Value separating the higher half of all measurements (50th percentile)
  Gen0      : GC Generation 0 collects per 1000 operations
  Gen1      : GC Generation 1 collects per 1000 operations
  Gen2      : GC Generation 2 collects per 1000 operations
  Allocated : Allocated memory per single operation (managed only, inclusive, 1KB = 1024B)
  1 ms      : 1 Millisecond (0.001 sec)

// * Diagnostic Output - MemoryDiagnoser *


// ***** BenchmarkRunner: End *****
Run time: 00:01:32 (92.1 sec), executed benchmarks: 2

Global total time: 00:01:40 (100.06 sec), executed benchmarks: 2
// * Artifacts cleanup *
Artifacts cleanup is finished
