// Validating benchmarks:
// ***** BenchmarkRunner: Start   *****
// ***** Found 2 benchmark(s) in total *****
// ***** Building 1 exe(s) in Parallel: Start   *****
// start dotnet  restore --nodeReuse:false /p:UseSharedCompilation=false /p:Deterministic=true /p:Optimize=true /p:ArtifactsPath="/home/zynres/Projects/sweet-log/libraries/sweetlib-collections/src/SweetLib.Benchmarks/bin/Release/net10.0/SweetLib.Benchmarks-DefaultJob-1/" /p:OutDir="/home/zynres/Projects/sweet-log/libraries/sweetlib-collections/src/SweetLib.Benchmarks/bin/Release/net10.0/SweetLib.Benchmarks-DefaultJob-1/bin/Release/net10.0/" /p:OutputPath="/home/zynres/Projects/sweet-log/libraries/sweetlib-collections/src/SweetLib.Benchmarks/bin/Release/net10.0/SweetLib.Benchmarks-DefaultJob-1/bin/Release/net10.0/" /p:PublishDir="/home/zynres/Projects/sweet-log/libraries/sweetlib-collections/src/SweetLib.Benchmarks/bin/Release/net10.0/SweetLib.Benchmarks-DefaultJob-1/publish/" in /home/zynres/Projects/sweet-log/libraries/sweetlib-collections/src/SweetLib.Benchmarks/bin/Release/net10.0/SweetLib.Benchmarks-DefaultJob-1
// command took 0.77 sec and exited with 0
// start dotnet  build -c Release --no-restore --nodeReuse:false /p:UseSharedCompilation=false /p:Deterministic=true /p:Optimize=true /p:ArtifactsPath="/home/zynres/Projects/sweet-log/libraries/sweetlib-collections/src/SweetLib.Benchmarks/bin/Release/net10.0/SweetLib.Benchmarks-DefaultJob-1/" /p:OutDir="/home/zynres/Projects/sweet-log/libraries/sweetlib-collections/src/SweetLib.Benchmarks/bin/Release/net10.0/SweetLib.Benchmarks-DefaultJob-1/bin/Release/net10.0/" /p:OutputPath="/home/zynres/Projects/sweet-log/libraries/sweetlib-collections/src/SweetLib.Benchmarks/bin/Release/net10.0/SweetLib.Benchmarks-DefaultJob-1/bin/Release/net10.0/" /p:PublishDir="/home/zynres/Projects/sweet-log/libraries/sweetlib-collections/src/SweetLib.Benchmarks/bin/Release/net10.0/SweetLib.Benchmarks-DefaultJob-1/publish/" --output "/home/zynres/Projects/sweet-log/libraries/sweetlib-collections/src/SweetLib.Benchmarks/bin/Release/net10.0/SweetLib.Benchmarks-DefaultJob-1/bin/Release/net10.0/" in /home/zynres/Projects/sweet-log/libraries/sweetlib-collections/src/SweetLib.Benchmarks/bin/Release/net10.0/SweetLib.Benchmarks-DefaultJob-1
// command took 5.02 sec and exited with 0
// ***** Done, took 00:00:05 (5.84 sec)   *****
// Found 2 benchmarks:
//   DictionaryBenchmark.Dictionary_Get: DefaultJob [Count=100000]
//   DictionaryBenchmark.UnsafeDictionary_Get: DefaultJob [Count=100000]

// **************************
// Benchmark: DictionaryBenchmark.Dictionary_Get: DefaultJob [Count=100000]
// *** Execute ***
// Launch: 1 / 1
// Execute: dotnet SweetLib.Benchmarks-DefaultJob-1.dll --anonymousPipes 119 120 --benchmarkName "DictionaryBenchmark.Dictionary_Get(Count: 100000)" --job Default --benchmarkId 0 in /home/zynres/Projects/sweet-log/libraries/sweetlib-collections/src/SweetLib.Benchmarks/bin/Release/net10.0/SweetLib.Benchmarks-DefaultJob-1/bin/Release/net10.0
// Failed to set up high priority (Permission denied). In order to run benchmarks with high priority, make sure you have the right permissions.
// BeforeAnythingElse

// Benchmark Process Environment Information:
// BenchmarkDotNet v0.15.8
// Runtime=.NET 10.0.11 (10.0.11, 42.42.42.42424), X64 RyuJIT x86-64-v3
// GC=Concurrent Workstation
// HardwareIntrinsics=AVX2+BMI1+BMI2+F16C+FMA+LZCNT+MOVBE,AVX,SSE3+SSSE3+SSE4.1+SSE4.2+POPCNT,X86Base+SSE+SSE2,AES+PCLMUL,AvxVnni,SERIALIZE VectorSize=256
// Job: DefaultJob

OverheadJitting  1: 1 op, 140301.00 ns, 140.3010 us/op
WorkloadJitting  1: 1 op, 866613.00 ns, 866.6130 us/op

OverheadJitting  2: 16 op, 170209.00 ns, 10.6381 us/op
WorkloadJitting  2: 16 op, 5620694.00 ns, 351.2934 us/op

WorkloadPilot    1: 16 op, 5320367.00 ns, 332.5229 us/op
WorkloadPilot    2: 32 op, 10536215.00 ns, 329.2567 us/op
WorkloadPilot    3: 64 op, 21258578.00 ns, 332.1653 us/op
WorkloadPilot    4: 128 op, 43462743.00 ns, 339.5527 us/op
WorkloadPilot    5: 256 op, 86913549.00 ns, 339.5061 us/op
WorkloadPilot    6: 512 op, 340827075.00 ns, 665.6779 us/op
WorkloadPilot    7: 1024 op, 175093861.00 ns, 170.9901 us/op
WorkloadPilot    8: 2048 op, 329982223.00 ns, 161.1241 us/op
WorkloadPilot    9: 4096 op, 696890300.00 ns, 170.1392 us/op

OverheadWarmup   1: 4096 op, 11929.00 ns, 2.9124 ns/op
OverheadWarmup   2: 4096 op, 10989.00 ns, 2.6829 ns/op
OverheadWarmup   3: 4096 op, 11070.00 ns, 2.7026 ns/op
OverheadWarmup   4: 4096 op, 11990.00 ns, 2.9272 ns/op
OverheadWarmup   5: 4096 op, 11609.00 ns, 2.8342 ns/op
OverheadWarmup   6: 4096 op, 11931.00 ns, 2.9128 ns/op
OverheadWarmup   7: 4096 op, 11323.00 ns, 2.7644 ns/op

OverheadActual   1: 4096 op, 10973.00 ns, 2.6790 ns/op
OverheadActual   2: 4096 op, 11536.00 ns, 2.8164 ns/op
OverheadActual   3: 4096 op, 11180.00 ns, 2.7295 ns/op
OverheadActual   4: 4096 op, 10847.00 ns, 2.6482 ns/op
OverheadActual   5: 4096 op, 9971.00 ns, 2.4343 ns/op
OverheadActual   6: 4096 op, 10724.00 ns, 2.6182 ns/op
OverheadActual   7: 4096 op, 10705.00 ns, 2.6135 ns/op
OverheadActual   8: 4096 op, 9744.00 ns, 2.3789 ns/op
OverheadActual   9: 4096 op, 10741.00 ns, 2.6223 ns/op
OverheadActual  10: 4096 op, 11021.00 ns, 2.6907 ns/op
OverheadActual  11: 4096 op, 10702.00 ns, 2.6128 ns/op
OverheadActual  12: 4096 op, 10750.00 ns, 2.6245 ns/op
OverheadActual  13: 4096 op, 10750.00 ns, 2.6245 ns/op
OverheadActual  14: 4096 op, 10725.00 ns, 2.6184 ns/op
OverheadActual  15: 4096 op, 10748.00 ns, 2.6240 ns/op

WorkloadWarmup   1: 4096 op, 624619848.00 ns, 152.4951 us/op
WorkloadWarmup   2: 4096 op, 619162853.00 ns, 151.1628 us/op
WorkloadWarmup   3: 4096 op, 619653154.00 ns, 151.2825 us/op
WorkloadWarmup   4: 4096 op, 697752143.00 ns, 170.3496 us/op
WorkloadWarmup   5: 4096 op, 625557970.00 ns, 152.7241 us/op
WorkloadWarmup   6: 4096 op, 682317653.00 ns, 166.5815 us/op
WorkloadWarmup   7: 4096 op, 648526318.00 ns, 158.3316 us/op

// BeforeActualRun
WorkloadActual   1: 4096 op, 697254155.00 ns, 170.2281 us/op
WorkloadActual   2: 4096 op, 696119728.00 ns, 169.9511 us/op
WorkloadActual   3: 4096 op, 618165434.00 ns, 150.9193 us/op
WorkloadActual   4: 4096 op, 617600292.00 ns, 150.7813 us/op
WorkloadActual   5: 4096 op, 669559070.00 ns, 163.4666 us/op
WorkloadActual   6: 4096 op, 618047736.00 ns, 150.8906 us/op
WorkloadActual   7: 4096 op, 617573931.00 ns, 150.7749 us/op
WorkloadActual   8: 4096 op, 664390872.00 ns, 162.2048 us/op
WorkloadActual   9: 4096 op, 637397193.00 ns, 155.6145 us/op
WorkloadActual  10: 4096 op, 619020597.00 ns, 151.1281 us/op
WorkloadActual  11: 4096 op, 617193621.00 ns, 150.6820 us/op
WorkloadActual  12: 4096 op, 630269887.00 ns, 153.8745 us/op
WorkloadActual  13: 4096 op, 627960325.00 ns, 153.3106 us/op
WorkloadActual  14: 4096 op, 637703472.00 ns, 155.6893 us/op
WorkloadActual  15: 4096 op, 697747964.00 ns, 170.3486 us/op
WorkloadActual  16: 4096 op, 617184761.00 ns, 150.6799 us/op
WorkloadActual  17: 4096 op, 694325896.00 ns, 169.5132 us/op
WorkloadActual  18: 4096 op, 687547085.00 ns, 167.8582 us/op
WorkloadActual  19: 4096 op, 653498241.00 ns, 159.5455 us/op
WorkloadActual  20: 4096 op, 694775402.00 ns, 169.6229 us/op
WorkloadActual  21: 4096 op, 626712713.00 ns, 153.0060 us/op
WorkloadActual  22: 4096 op, 618442267.00 ns, 150.9869 us/op
WorkloadActual  23: 4096 op, 655164510.00 ns, 159.9523 us/op
WorkloadActual  24: 4096 op, 688488174.00 ns, 168.0879 us/op
WorkloadActual  25: 4096 op, 697071212.00 ns, 170.1834 us/op
WorkloadActual  26: 4096 op, 694294430.00 ns, 169.5055 us/op
WorkloadActual  27: 4096 op, 644217406.00 ns, 157.2796 us/op
WorkloadActual  28: 4096 op, 680565920.00 ns, 166.1538 us/op
WorkloadActual  29: 4096 op, 664401978.00 ns, 162.2075 us/op
WorkloadActual  30: 4096 op, 633068287.00 ns, 154.5577 us/op
WorkloadActual  31: 4096 op, 636543986.00 ns, 155.4062 us/op
WorkloadActual  32: 4096 op, 669383627.00 ns, 163.4237 us/op
WorkloadActual  33: 4096 op, 696750778.00 ns, 170.1052 us/op
WorkloadActual  34: 4096 op, 624677716.00 ns, 152.5092 us/op
WorkloadActual  35: 4096 op, 694399012.00 ns, 169.5310 us/op
WorkloadActual  36: 4096 op, 692636865.00 ns, 169.1008 us/op
WorkloadActual  37: 4096 op, 696512037.00 ns, 170.0469 us/op
WorkloadActual  38: 4096 op, 696265988.00 ns, 169.9868 us/op
WorkloadActual  39: 4096 op, 618671414.00 ns, 151.0428 us/op
WorkloadActual  40: 4096 op, 695908440.00 ns, 169.8995 us/op
WorkloadActual  41: 4096 op, 618041613.00 ns, 150.8891 us/op
WorkloadActual  42: 4096 op, 618574648.00 ns, 151.0192 us/op
WorkloadActual  43: 4096 op, 619141126.00 ns, 151.1575 us/op
WorkloadActual  44: 4096 op, 616991319.00 ns, 150.6326 us/op
WorkloadActual  45: 4096 op, 619586555.00 ns, 151.2662 us/op
WorkloadActual  46: 4096 op, 617685451.00 ns, 150.8021 us/op
WorkloadActual  47: 4096 op, 617385943.00 ns, 150.7290 us/op
WorkloadActual  48: 4096 op, 618235683.00 ns, 150.9364 us/op
WorkloadActual  49: 4096 op, 617796588.00 ns, 150.8292 us/op
WorkloadActual  50: 4096 op, 619079576.00 ns, 151.1425 us/op
WorkloadActual  51: 4096 op, 618490515.00 ns, 150.9987 us/op
WorkloadActual  52: 4096 op, 619021219.00 ns, 151.1282 us/op
WorkloadActual  53: 4096 op, 618276862.00 ns, 150.9465 us/op
WorkloadActual  54: 4096 op, 616937094.00 ns, 150.6194 us/op
WorkloadActual  55: 4096 op, 618902267.00 ns, 151.0992 us/op
WorkloadActual  56: 4096 op, 620745487.00 ns, 151.5492 us/op
WorkloadActual  57: 4096 op, 616979146.00 ns, 150.6297 us/op
WorkloadActual  58: 4096 op, 618430486.00 ns, 150.9840 us/op
WorkloadActual  59: 4096 op, 656348973.00 ns, 160.2414 us/op
WorkloadActual  60: 4096 op, 695852172.00 ns, 169.8858 us/op
WorkloadActual  61: 4096 op, 697914849.00 ns, 170.3894 us/op
WorkloadActual  62: 4096 op, 622418143.00 ns, 151.9576 us/op
WorkloadActual  63: 4096 op, 644950077.00 ns, 157.4585 us/op
WorkloadActual  64: 4096 op, 649578580.00 ns, 158.5885 us/op
WorkloadActual  65: 4096 op, 638207050.00 ns, 155.8123 us/op
WorkloadActual  66: 4096 op, 671627809.00 ns, 163.9716 us/op
WorkloadActual  67: 4096 op, 618523341.00 ns, 151.0067 us/op
WorkloadActual  68: 4096 op, 617822780.00 ns, 150.8356 us/op
WorkloadActual  69: 4096 op, 626706098.00 ns, 153.0044 us/op
WorkloadActual  70: 4096 op, 660962691.00 ns, 161.3678 us/op
WorkloadActual  71: 4096 op, 656270359.00 ns, 160.2223 us/op

// AfterActualRun
WorkloadResult   1: 4096 op, 697243407.00 ns, 170.2254 us/op
WorkloadResult   2: 4096 op, 696108980.00 ns, 169.9485 us/op
WorkloadResult   3: 4096 op, 618154686.00 ns, 150.9167 us/op
WorkloadResult   4: 4096 op, 617589544.00 ns, 150.7787 us/op
WorkloadResult   5: 4096 op, 669548322.00 ns, 163.4639 us/op
WorkloadResult   6: 4096 op, 618036988.00 ns, 150.8879 us/op
WorkloadResult   7: 4096 op, 617563183.00 ns, 150.7723 us/op
WorkloadResult   8: 4096 op, 664380124.00 ns, 162.2022 us/op
WorkloadResult   9: 4096 op, 637386445.00 ns, 155.6119 us/op
WorkloadResult  10: 4096 op, 619009849.00 ns, 151.1255 us/op
WorkloadResult  11: 4096 op, 617182873.00 ns, 150.6794 us/op
WorkloadResult  12: 4096 op, 630259139.00 ns, 153.8719 us/op
WorkloadResult  13: 4096 op, 627949577.00 ns, 153.3080 us/op
WorkloadResult  14: 4096 op, 637692724.00 ns, 155.6867 us/op
WorkloadResult  15: 4096 op, 697737216.00 ns, 170.3460 us/op
WorkloadResult  16: 4096 op, 617174013.00 ns, 150.6772 us/op
WorkloadResult  17: 4096 op, 694315148.00 ns, 169.5105 us/op
WorkloadResult  18: 4096 op, 687536337.00 ns, 167.8556 us/op
WorkloadResult  19: 4096 op, 653487493.00 ns, 159.5428 us/op
WorkloadResult  20: 4096 op, 694764654.00 ns, 169.6203 us/op
WorkloadResult  21: 4096 op, 626701965.00 ns, 153.0034 us/op
WorkloadResult  22: 4096 op, 618431519.00 ns, 150.9843 us/op
WorkloadResult  23: 4096 op, 655153762.00 ns, 159.9496 us/op
WorkloadResult  24: 4096 op, 688477426.00 ns, 168.0853 us/op
WorkloadResult  25: 4096 op, 697060464.00 ns, 170.1808 us/op
WorkloadResult  26: 4096 op, 694283682.00 ns, 169.5029 us/op
WorkloadResult  27: 4096 op, 644206658.00 ns, 157.2770 us/op
WorkloadResult  28: 4096 op, 680555172.00 ns, 166.1512 us/op
WorkloadResult  29: 4096 op, 664391230.00 ns, 162.2049 us/op
WorkloadResult  30: 4096 op, 633057539.00 ns, 154.5551 us/op
WorkloadResult  31: 4096 op, 636533238.00 ns, 155.4036 us/op
WorkloadResult  32: 4096 op, 669372879.00 ns, 163.4211 us/op
WorkloadResult  33: 4096 op, 696740030.00 ns, 170.1025 us/op
WorkloadResult  34: 4096 op, 624666968.00 ns, 152.5066 us/op
WorkloadResult  35: 4096 op, 694388264.00 ns, 169.5284 us/op
WorkloadResult  36: 4096 op, 692626117.00 ns, 169.0982 us/op
WorkloadResult  37: 4096 op, 696501289.00 ns, 170.0443 us/op
WorkloadResult  38: 4096 op, 696255240.00 ns, 169.9842 us/op
WorkloadResult  39: 4096 op, 618660666.00 ns, 151.0402 us/op
WorkloadResult  40: 4096 op, 695897692.00 ns, 169.8969 us/op
WorkloadResult  41: 4096 op, 618030865.00 ns, 150.8864 us/op
WorkloadResult  42: 4096 op, 618563900.00 ns, 151.0166 us/op
WorkloadResult  43: 4096 op, 619130378.00 ns, 151.1549 us/op
WorkloadResult  44: 4096 op, 616980571.00 ns, 150.6300 us/op
WorkloadResult  45: 4096 op, 619575807.00 ns, 151.2636 us/op
WorkloadResult  46: 4096 op, 617674703.00 ns, 150.7995 us/op
WorkloadResult  47: 4096 op, 617375195.00 ns, 150.7264 us/op
WorkloadResult  48: 4096 op, 618224935.00 ns, 150.9338 us/op
WorkloadResult  49: 4096 op, 617785840.00 ns, 150.8266 us/op
WorkloadResult  50: 4096 op, 619068828.00 ns, 151.1399 us/op
WorkloadResult  51: 4096 op, 618479767.00 ns, 150.9960 us/op
WorkloadResult  52: 4096 op, 619010471.00 ns, 151.1256 us/op
WorkloadResult  53: 4096 op, 618266114.00 ns, 150.9439 us/op
WorkloadResult  54: 4096 op, 616926346.00 ns, 150.6168 us/op
WorkloadResult  55: 4096 op, 618891519.00 ns, 151.0966 us/op
WorkloadResult  56: 4096 op, 620734739.00 ns, 151.5466 us/op
WorkloadResult  57: 4096 op, 616968398.00 ns, 150.6271 us/op
WorkloadResult  58: 4096 op, 618419738.00 ns, 150.9814 us/op
WorkloadResult  59: 4096 op, 656338225.00 ns, 160.2388 us/op
WorkloadResult  60: 4096 op, 695841424.00 ns, 169.8832 us/op
WorkloadResult  61: 4096 op, 697904101.00 ns, 170.3867 us/op
WorkloadResult  62: 4096 op, 622407395.00 ns, 151.9549 us/op
WorkloadResult  63: 4096 op, 644939329.00 ns, 157.4559 us/op
WorkloadResult  64: 4096 op, 649567832.00 ns, 158.5859 us/op
WorkloadResult  65: 4096 op, 638196302.00 ns, 155.8096 us/op
WorkloadResult  66: 4096 op, 671617061.00 ns, 163.9690 us/op
WorkloadResult  67: 4096 op, 618512593.00 ns, 151.0041 us/op
WorkloadResult  68: 4096 op, 617812032.00 ns, 150.8330 us/op
WorkloadResult  69: 4096 op, 626695350.00 ns, 153.0018 us/op
WorkloadResult  70: 4096 op, 660951943.00 ns, 161.3652 us/op
WorkloadResult  71: 4096 op, 656259611.00 ns, 160.2196 us/op
// GC:  0 0 0 0 4096
// Threading:  0 0 4096

// AfterAll
// Benchmark Process 138460 has exited with code 0.

Mean = 157.915 μs, StdErr = 0.918 μs (0.58%), N = 71, StdDev = 7.731 μs
Min = 150.617 μs, Q1 = 150.990 μs, Median = 154.555 μs, Q3 = 165.060 μs, Max = 170.387 μs
IQR = 14.070 μs, LowerFence = 129.885 μs, UpperFence = 186.165 μs
ConfidenceInterval = [154.763 μs; 161.067 μs] (CI 99.9%), Margin = 3.152 μs (2.00% of Mean)
Skewness = 0.56, Kurtosis = 1.62, MValue = 2.65

// ** Remained 1 (50.0 %) benchmark(s) to run. Estimated finish 2026-08-31 19:13 (0h 0m from now) **
// **************************
// Benchmark: DictionaryBenchmark.UnsafeDictionary_Get: DefaultJob [Count=100000]
// *** Execute ***
// Launch: 1 / 1
// Execute: dotnet SweetLib.Benchmarks-DefaultJob-1.dll --anonymousPipes 119 120 --benchmarkName "DictionaryBenchmark.UnsafeDictionary_Get(Count: 100000)" --job Default --benchmarkId 1 in /home/zynres/Projects/sweet-log/libraries/sweetlib-collections/src/SweetLib.Benchmarks/bin/Release/net10.0/SweetLib.Benchmarks-DefaultJob-1/bin/Release/net10.0
// Failed to set up high priority (Permission denied). In order to run benchmarks with high priority, make sure you have the right permissions.
// BeforeAnythingElse

// Benchmark Process Environment Information:
// BenchmarkDotNet v0.15.8
// Runtime=.NET 10.0.11 (10.0.11, 42.42.42.42424), X64 RyuJIT x86-64-v3
// GC=Concurrent Workstation
// HardwareIntrinsics=AVX2+BMI1+BMI2+F16C+FMA+LZCNT+MOVBE,AVX,SSE3+SSSE3+SSE4.1+SSE4.2+POPCNT,X86Base+SSE+SSE2,AES+PCLMUL,AvxVnni,SERIALIZE VectorSize=256
// Job: DefaultJob

OverheadJitting  1: 1 op, 136060.00 ns, 136.0600 us/op
WorkloadJitting  1: 1 op, 1815990.00 ns, 1.8160 ms/op

OverheadJitting  2: 16 op, 201744.00 ns, 12.6090 us/op
WorkloadJitting  2: 16 op, 8987018.00 ns, 561.6886 us/op

WorkloadPilot    1: 16 op, 8066997.00 ns, 504.1873 us/op
WorkloadPilot    2: 32 op, 11888221.00 ns, 371.5069 us/op
WorkloadPilot    3: 64 op, 25397403.00 ns, 396.8344 us/op
WorkloadPilot    4: 128 op, 52741823.00 ns, 412.0455 us/op
WorkloadPilot    5: 256 op, 82961888.00 ns, 324.0699 us/op
WorkloadPilot    6: 512 op, 168232278.00 ns, 328.5787 us/op
WorkloadPilot    7: 1024 op, 342222351.00 ns, 334.2015 us/op
WorkloadPilot    8: 2048 op, 651037254.00 ns, 317.8893 us/op

OverheadWarmup   1: 2048 op, 6692.00 ns, 3.2676 ns/op
OverheadWarmup   2: 2048 op, 4939.00 ns, 2.4116 ns/op
OverheadWarmup   3: 2048 op, 6428.00 ns, 3.1387 ns/op
OverheadWarmup   4: 2048 op, 4875.00 ns, 2.3804 ns/op
OverheadWarmup   5: 2048 op, 4929.00 ns, 2.4067 ns/op
OverheadWarmup   6: 2048 op, 4900.00 ns, 2.3926 ns/op

OverheadActual   1: 2048 op, 5948.00 ns, 2.9043 ns/op
OverheadActual   2: 2048 op, 5265.00 ns, 2.5708 ns/op
OverheadActual   3: 2048 op, 5161.00 ns, 2.5200 ns/op
OverheadActual   4: 2048 op, 4958.00 ns, 2.4209 ns/op
OverheadActual   5: 2048 op, 5156.00 ns, 2.5176 ns/op
OverheadActual   6: 2048 op, 4974.00 ns, 2.4287 ns/op
OverheadActual   7: 2048 op, 4963.00 ns, 2.4233 ns/op
OverheadActual   8: 2048 op, 4963.00 ns, 2.4233 ns/op
OverheadActual   9: 2048 op, 4963.00 ns, 2.4233 ns/op
OverheadActual  10: 2048 op, 4948.00 ns, 2.4160 ns/op
OverheadActual  11: 2048 op, 4973.00 ns, 2.4282 ns/op
OverheadActual  12: 2048 op, 4940.00 ns, 2.4121 ns/op
OverheadActual  13: 2048 op, 4936.00 ns, 2.4102 ns/op
OverheadActual  14: 2048 op, 4963.00 ns, 2.4233 ns/op
OverheadActual  15: 2048 op, 4945.00 ns, 2.4146 ns/op

WorkloadWarmup   1: 2048 op, 636523409.00 ns, 310.8024 us/op
WorkloadWarmup   2: 2048 op, 631864592.00 ns, 308.5276 us/op
WorkloadWarmup   3: 2048 op, 630681768.00 ns, 307.9501 us/op
WorkloadWarmup   4: 2048 op, 681456507.00 ns, 332.7424 us/op
WorkloadWarmup   5: 2048 op, 703688279.00 ns, 343.5978 us/op
WorkloadWarmup   6: 2048 op, 639005695.00 ns, 312.0145 us/op
WorkloadWarmup   7: 2048 op, 635695819.00 ns, 310.3983 us/op
WorkloadWarmup   8: 2048 op, 701829789.00 ns, 342.6903 us/op
WorkloadWarmup   9: 2048 op, 658704592.00 ns, 321.6331 us/op

// BeforeActualRun
WorkloadActual   1: 2048 op, 691337342.00 ns, 337.5671 us/op
WorkloadActual   2: 2048 op, 710121572.00 ns, 346.7390 us/op
WorkloadActual   3: 2048 op, 650894873.00 ns, 317.8198 us/op
WorkloadActual   4: 2048 op, 701772648.00 ns, 342.6624 us/op
WorkloadActual   5: 2048 op, 705854891.00 ns, 344.6557 us/op
WorkloadActual   6: 2048 op, 654345414.00 ns, 319.5046 us/op
WorkloadActual   7: 2048 op, 682250256.00 ns, 333.1300 us/op
WorkloadActual   8: 2048 op, 704125931.00 ns, 343.8115 us/op
WorkloadActual   9: 2048 op, 642120917.00 ns, 313.5356 us/op
WorkloadActual  10: 2048 op, 700523067.00 ns, 342.0523 us/op
WorkloadActual  11: 2048 op, 703926332.00 ns, 343.7140 us/op
WorkloadActual  12: 2048 op, 648105427.00 ns, 316.4577 us/op
WorkloadActual  13: 2048 op, 670266736.00 ns, 327.2787 us/op
WorkloadActual  14: 2048 op, 700138302.00 ns, 341.8644 us/op
WorkloadActual  15: 2048 op, 643760533.00 ns, 314.3362 us/op
WorkloadActual  16: 2048 op, 696797124.00 ns, 340.2330 us/op
WorkloadActual  17: 2048 op, 705043208.00 ns, 344.2594 us/op
WorkloadActual  18: 2048 op, 642535749.00 ns, 313.7382 us/op
WorkloadActual  19: 2048 op, 665554255.00 ns, 324.9777 us/op
WorkloadActual  20: 2048 op, 696780607.00 ns, 340.2249 us/op
WorkloadActual  21: 2048 op, 688876202.00 ns, 336.3653 us/op
WorkloadActual  22: 2048 op, 636590664.00 ns, 310.8353 us/op
WorkloadActual  23: 2048 op, 646393499.00 ns, 315.6218 us/op
WorkloadActual  24: 2048 op, 646047807.00 ns, 315.4530 us/op
WorkloadActual  25: 2048 op, 639531093.00 ns, 312.2710 us/op
WorkloadActual  26: 2048 op, 646499659.00 ns, 315.6737 us/op
WorkloadActual  27: 2048 op, 650397805.00 ns, 317.5771 us/op
WorkloadActual  28: 2048 op, 641509857.00 ns, 313.2372 us/op
WorkloadActual  29: 2048 op, 644615974.00 ns, 314.7539 us/op
WorkloadActual  30: 2048 op, 646686513.00 ns, 315.7649 us/op
WorkloadActual  31: 2048 op, 641108504.00 ns, 313.0413 us/op
WorkloadActual  32: 2048 op, 646846886.00 ns, 315.8432 us/op
WorkloadActual  33: 2048 op, 646309585.00 ns, 315.5809 us/op
WorkloadActual  34: 2048 op, 640659881.00 ns, 312.8222 us/op
WorkloadActual  35: 2048 op, 646394866.00 ns, 315.6225 us/op
WorkloadActual  36: 2048 op, 636303490.00 ns, 310.6951 us/op
WorkloadActual  37: 2048 op, 640844371.00 ns, 312.9123 us/op
WorkloadActual  38: 2048 op, 639894965.00 ns, 312.4487 us/op
WorkloadActual  39: 2048 op, 636469991.00 ns, 310.7764 us/op
WorkloadActual  40: 2048 op, 642591226.00 ns, 313.7652 us/op
WorkloadActual  41: 2048 op, 641314590.00 ns, 313.1419 us/op
WorkloadActual  42: 2048 op, 637215409.00 ns, 311.1403 us/op
WorkloadActual  43: 2048 op, 639439724.00 ns, 312.2264 us/op
WorkloadActual  44: 2048 op, 638916092.00 ns, 311.9707 us/op
WorkloadActual  45: 2048 op, 638568469.00 ns, 311.8010 us/op
WorkloadActual  46: 2048 op, 646948729.00 ns, 315.8929 us/op
WorkloadActual  47: 2048 op, 647204746.00 ns, 316.0179 us/op

// AfterActualRun
WorkloadResult   1: 2048 op, 691332379.00 ns, 337.5646 us/op
WorkloadResult   2: 2048 op, 710116609.00 ns, 346.7366 us/op
WorkloadResult   3: 2048 op, 650889910.00 ns, 317.8173 us/op
WorkloadResult   4: 2048 op, 701767685.00 ns, 342.6600 us/op
WorkloadResult   5: 2048 op, 705849928.00 ns, 344.6533 us/op
WorkloadResult   6: 2048 op, 654340451.00 ns, 319.5022 us/op
WorkloadResult   7: 2048 op, 682245293.00 ns, 333.1276 us/op
WorkloadResult   8: 2048 op, 704120968.00 ns, 343.8091 us/op
WorkloadResult   9: 2048 op, 642115954.00 ns, 313.5332 us/op
WorkloadResult  10: 2048 op, 700518104.00 ns, 342.0499 us/op
WorkloadResult  11: 2048 op, 703921369.00 ns, 343.7116 us/op
WorkloadResult  12: 2048 op, 648100464.00 ns, 316.4553 us/op
WorkloadResult  13: 2048 op, 670261773.00 ns, 327.2763 us/op
WorkloadResult  14: 2048 op, 700133339.00 ns, 341.8620 us/op
WorkloadResult  15: 2048 op, 643755570.00 ns, 314.3338 us/op
WorkloadResult  16: 2048 op, 696792161.00 ns, 340.2305 us/op
WorkloadResult  17: 2048 op, 705038245.00 ns, 344.2570 us/op
WorkloadResult  18: 2048 op, 642530786.00 ns, 313.7357 us/op
WorkloadResult  19: 2048 op, 665549292.00 ns, 324.9752 us/op
WorkloadResult  20: 2048 op, 696775644.00 ns, 340.2225 us/op
WorkloadResult  21: 2048 op, 688871239.00 ns, 336.3629 us/op
WorkloadResult  22: 2048 op, 636585701.00 ns, 310.8329 us/op
WorkloadResult  23: 2048 op, 646388536.00 ns, 315.6194 us/op
WorkloadResult  24: 2048 op, 646042844.00 ns, 315.4506 us/op
WorkloadResult  25: 2048 op, 639526130.00 ns, 312.2686 us/op
WorkloadResult  26: 2048 op, 646494696.00 ns, 315.6712 us/op
WorkloadResult  27: 2048 op, 650392842.00 ns, 317.5746 us/op
WorkloadResult  28: 2048 op, 641504894.00 ns, 313.2348 us/op
WorkloadResult  29: 2048 op, 644611011.00 ns, 314.7515 us/op
WorkloadResult  30: 2048 op, 646681550.00 ns, 315.7625 us/op
WorkloadResult  31: 2048 op, 641103541.00 ns, 313.0388 us/op
WorkloadResult  32: 2048 op, 646841923.00 ns, 315.8408 us/op
WorkloadResult  33: 2048 op, 646304622.00 ns, 315.5784 us/op
WorkloadResult  34: 2048 op, 640654918.00 ns, 312.8198 us/op
WorkloadResult  35: 2048 op, 646389903.00 ns, 315.6201 us/op
WorkloadResult  36: 2048 op, 636298527.00 ns, 310.6926 us/op
WorkloadResult  37: 2048 op, 640839408.00 ns, 312.9099 us/op
WorkloadResult  38: 2048 op, 639890002.00 ns, 312.4463 us/op
WorkloadResult  39: 2048 op, 636465028.00 ns, 310.7739 us/op
WorkloadResult  40: 2048 op, 642586263.00 ns, 313.7628 us/op
WorkloadResult  41: 2048 op, 641309627.00 ns, 313.1395 us/op
WorkloadResult  42: 2048 op, 637210446.00 ns, 311.1379 us/op
WorkloadResult  43: 2048 op, 639434761.00 ns, 312.2240 us/op
WorkloadResult  44: 2048 op, 638911129.00 ns, 311.9683 us/op
WorkloadResult  45: 2048 op, 638563506.00 ns, 311.7986 us/op
WorkloadResult  46: 2048 op, 646943766.00 ns, 315.8905 us/op
WorkloadResult  47: 2048 op, 647199783.00 ns, 316.0155 us/op
// GC:  783 0 0 4915200000 2048
// Threading:  0 0 2048

// AfterAll
// Benchmark Process 138758 has exited with code 0.

Mean = 322.164 μs, StdErr = 1.825 μs (0.57%), N = 47, StdDev = 12.508 μs
Min = 310.693 μs, Q1 = 313.089 μs, Median = 315.671 μs, Q3 = 334.745 μs, Max = 346.737 μs
IQR = 21.656 μs, LowerFence = 280.605 μs, UpperFence = 367.229 μs
ConfidenceInterval = [315.751 μs; 328.577 μs] (CI 99.9%), Margin = 6.413 μs (1.99% of Mean)
Skewness = 0.88, Kurtosis = 1.99, MValue = 2.56

// ** Remained 0 (0.0 %) benchmark(s) to run. Estimated finish 2026-08-31 19:12 (0h 0m from now) **
// ***** BenchmarkRunner: Finish  *****

// * Export *
  BenchmarkDotNet.Artifacts/results/DictionaryBenchmark-report.csv
  BenchmarkDotNet.Artifacts/results/DictionaryBenchmark-report-github.md
  BenchmarkDotNet.Artifacts/results/DictionaryBenchmark-report.html

// * Detailed results *
DictionaryBenchmark.Dictionary_Get: DefaultJob [Count=100000]
Runtime = .NET 10.0.11 (10.0.11, 42.42.42.42424), X64 RyuJIT x86-64-v3; GC = Concurrent Workstation
Mean = 157.915 μs, StdErr = 0.918 μs (0.58%), N = 71, StdDev = 7.731 μs
Min = 150.617 μs, Q1 = 150.990 μs, Median = 154.555 μs, Q3 = 165.060 μs, Max = 170.387 μs
IQR = 14.070 μs, LowerFence = 129.885 μs, UpperFence = 186.165 μs
ConfidenceInterval = [154.763 μs; 161.067 μs] (CI 99.9%), Margin = 3.152 μs (2.00% of Mean)
Skewness = 0.56, Kurtosis = 1.62, MValue = 2.65
-------------------- Histogram --------------------
[150.560 μs ; 155.461 μs) | @@@@@@@@@@@@@@@@@@@@@@@@@@@@@@@@@@@@@
[155.461 μs ; 159.305 μs) | @@@@@@
[159.305 μs ; 165.818 μs) | @@@@@@@@@@
[165.818 μs ; 170.720 μs) | @@@@@@@@@@@@@@@@@@
---------------------------------------------------

DictionaryBenchmark.UnsafeDictionary_Get: DefaultJob [Count=100000]
Runtime = .NET 10.0.11 (10.0.11, 42.42.42.42424), X64 RyuJIT x86-64-v3; GC = Concurrent Workstation
Mean = 322.164 μs, StdErr = 1.825 μs (0.57%), N = 47, StdDev = 12.508 μs
Min = 310.693 μs, Q1 = 313.089 μs, Median = 315.671 μs, Q3 = 334.745 μs, Max = 346.737 μs
IQR = 21.656 μs, LowerFence = 280.605 μs, UpperFence = 367.229 μs
ConfidenceInterval = [315.751 μs; 328.577 μs] (CI 99.9%), Margin = 6.413 μs (1.99% of Mean)
Skewness = 0.88, Kurtosis = 1.99, MValue = 2.56
-------------------- Histogram --------------------
[310.548 μs ; 324.502 μs) | @@@@@@@@@@@@@@@@@@@@@@@@@@@@@@@@
[324.502 μs ; 333.601 μs) | @@@
[333.601 μs ; 351.286 μs) | @@@@@@@@@@@@
---------------------------------------------------

// * Summary *

BenchmarkDotNet v0.15.8, Linux Arch Linux
12th Gen Intel Core i5-1235U 0.40GHz, 1 CPU, 12 logical and 10 physical cores
.NET SDK 10.0.111
  [Host]     : .NET 10.0.11 (10.0.11, 42.42.42.42424), X64 RyuJIT x86-64-v3
  DefaultJob : .NET 10.0.11 (10.0.11, 42.42.42.42424), X64 RyuJIT x86-64-v3


| Method               | Count  | Mean     | Error   | StdDev   | Median   | Gen0     | Allocated |
|--------------------- |------- |---------:|--------:|---------:|---------:|---------:|----------:|
| Dictionary_Get       | 100000 | 157.9 μs | 3.15 μs |  7.73 μs | 154.6 μs |        - |         - |
| UnsafeDictionary_Get | 100000 | 322.2 μs | 6.41 μs | 12.51 μs | 315.7 μs | 382.3242 | 2400000 B |

// * Legends *
  Count     : Value of the 'Count' parameter
  Mean      : Arithmetic mean of all measurements
  Error     : Half of 99.9% confidence interval
  StdDev    : Standard deviation of all measurements
  Median    : Value separating the higher half of all measurements (50th percentile)
  Gen0      : GC Generation 0 collects per 1000 operations
  Allocated : Allocated memory per single operation (managed only, inclusive, 1KB = 1024B)
  1 μs      : 1 Microsecond (0.000001 sec)

// * Diagnostic Output - MemoryDiagnoser *


// ***** BenchmarkRunner: End *****
Run time: 00:01:32 (92.18 sec), executed benchmarks: 2

Global total time: 00:01:38 (98.1 sec), executed benchmarks: 2
// * Artifacts cleanup *
Artifacts cleanup is finished
