// Validating benchmarks:
// ***** BenchmarkRunner: Start   *****
// ***** Found 3 benchmark(s) in total *****
// ***** Building 1 exe(s) in Parallel: Start   *****
// start dotnet  restore --nodeReuse:false /p:UseSharedCompilation=false /p:Deterministic=true /p:Optimize=true /p:ArtifactsPath="/home/zynres/Projects/sweet-log/libraries/sweetlib-collections/src/SweetLib.Benchmarks/bin/Release/net10.0/SweetLib.Benchmarks-Job-CNUJVU-1/" /p:OutDir="/home/zynres/Projects/sweet-log/libraries/sweetlib-collections/src/SweetLib.Benchmarks/bin/Release/net10.0/SweetLib.Benchmarks-Job-CNUJVU-1/bin/Release/net10.0/" /p:OutputPath="/home/zynres/Projects/sweet-log/libraries/sweetlib-collections/src/SweetLib.Benchmarks/bin/Release/net10.0/SweetLib.Benchmarks-Job-CNUJVU-1/bin/Release/net10.0/" /p:PublishDir="/home/zynres/Projects/sweet-log/libraries/sweetlib-collections/src/SweetLib.Benchmarks/bin/Release/net10.0/SweetLib.Benchmarks-Job-CNUJVU-1/publish/" in /home/zynres/Projects/sweet-log/libraries/sweetlib-collections/src/SweetLib.Benchmarks/bin/Release/net10.0/SweetLib.Benchmarks-Job-CNUJVU-1
// command took 3.17 sec and exited with 0
// start dotnet  build -c Release --no-restore --nodeReuse:false /p:UseSharedCompilation=false /p:Deterministic=true /p:Optimize=true /p:ArtifactsPath="/home/zynres/Projects/sweet-log/libraries/sweetlib-collections/src/SweetLib.Benchmarks/bin/Release/net10.0/SweetLib.Benchmarks-Job-CNUJVU-1/" /p:OutDir="/home/zynres/Projects/sweet-log/libraries/sweetlib-collections/src/SweetLib.Benchmarks/bin/Release/net10.0/SweetLib.Benchmarks-Job-CNUJVU-1/bin/Release/net10.0/" /p:OutputPath="/home/zynres/Projects/sweet-log/libraries/sweetlib-collections/src/SweetLib.Benchmarks/bin/Release/net10.0/SweetLib.Benchmarks-Job-CNUJVU-1/bin/Release/net10.0/" /p:PublishDir="/home/zynres/Projects/sweet-log/libraries/sweetlib-collections/src/SweetLib.Benchmarks/bin/Release/net10.0/SweetLib.Benchmarks-Job-CNUJVU-1/publish/" --output "/home/zynres/Projects/sweet-log/libraries/sweetlib-collections/src/SweetLib.Benchmarks/bin/Release/net10.0/SweetLib.Benchmarks-Job-CNUJVU-1/bin/Release/net10.0/" in /home/zynres/Projects/sweet-log/libraries/sweetlib-collections/src/SweetLib.Benchmarks/bin/Release/net10.0/SweetLib.Benchmarks-Job-CNUJVU-1
// command took 6.98 sec and exited with 0
// ***** Done, took 00:00:10 (10.19 sec)   *****
// Found 3 benchmarks:
//   MpscLockBenchmark.UnsafeLockQueue_MPSC: Job-CNUJVU(InvocationCount=1, UnrollFactor=1) [ProducerCount=1, ItemsPerProducer=100000]
//   MpscLockBenchmark.UnsafeLockQueue_MPSC: Job-CNUJVU(InvocationCount=1, UnrollFactor=1) [ProducerCount=4, ItemsPerProducer=100000]
//   MpscLockBenchmark.UnsafeLockQueue_MPSC: Job-CNUJVU(InvocationCount=1, UnrollFactor=1) [ProducerCount=8, ItemsPerProducer=100000]

// **************************
// Benchmark: MpscLockBenchmark.UnsafeLockQueue_MPSC: Job-CNUJVU(InvocationCount=1, UnrollFactor=1) [ProducerCount=1, ItemsPerProducer=100000]
// *** Execute ***
// Launch: 1 / 1
// Execute: dotnet SweetLib.Benchmarks-Job-CNUJVU-1.dll --anonymousPipes 122 123 --benchmarkName "MpscLockBenchmark.UnsafeLockQueue_MPSC(ProducerCount: 1, ItemsPerProducer: 100000)" --job "InvocationCount=1, UnrollFactor=1" --benchmarkId 0 in /home/zynres/Projects/sweet-log/libraries/sweetlib-collections/src/SweetLib.Benchmarks/bin/Release/net10.0/SweetLib.Benchmarks-Job-CNUJVU-1/bin/Release/net10.0
// Failed to set up high priority (Permission denied). In order to run benchmarks with high priority, make sure you have the right permissions.
// BeforeAnythingElse

// Benchmark Process Environment Information:
// BenchmarkDotNet v0.15.8
// Runtime=.NET 10.0.11 (10.0.11, 42.42.42.42424), X64 RyuJIT x86-64-v3
// GC=Concurrent Workstation
// HardwareIntrinsics=AVX2+BMI1+BMI2+F16C+FMA+LZCNT+MOVBE,AVX,SSE3+SSSE3+SSE4.1+SSE4.2+POPCNT,X86Base+SSE+SSE2,AES+PCLMUL,AvxVnni,SERIALIZE VectorSize=256
// Job: Job-CNUJVU(InvocationCount=1, UnrollFactor=1)

OverheadJitting  1: 1 op, 126747.00 ns, 126.7470 us/op
WorkloadJitting  1: 1 op, 7283649.00 ns, 7.2836 ms/op

OverheadWarmup   1: 1 op, 491.00 ns, 491.0000 ns/op
OverheadWarmup   2: 1 op, 38.00 ns, 38.0000 ns/op
OverheadWarmup   3: 1 op, 45.00 ns, 45.0000 ns/op
OverheadWarmup   4: 1 op, 39.00 ns, 39.0000 ns/op
OverheadWarmup   5: 1 op, 77.00 ns, 77.0000 ns/op
OverheadWarmup   6: 1 op, 79.00 ns, 79.0000 ns/op
OverheadWarmup   7: 1 op, 115.00 ns, 115.0000 ns/op
OverheadWarmup   8: 1 op, 37.00 ns, 37.0000 ns/op

OverheadActual   1: 1 op, 154.00 ns, 154.0000 ns/op
OverheadActual   2: 1 op, 157.00 ns, 157.0000 ns/op
OverheadActual   3: 1 op, 112.00 ns, 112.0000 ns/op
OverheadActual   4: 1 op, 118.00 ns, 118.0000 ns/op
OverheadActual   5: 1 op, 142.00 ns, 142.0000 ns/op
OverheadActual   6: 1 op, 50.00 ns, 50.0000 ns/op
OverheadActual   7: 1 op, 44.00 ns, 44.0000 ns/op
OverheadActual   8: 1 op, 38.00 ns, 38.0000 ns/op
OverheadActual   9: 1 op, 27.00 ns, 27.0000 ns/op
OverheadActual  10: 1 op, 49.00 ns, 49.0000 ns/op
OverheadActual  11: 1 op, 26.00 ns, 26.0000 ns/op
OverheadActual  12: 1 op, 48.00 ns, 48.0000 ns/op
OverheadActual  13: 1 op, 30.00 ns, 30.0000 ns/op
OverheadActual  14: 1 op, 64.00 ns, 64.0000 ns/op
OverheadActual  15: 1 op, 26.00 ns, 26.0000 ns/op
OverheadActual  16: 1 op, 43.00 ns, 43.0000 ns/op
OverheadActual  17: 1 op, 25.00 ns, 25.0000 ns/op
OverheadActual  18: 1 op, 153.00 ns, 153.0000 ns/op
OverheadActual  19: 1 op, 108.00 ns, 108.0000 ns/op
OverheadActual  20: 1 op, 41.00 ns, 41.0000 ns/op

WorkloadWarmup   1: 1 op, 14528006.00 ns, 14.5280 ms/op
WorkloadWarmup   2: 1 op, 11930621.00 ns, 11.9306 ms/op
WorkloadWarmup   3: 1 op, 13099096.00 ns, 13.0991 ms/op
WorkloadWarmup   4: 1 op, 6549979.00 ns, 6.5500 ms/op
WorkloadWarmup   5: 1 op, 6237584.00 ns, 6.2376 ms/op
WorkloadWarmup   6: 1 op, 6511473.00 ns, 6.5115 ms/op
WorkloadWarmup   7: 1 op, 8319901.00 ns, 8.3199 ms/op
WorkloadWarmup   8: 1 op, 7626445.00 ns, 7.6264 ms/op

// BeforeActualRun
WorkloadActual   1: 1 op, 6989741.00 ns, 6.9897 ms/op
WorkloadActual   2: 1 op, 7481904.00 ns, 7.4819 ms/op
WorkloadActual   3: 1 op, 7579483.00 ns, 7.5795 ms/op
WorkloadActual   4: 1 op, 7645002.00 ns, 7.6450 ms/op
WorkloadActual   5: 1 op, 6178278.00 ns, 6.1783 ms/op
WorkloadActual   6: 1 op, 7224083.00 ns, 7.2241 ms/op
WorkloadActual   7: 1 op, 7192334.00 ns, 7.1923 ms/op
WorkloadActual   8: 1 op, 7298118.00 ns, 7.2981 ms/op
WorkloadActual   9: 1 op, 6384636.00 ns, 6.3846 ms/op
WorkloadActual  10: 1 op, 8369151.00 ns, 8.3692 ms/op
WorkloadActual  11: 1 op, 9878820.00 ns, 9.8788 ms/op
WorkloadActual  12: 1 op, 6538494.00 ns, 6.5385 ms/op
WorkloadActual  13: 1 op, 6488502.00 ns, 6.4885 ms/op
WorkloadActual  14: 1 op, 6407319.00 ns, 6.4073 ms/op
WorkloadActual  15: 1 op, 7065636.00 ns, 7.0656 ms/op
WorkloadActual  16: 1 op, 5293249.00 ns, 5.2932 ms/op
WorkloadActual  17: 1 op, 8101573.00 ns, 8.1016 ms/op
WorkloadActual  18: 1 op, 9922320.00 ns, 9.9223 ms/op
WorkloadActual  19: 1 op, 9004292.00 ns, 9.0043 ms/op
WorkloadActual  20: 1 op, 6523676.00 ns, 6.5237 ms/op
WorkloadActual  21: 1 op, 8535836.00 ns, 8.5358 ms/op
WorkloadActual  22: 1 op, 9524308.00 ns, 9.5243 ms/op
WorkloadActual  23: 1 op, 10944290.00 ns, 10.9443 ms/op
WorkloadActual  24: 1 op, 9133487.00 ns, 9.1335 ms/op
WorkloadActual  25: 1 op, 8776763.00 ns, 8.7768 ms/op
WorkloadActual  26: 1 op, 9793450.00 ns, 9.7935 ms/op
WorkloadActual  27: 1 op, 8221292.00 ns, 8.2213 ms/op
WorkloadActual  28: 1 op, 5539565.00 ns, 5.5396 ms/op
WorkloadActual  29: 1 op, 5871778.00 ns, 5.8718 ms/op
WorkloadActual  30: 1 op, 5643906.00 ns, 5.6439 ms/op
WorkloadActual  31: 1 op, 6549212.00 ns, 6.5492 ms/op
WorkloadActual  32: 1 op, 7594546.00 ns, 7.5945 ms/op
WorkloadActual  33: 1 op, 10051049.00 ns, 10.0510 ms/op
WorkloadActual  34: 1 op, 5836004.00 ns, 5.8360 ms/op
WorkloadActual  35: 1 op, 5637614.00 ns, 5.6376 ms/op
WorkloadActual  36: 1 op, 8147784.00 ns, 8.1478 ms/op
WorkloadActual  37: 1 op, 6259574.00 ns, 6.2596 ms/op
WorkloadActual  38: 1 op, 9375665.00 ns, 9.3757 ms/op
WorkloadActual  39: 1 op, 7106380.00 ns, 7.1064 ms/op
WorkloadActual  40: 1 op, 5774920.00 ns, 5.7749 ms/op
WorkloadActual  41: 1 op, 5163291.00 ns, 5.1633 ms/op
WorkloadActual  42: 1 op, 8151575.00 ns, 8.1516 ms/op
WorkloadActual  43: 1 op, 8814111.00 ns, 8.8141 ms/op
WorkloadActual  44: 1 op, 6803944.00 ns, 6.8039 ms/op
WorkloadActual  45: 1 op, 6018775.00 ns, 6.0188 ms/op
WorkloadActual  46: 1 op, 6134625.00 ns, 6.1346 ms/op
WorkloadActual  47: 1 op, 5803209.00 ns, 5.8032 ms/op
WorkloadActual  48: 1 op, 6139868.00 ns, 6.1399 ms/op
WorkloadActual  49: 1 op, 5467869.00 ns, 5.4679 ms/op
WorkloadActual  50: 1 op, 9197811.00 ns, 9.1978 ms/op
WorkloadActual  51: 1 op, 6371837.00 ns, 6.3718 ms/op
WorkloadActual  52: 1 op, 6001366.00 ns, 6.0014 ms/op
WorkloadActual  53: 1 op, 5792248.00 ns, 5.7922 ms/op
WorkloadActual  54: 1 op, 5868102.00 ns, 5.8681 ms/op
WorkloadActual  55: 1 op, 5665379.00 ns, 5.6654 ms/op
WorkloadActual  56: 1 op, 11016419.00 ns, 11.0164 ms/op
WorkloadActual  57: 1 op, 5251071.00 ns, 5.2511 ms/op
WorkloadActual  58: 1 op, 6722006.00 ns, 6.7220 ms/op
WorkloadActual  59: 1 op, 7422849.00 ns, 7.4228 ms/op
WorkloadActual  60: 1 op, 6355908.00 ns, 6.3559 ms/op
WorkloadActual  61: 1 op, 6317079.00 ns, 6.3171 ms/op
WorkloadActual  62: 1 op, 15361398.00 ns, 15.3614 ms/op
WorkloadActual  63: 1 op, 5416306.00 ns, 5.4163 ms/op
WorkloadActual  64: 1 op, 6448451.00 ns, 6.4485 ms/op
WorkloadActual  65: 1 op, 8335298.00 ns, 8.3353 ms/op
WorkloadActual  66: 1 op, 5758869.00 ns, 5.7589 ms/op
WorkloadActual  67: 1 op, 6587870.00 ns, 6.5879 ms/op
WorkloadActual  68: 1 op, 6516036.00 ns, 6.5160 ms/op
WorkloadActual  69: 1 op, 6251937.00 ns, 6.2519 ms/op
WorkloadActual  70: 1 op, 6372314.00 ns, 6.3723 ms/op
WorkloadActual  71: 1 op, 9404011.00 ns, 9.4040 ms/op
WorkloadActual  72: 1 op, 6524353.00 ns, 6.5244 ms/op
WorkloadActual  73: 1 op, 6278086.00 ns, 6.2781 ms/op
WorkloadActual  74: 1 op, 5538518.00 ns, 5.5385 ms/op
WorkloadActual  75: 1 op, 6239313.00 ns, 6.2393 ms/op
WorkloadActual  76: 1 op, 10927239.00 ns, 10.9272 ms/op
WorkloadActual  77: 1 op, 5798292.00 ns, 5.7983 ms/op
WorkloadActual  78: 1 op, 9163238.00 ns, 9.1632 ms/op
WorkloadActual  79: 1 op, 6063023.00 ns, 6.0630 ms/op
WorkloadActual  80: 1 op, 6028913.00 ns, 6.0289 ms/op
WorkloadActual  81: 1 op, 6127467.00 ns, 6.1275 ms/op
WorkloadActual  82: 1 op, 6316832.00 ns, 6.3168 ms/op
WorkloadActual  83: 1 op, 5897951.00 ns, 5.8980 ms/op
WorkloadActual  84: 1 op, 6500408.00 ns, 6.5004 ms/op
WorkloadActual  85: 1 op, 9658709.00 ns, 9.6587 ms/op
WorkloadActual  86: 1 op, 6437975.00 ns, 6.4380 ms/op
WorkloadActual  87: 1 op, 6616951.00 ns, 6.6170 ms/op
WorkloadActual  88: 1 op, 6348230.00 ns, 6.3482 ms/op
WorkloadActual  89: 1 op, 5492761.00 ns, 5.4928 ms/op
WorkloadActual  90: 1 op, 5904461.00 ns, 5.9045 ms/op
WorkloadActual  91: 1 op, 9901987.00 ns, 9.9020 ms/op
WorkloadActual  92: 1 op, 5889807.00 ns, 5.8898 ms/op
WorkloadActual  93: 1 op, 9207774.00 ns, 9.2078 ms/op
WorkloadActual  94: 1 op, 7196686.00 ns, 7.1967 ms/op
WorkloadActual  95: 1 op, 7983411.00 ns, 7.9834 ms/op
WorkloadActual  96: 1 op, 6410058.00 ns, 6.4101 ms/op
WorkloadActual  97: 1 op, 8201081.00 ns, 8.2011 ms/op
WorkloadActual  98: 1 op, 9144201.00 ns, 9.1442 ms/op
WorkloadActual  99: 1 op, 6421357.00 ns, 6.4214 ms/op
WorkloadActual  100: 1 op, 8970909.00 ns, 8.9709 ms/op

// AfterActualRun
WorkloadResult   1: 1 op, 6989692.50 ns, 6.9897 ms/op
WorkloadResult   2: 1 op, 7481855.50 ns, 7.4819 ms/op
WorkloadResult   3: 1 op, 7579434.50 ns, 7.5794 ms/op
WorkloadResult   4: 1 op, 7644953.50 ns, 7.6450 ms/op
WorkloadResult   5: 1 op, 6178229.50 ns, 6.1782 ms/op
WorkloadResult   6: 1 op, 7224034.50 ns, 7.2240 ms/op
WorkloadResult   7: 1 op, 7192285.50 ns, 7.1923 ms/op
WorkloadResult   8: 1 op, 7298069.50 ns, 7.2981 ms/op
WorkloadResult   9: 1 op, 6384587.50 ns, 6.3846 ms/op
WorkloadResult  10: 1 op, 8369102.50 ns, 8.3691 ms/op
WorkloadResult  11: 1 op, 9878771.50 ns, 9.8788 ms/op
WorkloadResult  12: 1 op, 6538445.50 ns, 6.5384 ms/op
WorkloadResult  13: 1 op, 6488453.50 ns, 6.4885 ms/op
WorkloadResult  14: 1 op, 6407270.50 ns, 6.4073 ms/op
WorkloadResult  15: 1 op, 7065587.50 ns, 7.0656 ms/op
WorkloadResult  16: 1 op, 5293200.50 ns, 5.2932 ms/op
WorkloadResult  17: 1 op, 8101524.50 ns, 8.1015 ms/op
WorkloadResult  18: 1 op, 9922271.50 ns, 9.9223 ms/op
WorkloadResult  19: 1 op, 9004243.50 ns, 9.0042 ms/op
WorkloadResult  20: 1 op, 6523627.50 ns, 6.5236 ms/op
WorkloadResult  21: 1 op, 8535787.50 ns, 8.5358 ms/op
WorkloadResult  22: 1 op, 9524259.50 ns, 9.5243 ms/op
WorkloadResult  23: 1 op, 10944241.50 ns, 10.9442 ms/op
WorkloadResult  24: 1 op, 9133438.50 ns, 9.1334 ms/op
WorkloadResult  25: 1 op, 8776714.50 ns, 8.7767 ms/op
WorkloadResult  26: 1 op, 9793401.50 ns, 9.7934 ms/op
WorkloadResult  27: 1 op, 8221243.50 ns, 8.2212 ms/op
WorkloadResult  28: 1 op, 5539516.50 ns, 5.5395 ms/op
WorkloadResult  29: 1 op, 5871729.50 ns, 5.8717 ms/op
WorkloadResult  30: 1 op, 5643857.50 ns, 5.6439 ms/op
WorkloadResult  31: 1 op, 6549163.50 ns, 6.5492 ms/op
WorkloadResult  32: 1 op, 7594497.50 ns, 7.5945 ms/op
WorkloadResult  33: 1 op, 10051000.50 ns, 10.0510 ms/op
WorkloadResult  34: 1 op, 5835955.50 ns, 5.8360 ms/op
WorkloadResult  35: 1 op, 5637565.50 ns, 5.6376 ms/op
WorkloadResult  36: 1 op, 8147735.50 ns, 8.1477 ms/op
WorkloadResult  37: 1 op, 6259525.50 ns, 6.2595 ms/op
WorkloadResult  38: 1 op, 9375616.50 ns, 9.3756 ms/op
WorkloadResult  39: 1 op, 7106331.50 ns, 7.1063 ms/op
WorkloadResult  40: 1 op, 5774871.50 ns, 5.7749 ms/op
WorkloadResult  41: 1 op, 5163242.50 ns, 5.1632 ms/op
WorkloadResult  42: 1 op, 8151526.50 ns, 8.1515 ms/op
WorkloadResult  43: 1 op, 8814062.50 ns, 8.8141 ms/op
WorkloadResult  44: 1 op, 6803895.50 ns, 6.8039 ms/op
WorkloadResult  45: 1 op, 6018726.50 ns, 6.0187 ms/op
WorkloadResult  46: 1 op, 6134576.50 ns, 6.1346 ms/op
WorkloadResult  47: 1 op, 5803160.50 ns, 5.8032 ms/op
WorkloadResult  48: 1 op, 6139819.50 ns, 6.1398 ms/op
WorkloadResult  49: 1 op, 5467820.50 ns, 5.4678 ms/op
WorkloadResult  50: 1 op, 9197762.50 ns, 9.1978 ms/op
WorkloadResult  51: 1 op, 6371788.50 ns, 6.3718 ms/op
WorkloadResult  52: 1 op, 6001317.50 ns, 6.0013 ms/op
WorkloadResult  53: 1 op, 5792199.50 ns, 5.7922 ms/op
WorkloadResult  54: 1 op, 5868053.50 ns, 5.8681 ms/op
WorkloadResult  55: 1 op, 5665330.50 ns, 5.6653 ms/op
WorkloadResult  56: 1 op, 11016370.50 ns, 11.0164 ms/op
WorkloadResult  57: 1 op, 5251022.50 ns, 5.2510 ms/op
WorkloadResult  58: 1 op, 6721957.50 ns, 6.7220 ms/op
WorkloadResult  59: 1 op, 7422800.50 ns, 7.4228 ms/op
WorkloadResult  60: 1 op, 6355859.50 ns, 6.3559 ms/op
WorkloadResult  61: 1 op, 6317030.50 ns, 6.3170 ms/op
WorkloadResult  62: 1 op, 5416257.50 ns, 5.4163 ms/op
WorkloadResult  63: 1 op, 6448402.50 ns, 6.4484 ms/op
WorkloadResult  64: 1 op, 8335249.50 ns, 8.3352 ms/op
WorkloadResult  65: 1 op, 5758820.50 ns, 5.7588 ms/op
WorkloadResult  66: 1 op, 6587821.50 ns, 6.5878 ms/op
WorkloadResult  67: 1 op, 6515987.50 ns, 6.5160 ms/op
WorkloadResult  68: 1 op, 6251888.50 ns, 6.2519 ms/op
WorkloadResult  69: 1 op, 6372265.50 ns, 6.3723 ms/op
WorkloadResult  70: 1 op, 9403962.50 ns, 9.4040 ms/op
WorkloadResult  71: 1 op, 6524304.50 ns, 6.5243 ms/op
WorkloadResult  72: 1 op, 6278037.50 ns, 6.2780 ms/op
WorkloadResult  73: 1 op, 5538469.50 ns, 5.5385 ms/op
WorkloadResult  74: 1 op, 6239264.50 ns, 6.2393 ms/op
WorkloadResult  75: 1 op, 10927190.50 ns, 10.9272 ms/op
WorkloadResult  76: 1 op, 5798243.50 ns, 5.7982 ms/op
WorkloadResult  77: 1 op, 9163189.50 ns, 9.1632 ms/op
WorkloadResult  78: 1 op, 6062974.50 ns, 6.0630 ms/op
WorkloadResult  79: 1 op, 6028864.50 ns, 6.0289 ms/op
WorkloadResult  80: 1 op, 6127418.50 ns, 6.1274 ms/op
WorkloadResult  81: 1 op, 6316783.50 ns, 6.3168 ms/op
WorkloadResult  82: 1 op, 5897902.50 ns, 5.8979 ms/op
WorkloadResult  83: 1 op, 6500359.50 ns, 6.5004 ms/op
WorkloadResult  84: 1 op, 9658660.50 ns, 9.6587 ms/op
WorkloadResult  85: 1 op, 6437926.50 ns, 6.4379 ms/op
WorkloadResult  86: 1 op, 6616902.50 ns, 6.6169 ms/op
WorkloadResult  87: 1 op, 6348181.50 ns, 6.3482 ms/op
WorkloadResult  88: 1 op, 5492712.50 ns, 5.4927 ms/op
WorkloadResult  89: 1 op, 5904412.50 ns, 5.9044 ms/op
WorkloadResult  90: 1 op, 9901938.50 ns, 9.9019 ms/op
WorkloadResult  91: 1 op, 5889758.50 ns, 5.8898 ms/op
WorkloadResult  92: 1 op, 9207725.50 ns, 9.2077 ms/op
WorkloadResult  93: 1 op, 7196637.50 ns, 7.1966 ms/op
WorkloadResult  94: 1 op, 7983362.50 ns, 7.9834 ms/op
WorkloadResult  95: 1 op, 6410009.50 ns, 6.4100 ms/op
WorkloadResult  96: 1 op, 8201032.50 ns, 8.2010 ms/op
WorkloadResult  97: 1 op, 9144152.50 ns, 9.1442 ms/op
WorkloadResult  98: 1 op, 6421308.50 ns, 6.4213 ms/op
WorkloadResult  99: 1 op, 8970860.50 ns, 8.9709 ms/op
// GC:  0 0 0 664 1
// Threading:  0 1 1

// AfterAll
// Benchmark Process 187210 has exited with code 0.

Mean = 7.178 ms, StdErr = 0.151 ms (2.10%), N = 99, StdDev = 1.503 ms
Min = 5.163 ms, Q1 = 6.046 ms, Median = 6.524 ms, Q3 = 8.211 ms, Max = 11.016 ms
IQR = 2.165 ms, LowerFence = 2.798 ms, UpperFence = 11.459 ms
ConfidenceInterval = [6.666 ms; 7.691 ms] (CI 99.9%), Margin = 0.512 ms (7.14% of Mean)
Skewness = 0.83, Kurtosis = 2.56, MValue = 2.79

// ** Remained 2 (66.7 %) benchmark(s) to run. Estimated finish 2026-08-31 20:53 (0h 0m from now) **
// **************************
// Benchmark: MpscLockBenchmark.UnsafeLockQueue_MPSC: Job-CNUJVU(InvocationCount=1, UnrollFactor=1) [ProducerCount=4, ItemsPerProducer=100000]
// *** Execute ***
// Launch: 1 / 1
// Execute: dotnet SweetLib.Benchmarks-Job-CNUJVU-1.dll --anonymousPipes 122 123 --benchmarkName "MpscLockBenchmark.UnsafeLockQueue_MPSC(ProducerCount: 4, ItemsPerProducer: 100000)" --job "InvocationCount=1, UnrollFactor=1" --benchmarkId 1 in /home/zynres/Projects/sweet-log/libraries/sweetlib-collections/src/SweetLib.Benchmarks/bin/Release/net10.0/SweetLib.Benchmarks-Job-CNUJVU-1/bin/Release/net10.0
// Failed to set up high priority (Permission denied). In order to run benchmarks with high priority, make sure you have the right permissions.
// BeforeAnythingElse

// Benchmark Process Environment Information:
// BenchmarkDotNet v0.15.8
// Runtime=.NET 10.0.11 (10.0.11, 42.42.42.42424), X64 RyuJIT x86-64-v3
// GC=Concurrent Workstation
// HardwareIntrinsics=AVX2+BMI1+BMI2+F16C+FMA+LZCNT+MOVBE,AVX,SSE3+SSSE3+SSE4.1+SSE4.2+POPCNT,X86Base+SSE+SSE2,AES+PCLMUL,AvxVnni,SERIALIZE VectorSize=256
// Job: Job-CNUJVU(InvocationCount=1, UnrollFactor=1)

OverheadJitting  1: 1 op, 134740.00 ns, 134.7400 us/op
WorkloadJitting  1: 1 op, 86097638.00 ns, 86.0976 ms/op

OverheadWarmup   1: 1 op, 915.00 ns, 915.0000 ns/op
OverheadWarmup   2: 1 op, 348.00 ns, 348.0000 ns/op
OverheadWarmup   3: 1 op, 38.00 ns, 38.0000 ns/op
OverheadWarmup   4: 1 op, 36.00 ns, 36.0000 ns/op
OverheadWarmup   5: 1 op, 114.00 ns, 114.0000 ns/op
OverheadWarmup   6: 1 op, 355.00 ns, 355.0000 ns/op
OverheadWarmup   7: 1 op, 132.00 ns, 132.0000 ns/op
OverheadWarmup   8: 1 op, 122.00 ns, 122.0000 ns/op
OverheadWarmup   9: 1 op, 127.00 ns, 127.0000 ns/op
OverheadWarmup  10: 1 op, 153.00 ns, 153.0000 ns/op

OverheadActual   1: 1 op, 203.00 ns, 203.0000 ns/op
OverheadActual   2: 1 op, 212.00 ns, 212.0000 ns/op
OverheadActual   3: 1 op, 170.00 ns, 170.0000 ns/op
OverheadActual   4: 1 op, 72.00 ns, 72.0000 ns/op
OverheadActual   5: 1 op, 144.00 ns, 144.0000 ns/op
OverheadActual   6: 1 op, 31.00 ns, 31.0000 ns/op
OverheadActual   7: 1 op, 40.00 ns, 40.0000 ns/op
OverheadActual   8: 1 op, 287.00 ns, 287.0000 ns/op
OverheadActual   9: 1 op, 370.00 ns, 370.0000 ns/op
OverheadActual  10: 1 op, 203.00 ns, 203.0000 ns/op
OverheadActual  11: 1 op, 112.00 ns, 112.0000 ns/op
OverheadActual  12: 1 op, 119.00 ns, 119.0000 ns/op
OverheadActual  13: 1 op, 165.00 ns, 165.0000 ns/op
OverheadActual  14: 1 op, 156.00 ns, 156.0000 ns/op
OverheadActual  15: 1 op, 161.00 ns, 161.0000 ns/op
OverheadActual  16: 1 op, 155.00 ns, 155.0000 ns/op
OverheadActual  17: 1 op, 155.00 ns, 155.0000 ns/op
OverheadActual  18: 1 op, 184.00 ns, 184.0000 ns/op
OverheadActual  19: 1 op, 166.00 ns, 166.0000 ns/op
OverheadActual  20: 1 op, 145.00 ns, 145.0000 ns/op

WorkloadWarmup   1: 1 op, 87138037.00 ns, 87.1380 ms/op
WorkloadWarmup   2: 1 op, 82417297.00 ns, 82.4173 ms/op
WorkloadWarmup   3: 1 op, 75419496.00 ns, 75.4195 ms/op
WorkloadWarmup   4: 1 op, 67597613.00 ns, 67.5976 ms/op
WorkloadWarmup   5: 1 op, 73327753.00 ns, 73.3278 ms/op
WorkloadWarmup   6: 1 op, 72925876.00 ns, 72.9259 ms/op
WorkloadWarmup   7: 1 op, 75948276.00 ns, 75.9483 ms/op
WorkloadWarmup   8: 1 op, 70766427.00 ns, 70.7664 ms/op

// BeforeActualRun
WorkloadActual   1: 1 op, 65567790.00 ns, 65.5678 ms/op
WorkloadActual   2: 1 op, 69808979.00 ns, 69.8090 ms/op
WorkloadActual   3: 1 op, 74180266.00 ns, 74.1803 ms/op
WorkloadActual   4: 1 op, 80659963.00 ns, 80.6600 ms/op
WorkloadActual   5: 1 op, 79735509.00 ns, 79.7355 ms/op
WorkloadActual   6: 1 op, 68038590.00 ns, 68.0386 ms/op
WorkloadActual   7: 1 op, 72419271.00 ns, 72.4193 ms/op
WorkloadActual   8: 1 op, 73546445.00 ns, 73.5464 ms/op
WorkloadActual   9: 1 op, 84636688.00 ns, 84.6367 ms/op
WorkloadActual  10: 1 op, 67068166.00 ns, 67.0682 ms/op
WorkloadActual  11: 1 op, 68815035.00 ns, 68.8150 ms/op
WorkloadActual  12: 1 op, 57278644.00 ns, 57.2786 ms/op
WorkloadActual  13: 1 op, 71391201.00 ns, 71.3912 ms/op
WorkloadActual  14: 1 op, 70387754.00 ns, 70.3878 ms/op
WorkloadActual  15: 1 op, 72969031.00 ns, 72.9690 ms/op
WorkloadActual  16: 1 op, 59969616.00 ns, 59.9696 ms/op
WorkloadActual  17: 1 op, 68547917.00 ns, 68.5479 ms/op
WorkloadActual  18: 1 op, 72064936.00 ns, 72.0649 ms/op
WorkloadActual  19: 1 op, 74159078.00 ns, 74.1591 ms/op
WorkloadActual  20: 1 op, 66397856.00 ns, 66.3979 ms/op
WorkloadActual  21: 1 op, 70273092.00 ns, 70.2731 ms/op
WorkloadActual  22: 1 op, 77292817.00 ns, 77.2928 ms/op
WorkloadActual  23: 1 op, 74775978.00 ns, 74.7760 ms/op
WorkloadActual  24: 1 op, 90059692.00 ns, 90.0597 ms/op
WorkloadActual  25: 1 op, 77549410.00 ns, 77.5494 ms/op
WorkloadActual  26: 1 op, 70764823.00 ns, 70.7648 ms/op
WorkloadActual  27: 1 op, 81222086.00 ns, 81.2221 ms/op
WorkloadActual  28: 1 op, 69304316.00 ns, 69.3043 ms/op
WorkloadActual  29: 1 op, 70392245.00 ns, 70.3922 ms/op
WorkloadActual  30: 1 op, 68682498.00 ns, 68.6825 ms/op
WorkloadActual  31: 1 op, 74342737.00 ns, 74.3427 ms/op
WorkloadActual  32: 1 op, 76089873.00 ns, 76.0899 ms/op
WorkloadActual  33: 1 op, 57089501.00 ns, 57.0895 ms/op
WorkloadActual  34: 1 op, 65802293.00 ns, 65.8023 ms/op
WorkloadActual  35: 1 op, 73011400.00 ns, 73.0114 ms/op
WorkloadActual  36: 1 op, 72864063.00 ns, 72.8641 ms/op
WorkloadActual  37: 1 op, 73085278.00 ns, 73.0853 ms/op
WorkloadActual  38: 1 op, 73208031.00 ns, 73.2080 ms/op
WorkloadActual  39: 1 op, 84408927.00 ns, 84.4089 ms/op
WorkloadActual  40: 1 op, 83751121.00 ns, 83.7511 ms/op
WorkloadActual  41: 1 op, 72343594.00 ns, 72.3436 ms/op
WorkloadActual  42: 1 op, 70154226.00 ns, 70.1542 ms/op
WorkloadActual  43: 1 op, 73928333.00 ns, 73.9283 ms/op
WorkloadActual  44: 1 op, 76426653.00 ns, 76.4267 ms/op
WorkloadActual  45: 1 op, 69053530.00 ns, 69.0535 ms/op
WorkloadActual  46: 1 op, 69869806.00 ns, 69.8698 ms/op
WorkloadActual  47: 1 op, 75801159.00 ns, 75.8012 ms/op
WorkloadActual  48: 1 op, 49303912.00 ns, 49.3039 ms/op
WorkloadActual  49: 1 op, 66904624.00 ns, 66.9046 ms/op
WorkloadActual  50: 1 op, 69135868.00 ns, 69.1359 ms/op
WorkloadActual  51: 1 op, 63815610.00 ns, 63.8156 ms/op
WorkloadActual  52: 1 op, 75416958.00 ns, 75.4170 ms/op
WorkloadActual  53: 1 op, 77424616.00 ns, 77.4246 ms/op
WorkloadActual  54: 1 op, 68421739.00 ns, 68.4217 ms/op
WorkloadActual  55: 1 op, 67036840.00 ns, 67.0368 ms/op
WorkloadActual  56: 1 op, 64599576.00 ns, 64.5996 ms/op
WorkloadActual  57: 1 op, 63997469.00 ns, 63.9975 ms/op
WorkloadActual  58: 1 op, 69928269.00 ns, 69.9283 ms/op
WorkloadActual  59: 1 op, 71613177.00 ns, 71.6132 ms/op
WorkloadActual  60: 1 op, 72208322.00 ns, 72.2083 ms/op
WorkloadActual  61: 1 op, 72871192.00 ns, 72.8712 ms/op
WorkloadActual  62: 1 op, 68147969.00 ns, 68.1480 ms/op
WorkloadActual  63: 1 op, 67403786.00 ns, 67.4038 ms/op
WorkloadActual  64: 1 op, 69595755.00 ns, 69.5958 ms/op
WorkloadActual  65: 1 op, 66806130.00 ns, 66.8061 ms/op
WorkloadActual  66: 1 op, 66566758.00 ns, 66.5668 ms/op
WorkloadActual  67: 1 op, 52388750.00 ns, 52.3888 ms/op
WorkloadActual  68: 1 op, 73512629.00 ns, 73.5126 ms/op
WorkloadActual  69: 1 op, 74827557.00 ns, 74.8276 ms/op
WorkloadActual  70: 1 op, 77002547.00 ns, 77.0025 ms/op
WorkloadActual  71: 1 op, 66533371.00 ns, 66.5334 ms/op
WorkloadActual  72: 1 op, 67643743.00 ns, 67.6437 ms/op
WorkloadActual  73: 1 op, 70455649.00 ns, 70.4556 ms/op
WorkloadActual  74: 1 op, 66709818.00 ns, 66.7098 ms/op
WorkloadActual  75: 1 op, 70584923.00 ns, 70.5849 ms/op
WorkloadActual  76: 1 op, 76807450.00 ns, 76.8075 ms/op
WorkloadActual  77: 1 op, 76046205.00 ns, 76.0462 ms/op
WorkloadActual  78: 1 op, 72586448.00 ns, 72.5864 ms/op
WorkloadActual  79: 1 op, 43964032.00 ns, 43.9640 ms/op
WorkloadActual  80: 1 op, 65776565.00 ns, 65.7766 ms/op
WorkloadActual  81: 1 op, 75195827.00 ns, 75.1958 ms/op
WorkloadActual  82: 1 op, 67561225.00 ns, 67.5612 ms/op
WorkloadActual  83: 1 op, 65301835.00 ns, 65.3018 ms/op
WorkloadActual  84: 1 op, 65960158.00 ns, 65.9602 ms/op
WorkloadActual  85: 1 op, 67124307.00 ns, 67.1243 ms/op
WorkloadActual  86: 1 op, 66069439.00 ns, 66.0694 ms/op
WorkloadActual  87: 1 op, 66318272.00 ns, 66.3183 ms/op
WorkloadActual  88: 1 op, 69095939.00 ns, 69.0959 ms/op
WorkloadActual  89: 1 op, 74024847.00 ns, 74.0248 ms/op
WorkloadActual  90: 1 op, 69544065.00 ns, 69.5441 ms/op
WorkloadActual  91: 1 op, 67939937.00 ns, 67.9399 ms/op
WorkloadActual  92: 1 op, 64512866.00 ns, 64.5129 ms/op
WorkloadActual  93: 1 op, 64422695.00 ns, 64.4227 ms/op
WorkloadActual  94: 1 op, 71032094.00 ns, 71.0321 ms/op
WorkloadActual  95: 1 op, 62064192.00 ns, 62.0642 ms/op
WorkloadActual  96: 1 op, 64306949.00 ns, 64.3069 ms/op
WorkloadActual  97: 1 op, 75101211.00 ns, 75.1012 ms/op
WorkloadActual  98: 1 op, 70499332.00 ns, 70.4993 ms/op
WorkloadActual  99: 1 op, 71094649.00 ns, 71.0946 ms/op
WorkloadActual  100: 1 op, 68025964.00 ns, 68.0260 ms/op

// AfterActualRun
WorkloadResult   1: 1 op, 65567631.50 ns, 65.5676 ms/op
WorkloadResult   2: 1 op, 69808820.50 ns, 69.8088 ms/op
WorkloadResult   3: 1 op, 74180107.50 ns, 74.1801 ms/op
WorkloadResult   4: 1 op, 80659804.50 ns, 80.6598 ms/op
WorkloadResult   5: 1 op, 79735350.50 ns, 79.7354 ms/op
WorkloadResult   6: 1 op, 68038431.50 ns, 68.0384 ms/op
WorkloadResult   7: 1 op, 72419112.50 ns, 72.4191 ms/op
WorkloadResult   8: 1 op, 73546286.50 ns, 73.5463 ms/op
WorkloadResult   9: 1 op, 67068007.50 ns, 67.0680 ms/op
WorkloadResult  10: 1 op, 68814876.50 ns, 68.8149 ms/op
WorkloadResult  11: 1 op, 57278485.50 ns, 57.2785 ms/op
WorkloadResult  12: 1 op, 71391042.50 ns, 71.3910 ms/op
WorkloadResult  13: 1 op, 70387595.50 ns, 70.3876 ms/op
WorkloadResult  14: 1 op, 72968872.50 ns, 72.9689 ms/op
WorkloadResult  15: 1 op, 59969457.50 ns, 59.9695 ms/op
WorkloadResult  16: 1 op, 68547758.50 ns, 68.5478 ms/op
WorkloadResult  17: 1 op, 72064777.50 ns, 72.0648 ms/op
WorkloadResult  18: 1 op, 74158919.50 ns, 74.1589 ms/op
WorkloadResult  19: 1 op, 66397697.50 ns, 66.3977 ms/op
WorkloadResult  20: 1 op, 70272933.50 ns, 70.2729 ms/op
WorkloadResult  21: 1 op, 77292658.50 ns, 77.2927 ms/op
WorkloadResult  22: 1 op, 74775819.50 ns, 74.7758 ms/op
WorkloadResult  23: 1 op, 77549251.50 ns, 77.5493 ms/op
WorkloadResult  24: 1 op, 70764664.50 ns, 70.7647 ms/op
WorkloadResult  25: 1 op, 81221927.50 ns, 81.2219 ms/op
WorkloadResult  26: 1 op, 69304157.50 ns, 69.3042 ms/op
WorkloadResult  27: 1 op, 70392086.50 ns, 70.3921 ms/op
WorkloadResult  28: 1 op, 68682339.50 ns, 68.6823 ms/op
WorkloadResult  29: 1 op, 74342578.50 ns, 74.3426 ms/op
WorkloadResult  30: 1 op, 76089714.50 ns, 76.0897 ms/op
WorkloadResult  31: 1 op, 57089342.50 ns, 57.0893 ms/op
WorkloadResult  32: 1 op, 65802134.50 ns, 65.8021 ms/op
WorkloadResult  33: 1 op, 73011241.50 ns, 73.0112 ms/op
WorkloadResult  34: 1 op, 72863904.50 ns, 72.8639 ms/op
WorkloadResult  35: 1 op, 73085119.50 ns, 73.0851 ms/op
WorkloadResult  36: 1 op, 73207872.50 ns, 73.2079 ms/op
WorkloadResult  37: 1 op, 84408768.50 ns, 84.4088 ms/op
WorkloadResult  38: 1 op, 83750962.50 ns, 83.7510 ms/op
WorkloadResult  39: 1 op, 72343435.50 ns, 72.3434 ms/op
WorkloadResult  40: 1 op, 70154067.50 ns, 70.1541 ms/op
WorkloadResult  41: 1 op, 73928174.50 ns, 73.9282 ms/op
WorkloadResult  42: 1 op, 76426494.50 ns, 76.4265 ms/op
WorkloadResult  43: 1 op, 69053371.50 ns, 69.0534 ms/op
WorkloadResult  44: 1 op, 69869647.50 ns, 69.8696 ms/op
WorkloadResult  45: 1 op, 75801000.50 ns, 75.8010 ms/op
WorkloadResult  46: 1 op, 49303753.50 ns, 49.3038 ms/op
WorkloadResult  47: 1 op, 66904465.50 ns, 66.9045 ms/op
WorkloadResult  48: 1 op, 69135709.50 ns, 69.1357 ms/op
WorkloadResult  49: 1 op, 63815451.50 ns, 63.8155 ms/op
WorkloadResult  50: 1 op, 75416799.50 ns, 75.4168 ms/op
WorkloadResult  51: 1 op, 77424457.50 ns, 77.4245 ms/op
WorkloadResult  52: 1 op, 68421580.50 ns, 68.4216 ms/op
WorkloadResult  53: 1 op, 67036681.50 ns, 67.0367 ms/op
WorkloadResult  54: 1 op, 64599417.50 ns, 64.5994 ms/op
WorkloadResult  55: 1 op, 63997310.50 ns, 63.9973 ms/op
WorkloadResult  56: 1 op, 69928110.50 ns, 69.9281 ms/op
WorkloadResult  57: 1 op, 71613018.50 ns, 71.6130 ms/op
WorkloadResult  58: 1 op, 72208163.50 ns, 72.2082 ms/op
WorkloadResult  59: 1 op, 72871033.50 ns, 72.8710 ms/op
WorkloadResult  60: 1 op, 68147810.50 ns, 68.1478 ms/op
WorkloadResult  61: 1 op, 67403627.50 ns, 67.4036 ms/op
WorkloadResult  62: 1 op, 69595596.50 ns, 69.5956 ms/op
WorkloadResult  63: 1 op, 66805971.50 ns, 66.8060 ms/op
WorkloadResult  64: 1 op, 66566599.50 ns, 66.5666 ms/op
WorkloadResult  65: 1 op, 52388591.50 ns, 52.3886 ms/op
WorkloadResult  66: 1 op, 73512470.50 ns, 73.5125 ms/op
WorkloadResult  67: 1 op, 74827398.50 ns, 74.8274 ms/op
WorkloadResult  68: 1 op, 77002388.50 ns, 77.0024 ms/op
WorkloadResult  69: 1 op, 66533212.50 ns, 66.5332 ms/op
WorkloadResult  70: 1 op, 67643584.50 ns, 67.6436 ms/op
WorkloadResult  71: 1 op, 70455490.50 ns, 70.4555 ms/op
WorkloadResult  72: 1 op, 66709659.50 ns, 66.7097 ms/op
WorkloadResult  73: 1 op, 70584764.50 ns, 70.5848 ms/op
WorkloadResult  74: 1 op, 76807291.50 ns, 76.8073 ms/op
WorkloadResult  75: 1 op, 76046046.50 ns, 76.0460 ms/op
WorkloadResult  76: 1 op, 72586289.50 ns, 72.5863 ms/op
WorkloadResult  77: 1 op, 43963873.50 ns, 43.9639 ms/op
WorkloadResult  78: 1 op, 65776406.50 ns, 65.7764 ms/op
WorkloadResult  79: 1 op, 75195668.50 ns, 75.1957 ms/op
WorkloadResult  80: 1 op, 67561066.50 ns, 67.5611 ms/op
WorkloadResult  81: 1 op, 65301676.50 ns, 65.3017 ms/op
WorkloadResult  82: 1 op, 65959999.50 ns, 65.9600 ms/op
WorkloadResult  83: 1 op, 67124148.50 ns, 67.1241 ms/op
WorkloadResult  84: 1 op, 66069280.50 ns, 66.0693 ms/op
WorkloadResult  85: 1 op, 66318113.50 ns, 66.3181 ms/op
WorkloadResult  86: 1 op, 69095780.50 ns, 69.0958 ms/op
WorkloadResult  87: 1 op, 74024688.50 ns, 74.0247 ms/op
WorkloadResult  88: 1 op, 69543906.50 ns, 69.5439 ms/op
WorkloadResult  89: 1 op, 67939778.50 ns, 67.9398 ms/op
WorkloadResult  90: 1 op, 64512707.50 ns, 64.5127 ms/op
WorkloadResult  91: 1 op, 64422536.50 ns, 64.4225 ms/op
WorkloadResult  92: 1 op, 71031935.50 ns, 71.0319 ms/op
WorkloadResult  93: 1 op, 62064033.50 ns, 62.0640 ms/op
WorkloadResult  94: 1 op, 64306790.50 ns, 64.3068 ms/op
WorkloadResult  95: 1 op, 75101052.50 ns, 75.1011 ms/op
WorkloadResult  96: 1 op, 70499173.50 ns, 70.4992 ms/op
WorkloadResult  97: 1 op, 71094490.50 ns, 71.0945 ms/op
WorkloadResult  98: 1 op, 68025805.50 ns, 68.0258 ms/op
// GC:  0 0 0 1744 1
// Threading:  0 394 1

// AfterAll
// Benchmark Process 187333 has exited with code 0.

Mean = 69.854 ms, StdErr = 0.635 ms (0.91%), N = 98, StdDev = 6.286 ms
Min = 43.964 ms, Q1 = 66.831 ms, Median = 70.041 ms, Q3 = 73.538 ms, Max = 84.409 ms
IQR = 6.707 ms, LowerFence = 56.770 ms, UpperFence = 83.599 ms
ConfidenceInterval = [67.699 ms; 72.009 ms] (CI 99.9%), Margin = 2.155 ms (3.08% of Mean)
Skewness = -1.02, Kurtosis = 6.17, MValue = 3.17

// ** Remained 1 (33.3 %) benchmark(s) to run. Estimated finish 2026-08-31 20:53 (0h 0m from now) **
// **************************
// Benchmark: MpscLockBenchmark.UnsafeLockQueue_MPSC: Job-CNUJVU(InvocationCount=1, UnrollFactor=1) [ProducerCount=8, ItemsPerProducer=100000]
// *** Execute ***
// Launch: 1 / 1
// Execute: dotnet SweetLib.Benchmarks-Job-CNUJVU-1.dll --anonymousPipes 122 123 --benchmarkName "MpscLockBenchmark.UnsafeLockQueue_MPSC(ProducerCount: 8, ItemsPerProducer: 100000)" --job "InvocationCount=1, UnrollFactor=1" --benchmarkId 2 in /home/zynres/Projects/sweet-log/libraries/sweetlib-collections/src/SweetLib.Benchmarks/bin/Release/net10.0/SweetLib.Benchmarks-Job-CNUJVU-1/bin/Release/net10.0
// Failed to set up high priority (Permission denied). In order to run benchmarks with high priority, make sure you have the right permissions.
// BeforeAnythingElse

// Benchmark Process Environment Information:
// BenchmarkDotNet v0.15.8
// Runtime=.NET 10.0.11 (10.0.11, 42.42.42.42424), X64 RyuJIT x86-64-v3
// GC=Concurrent Workstation
// HardwareIntrinsics=AVX2+BMI1+BMI2+F16C+FMA+LZCNT+MOVBE,AVX,SSE3+SSSE3+SSE4.1+SSE4.2+POPCNT,X86Base+SSE+SSE2,AES+PCLMUL,AvxVnni,SERIALIZE VectorSize=256
// Job: Job-CNUJVU(InvocationCount=1, UnrollFactor=1)

OverheadJitting  1: 1 op, 149605.00 ns, 149.6050 us/op
WorkloadJitting  1: 1 op, 148999975.00 ns, 149.0000 ms/op

OverheadWarmup   1: 1 op, 588.00 ns, 588.0000 ns/op
OverheadWarmup   2: 1 op, 41.00 ns, 41.0000 ns/op
OverheadWarmup   3: 1 op, 43.00 ns, 43.0000 ns/op
OverheadWarmup   4: 1 op, 36.00 ns, 36.0000 ns/op
OverheadWarmup   5: 1 op, 148.00 ns, 148.0000 ns/op
OverheadWarmup   6: 1 op, 101.00 ns, 101.0000 ns/op

OverheadActual   1: 1 op, 182.00 ns, 182.0000 ns/op
OverheadActual   2: 1 op, 170.00 ns, 170.0000 ns/op
OverheadActual   3: 1 op, 268.00 ns, 268.0000 ns/op
OverheadActual   4: 1 op, 61.00 ns, 61.0000 ns/op
OverheadActual   5: 1 op, 189.00 ns, 189.0000 ns/op
OverheadActual   6: 1 op, 52.00 ns, 52.0000 ns/op
OverheadActual   7: 1 op, 59.00 ns, 59.0000 ns/op
OverheadActual   8: 1 op, 32.00 ns, 32.0000 ns/op
OverheadActual   9: 1 op, 44.00 ns, 44.0000 ns/op
OverheadActual  10: 1 op, 53.00 ns, 53.0000 ns/op
OverheadActual  11: 1 op, 36.00 ns, 36.0000 ns/op
OverheadActual  12: 1 op, 36.00 ns, 36.0000 ns/op
OverheadActual  13: 1 op, 30.00 ns, 30.0000 ns/op
OverheadActual  14: 1 op, 39.00 ns, 39.0000 ns/op
OverheadActual  15: 1 op, 39.00 ns, 39.0000 ns/op
OverheadActual  16: 1 op, 54.00 ns, 54.0000 ns/op
OverheadActual  17: 1 op, 41.00 ns, 41.0000 ns/op
OverheadActual  18: 1 op, 167.00 ns, 167.0000 ns/op
OverheadActual  19: 1 op, 31.00 ns, 31.0000 ns/op
OverheadActual  20: 1 op, 36.00 ns, 36.0000 ns/op

WorkloadWarmup   1: 1 op, 154053575.00 ns, 154.0536 ms/op
WorkloadWarmup   2: 1 op, 151400687.00 ns, 151.4007 ms/op
WorkloadWarmup   3: 1 op, 148225587.00 ns, 148.2256 ms/op
WorkloadWarmup   4: 1 op, 136427953.00 ns, 136.4280 ms/op
WorkloadWarmup   5: 1 op, 165552333.00 ns, 165.5523 ms/op
WorkloadWarmup   6: 1 op, 172881632.00 ns, 172.8816 ms/op
WorkloadWarmup   7: 1 op, 149899976.00 ns, 149.9000 ms/op
WorkloadWarmup   8: 1 op, 161037969.00 ns, 161.0380 ms/op
WorkloadWarmup   9: 1 op, 147566697.00 ns, 147.5667 ms/op

// BeforeActualRun
WorkloadActual   1: 1 op, 109005983.00 ns, 109.0060 ms/op
WorkloadActual   2: 1 op, 148772618.00 ns, 148.7726 ms/op
WorkloadActual   3: 1 op, 147375205.00 ns, 147.3752 ms/op
WorkloadActual   4: 1 op, 147704965.00 ns, 147.7050 ms/op
WorkloadActual   5: 1 op, 145314585.00 ns, 145.3146 ms/op
WorkloadActual   6: 1 op, 145901382.00 ns, 145.9014 ms/op
WorkloadActual   7: 1 op, 149398582.00 ns, 149.3986 ms/op
WorkloadActual   8: 1 op, 156969630.00 ns, 156.9696 ms/op
WorkloadActual   9: 1 op, 148175393.00 ns, 148.1754 ms/op
WorkloadActual  10: 1 op, 150706490.00 ns, 150.7065 ms/op
WorkloadActual  11: 1 op, 139896159.00 ns, 139.8962 ms/op
WorkloadActual  12: 1 op, 139167747.00 ns, 139.1677 ms/op
WorkloadActual  13: 1 op, 136791032.00 ns, 136.7910 ms/op
WorkloadActual  14: 1 op, 130567177.00 ns, 130.5672 ms/op
WorkloadActual  15: 1 op, 139264165.00 ns, 139.2642 ms/op
WorkloadActual  16: 1 op, 135064665.00 ns, 135.0647 ms/op
WorkloadActual  17: 1 op, 136023141.00 ns, 136.0231 ms/op
WorkloadActual  18: 1 op, 127486028.00 ns, 127.4860 ms/op
WorkloadActual  19: 1 op, 133999557.00 ns, 133.9996 ms/op
WorkloadActual  20: 1 op, 124876258.00 ns, 124.8763 ms/op
WorkloadActual  21: 1 op, 131422765.00 ns, 131.4228 ms/op
WorkloadActual  22: 1 op, 145194043.00 ns, 145.1940 ms/op
WorkloadActual  23: 1 op, 144474553.00 ns, 144.4746 ms/op
WorkloadActual  24: 1 op, 146955818.00 ns, 146.9558 ms/op
WorkloadActual  25: 1 op, 147986729.00 ns, 147.9867 ms/op
WorkloadActual  26: 1 op, 152236172.00 ns, 152.2362 ms/op
WorkloadActual  27: 1 op, 158807699.00 ns, 158.8077 ms/op
WorkloadActual  28: 1 op, 149175106.00 ns, 149.1751 ms/op
WorkloadActual  29: 1 op, 137833173.00 ns, 137.8332 ms/op
WorkloadActual  30: 1 op, 131107626.00 ns, 131.1076 ms/op
WorkloadActual  31: 1 op, 154638830.00 ns, 154.6388 ms/op
WorkloadActual  32: 1 op, 144550572.00 ns, 144.5506 ms/op
WorkloadActual  33: 1 op, 140092456.00 ns, 140.0925 ms/op
WorkloadActual  34: 1 op, 155770319.00 ns, 155.7703 ms/op
WorkloadActual  35: 1 op, 151128566.00 ns, 151.1286 ms/op
WorkloadActual  36: 1 op, 145523928.00 ns, 145.5239 ms/op
WorkloadActual  37: 1 op, 135816387.00 ns, 135.8164 ms/op
WorkloadActual  38: 1 op, 133570035.00 ns, 133.5700 ms/op
WorkloadActual  39: 1 op, 135151517.00 ns, 135.1515 ms/op
WorkloadActual  40: 1 op, 151078789.00 ns, 151.0788 ms/op
WorkloadActual  41: 1 op, 152871517.00 ns, 152.8715 ms/op
WorkloadActual  42: 1 op, 132855638.00 ns, 132.8556 ms/op
WorkloadActual  43: 1 op, 133522825.00 ns, 133.5228 ms/op
WorkloadActual  44: 1 op, 133717655.00 ns, 133.7177 ms/op
WorkloadActual  45: 1 op, 147480279.00 ns, 147.4803 ms/op
WorkloadActual  46: 1 op, 148675214.00 ns, 148.6752 ms/op
WorkloadActual  47: 1 op, 151997903.00 ns, 151.9979 ms/op
WorkloadActual  48: 1 op, 147403000.00 ns, 147.4030 ms/op
WorkloadActual  49: 1 op, 143288979.00 ns, 143.2890 ms/op
WorkloadActual  50: 1 op, 149131347.00 ns, 149.1313 ms/op
WorkloadActual  51: 1 op, 141337771.00 ns, 141.3378 ms/op
WorkloadActual  52: 1 op, 146749543.00 ns, 146.7495 ms/op
WorkloadActual  53: 1 op, 153354465.00 ns, 153.3545 ms/op
WorkloadActual  54: 1 op, 141248032.00 ns, 141.2480 ms/op
WorkloadActual  55: 1 op, 151598113.00 ns, 151.5981 ms/op
WorkloadActual  56: 1 op, 135991525.00 ns, 135.9915 ms/op
WorkloadActual  57: 1 op, 142745647.00 ns, 142.7456 ms/op
WorkloadActual  58: 1 op, 147268014.00 ns, 147.2680 ms/op
WorkloadActual  59: 1 op, 147466902.00 ns, 147.4669 ms/op
WorkloadActual  60: 1 op, 154096755.00 ns, 154.0968 ms/op
WorkloadActual  61: 1 op, 147875029.00 ns, 147.8750 ms/op
WorkloadActual  62: 1 op, 142116141.00 ns, 142.1161 ms/op
WorkloadActual  63: 1 op, 159842102.00 ns, 159.8421 ms/op
WorkloadActual  64: 1 op, 154819365.00 ns, 154.8194 ms/op
WorkloadActual  65: 1 op, 130628961.00 ns, 130.6290 ms/op
WorkloadActual  66: 1 op, 144733994.00 ns, 144.7340 ms/op
WorkloadActual  67: 1 op, 134028514.00 ns, 134.0285 ms/op
WorkloadActual  68: 1 op, 138535635.00 ns, 138.5356 ms/op
WorkloadActual  69: 1 op, 148363308.00 ns, 148.3633 ms/op
WorkloadActual  70: 1 op, 131581991.00 ns, 131.5820 ms/op
WorkloadActual  71: 1 op, 144317319.00 ns, 144.3173 ms/op
WorkloadActual  72: 1 op, 128312752.00 ns, 128.3128 ms/op
WorkloadActual  73: 1 op, 142001765.00 ns, 142.0018 ms/op
WorkloadActual  74: 1 op, 144085594.00 ns, 144.0856 ms/op
WorkloadActual  75: 1 op, 134893905.00 ns, 134.8939 ms/op
WorkloadActual  76: 1 op, 142086199.00 ns, 142.0862 ms/op
WorkloadActual  77: 1 op, 132683223.00 ns, 132.6832 ms/op
WorkloadActual  78: 1 op, 150167155.00 ns, 150.1672 ms/op
WorkloadActual  79: 1 op, 151817426.00 ns, 151.8174 ms/op
WorkloadActual  80: 1 op, 138126500.00 ns, 138.1265 ms/op
WorkloadActual  81: 1 op, 145660951.00 ns, 145.6610 ms/op
WorkloadActual  82: 1 op, 145980547.00 ns, 145.9805 ms/op
WorkloadActual  83: 1 op, 147253427.00 ns, 147.2534 ms/op
WorkloadActual  84: 1 op, 150863006.00 ns, 150.8630 ms/op
WorkloadActual  85: 1 op, 150086367.00 ns, 150.0864 ms/op
WorkloadActual  86: 1 op, 148615381.00 ns, 148.6154 ms/op
WorkloadActual  87: 1 op, 151432445.00 ns, 151.4324 ms/op
WorkloadActual  88: 1 op, 146816963.00 ns, 146.8170 ms/op
WorkloadActual  89: 1 op, 139867735.00 ns, 139.8677 ms/op
WorkloadActual  90: 1 op, 152787940.00 ns, 152.7879 ms/op
WorkloadActual  91: 1 op, 140445064.00 ns, 140.4451 ms/op
WorkloadActual  92: 1 op, 129473987.00 ns, 129.4740 ms/op
WorkloadActual  93: 1 op, 148220546.00 ns, 148.2205 ms/op
WorkloadActual  94: 1 op, 143871181.00 ns, 143.8712 ms/op
WorkloadActual  95: 1 op, 151064181.00 ns, 151.0642 ms/op
WorkloadActual  96: 1 op, 136270668.00 ns, 136.2707 ms/op
WorkloadActual  97: 1 op, 134249191.00 ns, 134.2492 ms/op
WorkloadActual  98: 1 op, 151768548.00 ns, 151.7685 ms/op
WorkloadActual  99: 1 op, 135312398.00 ns, 135.3124 ms/op
WorkloadActual  100: 1 op, 143874549.00 ns, 143.8745 ms/op

// AfterActualRun
WorkloadResult   1: 1 op, 109005935.00 ns, 109.0059 ms/op
WorkloadResult   2: 1 op, 148772570.00 ns, 148.7726 ms/op
WorkloadResult   3: 1 op, 147375157.00 ns, 147.3752 ms/op
WorkloadResult   4: 1 op, 147704917.00 ns, 147.7049 ms/op
WorkloadResult   5: 1 op, 145314537.00 ns, 145.3145 ms/op
WorkloadResult   6: 1 op, 145901334.00 ns, 145.9013 ms/op
WorkloadResult   7: 1 op, 149398534.00 ns, 149.3985 ms/op
WorkloadResult   8: 1 op, 156969582.00 ns, 156.9696 ms/op
WorkloadResult   9: 1 op, 148175345.00 ns, 148.1753 ms/op
WorkloadResult  10: 1 op, 150706442.00 ns, 150.7064 ms/op
WorkloadResult  11: 1 op, 139896111.00 ns, 139.8961 ms/op
WorkloadResult  12: 1 op, 139167699.00 ns, 139.1677 ms/op
WorkloadResult  13: 1 op, 136790984.00 ns, 136.7910 ms/op
WorkloadResult  14: 1 op, 130567129.00 ns, 130.5671 ms/op
WorkloadResult  15: 1 op, 139264117.00 ns, 139.2641 ms/op
WorkloadResult  16: 1 op, 135064617.00 ns, 135.0646 ms/op
WorkloadResult  17: 1 op, 136023093.00 ns, 136.0231 ms/op
WorkloadResult  18: 1 op, 127485980.00 ns, 127.4860 ms/op
WorkloadResult  19: 1 op, 133999509.00 ns, 133.9995 ms/op
WorkloadResult  20: 1 op, 124876210.00 ns, 124.8762 ms/op
WorkloadResult  21: 1 op, 131422717.00 ns, 131.4227 ms/op
WorkloadResult  22: 1 op, 145193995.00 ns, 145.1940 ms/op
WorkloadResult  23: 1 op, 144474505.00 ns, 144.4745 ms/op
WorkloadResult  24: 1 op, 146955770.00 ns, 146.9558 ms/op
WorkloadResult  25: 1 op, 147986681.00 ns, 147.9867 ms/op
WorkloadResult  26: 1 op, 152236124.00 ns, 152.2361 ms/op
WorkloadResult  27: 1 op, 158807651.00 ns, 158.8077 ms/op
WorkloadResult  28: 1 op, 149175058.00 ns, 149.1751 ms/op
WorkloadResult  29: 1 op, 137833125.00 ns, 137.8331 ms/op
WorkloadResult  30: 1 op, 131107578.00 ns, 131.1076 ms/op
WorkloadResult  31: 1 op, 154638782.00 ns, 154.6388 ms/op
WorkloadResult  32: 1 op, 144550524.00 ns, 144.5505 ms/op
WorkloadResult  33: 1 op, 140092408.00 ns, 140.0924 ms/op
WorkloadResult  34: 1 op, 155770271.00 ns, 155.7703 ms/op
WorkloadResult  35: 1 op, 151128518.00 ns, 151.1285 ms/op
WorkloadResult  36: 1 op, 145523880.00 ns, 145.5239 ms/op
WorkloadResult  37: 1 op, 135816339.00 ns, 135.8163 ms/op
WorkloadResult  38: 1 op, 133569987.00 ns, 133.5700 ms/op
WorkloadResult  39: 1 op, 135151469.00 ns, 135.1515 ms/op
WorkloadResult  40: 1 op, 151078741.00 ns, 151.0787 ms/op
WorkloadResult  41: 1 op, 152871469.00 ns, 152.8715 ms/op
WorkloadResult  42: 1 op, 132855590.00 ns, 132.8556 ms/op
WorkloadResult  43: 1 op, 133522777.00 ns, 133.5228 ms/op
WorkloadResult  44: 1 op, 133717607.00 ns, 133.7176 ms/op
WorkloadResult  45: 1 op, 147480231.00 ns, 147.4802 ms/op
WorkloadResult  46: 1 op, 148675166.00 ns, 148.6752 ms/op
WorkloadResult  47: 1 op, 151997855.00 ns, 151.9979 ms/op
WorkloadResult  48: 1 op, 147402952.00 ns, 147.4030 ms/op
WorkloadResult  49: 1 op, 143288931.00 ns, 143.2889 ms/op
WorkloadResult  50: 1 op, 149131299.00 ns, 149.1313 ms/op
WorkloadResult  51: 1 op, 141337723.00 ns, 141.3377 ms/op
WorkloadResult  52: 1 op, 146749495.00 ns, 146.7495 ms/op
WorkloadResult  53: 1 op, 153354417.00 ns, 153.3544 ms/op
WorkloadResult  54: 1 op, 141247984.00 ns, 141.2480 ms/op
WorkloadResult  55: 1 op, 151598065.00 ns, 151.5981 ms/op
WorkloadResult  56: 1 op, 135991477.00 ns, 135.9915 ms/op
WorkloadResult  57: 1 op, 142745599.00 ns, 142.7456 ms/op
WorkloadResult  58: 1 op, 147267966.00 ns, 147.2680 ms/op
WorkloadResult  59: 1 op, 147466854.00 ns, 147.4669 ms/op
WorkloadResult  60: 1 op, 154096707.00 ns, 154.0967 ms/op
WorkloadResult  61: 1 op, 147874981.00 ns, 147.8750 ms/op
WorkloadResult  62: 1 op, 142116093.00 ns, 142.1161 ms/op
WorkloadResult  63: 1 op, 159842054.00 ns, 159.8421 ms/op
WorkloadResult  64: 1 op, 154819317.00 ns, 154.8193 ms/op
WorkloadResult  65: 1 op, 130628913.00 ns, 130.6289 ms/op
WorkloadResult  66: 1 op, 144733946.00 ns, 144.7339 ms/op
WorkloadResult  67: 1 op, 134028466.00 ns, 134.0285 ms/op
WorkloadResult  68: 1 op, 138535587.00 ns, 138.5356 ms/op
WorkloadResult  69: 1 op, 148363260.00 ns, 148.3633 ms/op
WorkloadResult  70: 1 op, 131581943.00 ns, 131.5819 ms/op
WorkloadResult  71: 1 op, 144317271.00 ns, 144.3173 ms/op
WorkloadResult  72: 1 op, 128312704.00 ns, 128.3127 ms/op
WorkloadResult  73: 1 op, 142001717.00 ns, 142.0017 ms/op
WorkloadResult  74: 1 op, 144085546.00 ns, 144.0855 ms/op
WorkloadResult  75: 1 op, 134893857.00 ns, 134.8939 ms/op
WorkloadResult  76: 1 op, 142086151.00 ns, 142.0862 ms/op
WorkloadResult  77: 1 op, 132683175.00 ns, 132.6832 ms/op
WorkloadResult  78: 1 op, 150167107.00 ns, 150.1671 ms/op
WorkloadResult  79: 1 op, 151817378.00 ns, 151.8174 ms/op
WorkloadResult  80: 1 op, 138126452.00 ns, 138.1265 ms/op
WorkloadResult  81: 1 op, 145660903.00 ns, 145.6609 ms/op
WorkloadResult  82: 1 op, 145980499.00 ns, 145.9805 ms/op
WorkloadResult  83: 1 op, 147253379.00 ns, 147.2534 ms/op
WorkloadResult  84: 1 op, 150862958.00 ns, 150.8630 ms/op
WorkloadResult  85: 1 op, 150086319.00 ns, 150.0863 ms/op
WorkloadResult  86: 1 op, 148615333.00 ns, 148.6153 ms/op
WorkloadResult  87: 1 op, 151432397.00 ns, 151.4324 ms/op
WorkloadResult  88: 1 op, 146816915.00 ns, 146.8169 ms/op
WorkloadResult  89: 1 op, 139867687.00 ns, 139.8677 ms/op
WorkloadResult  90: 1 op, 152787892.00 ns, 152.7879 ms/op
WorkloadResult  91: 1 op, 140445016.00 ns, 140.4450 ms/op
WorkloadResult  92: 1 op, 129473939.00 ns, 129.4739 ms/op
WorkloadResult  93: 1 op, 148220498.00 ns, 148.2205 ms/op
WorkloadResult  94: 1 op, 143871133.00 ns, 143.8711 ms/op
WorkloadResult  95: 1 op, 151064133.00 ns, 151.0641 ms/op
WorkloadResult  96: 1 op, 136270620.00 ns, 136.2706 ms/op
WorkloadResult  97: 1 op, 134249143.00 ns, 134.2491 ms/op
WorkloadResult  98: 1 op, 151768500.00 ns, 151.7685 ms/op
WorkloadResult  99: 1 op, 135312350.00 ns, 135.3124 ms/op
WorkloadResult  100: 1 op, 143874501.00 ns, 143.8745 ms/op
// GC:  0 0 0 3184 1
// Threading:  0 965 1

// AfterAll
// Benchmark Process 187821 has exited with code 0.

Mean = 143.227 ms, StdErr = 0.854 ms (0.60%), N = 100, StdDev = 8.542 ms
Min = 109.006 ms, Q1 = 136.209 ms, Median = 144.964 ms, Q3 = 149.142 ms, Max = 159.842 ms
IQR = 12.934 ms, LowerFence = 116.808 ms, UpperFence = 168.542 ms
ConfidenceInterval = [140.330 ms; 146.124 ms] (CI 99.9%), Margin = 2.897 ms (2.02% of Mean)
Skewness = -0.76, Kurtosis = 4.1, MValue = 2.43

// ** Remained 0 (0.0 %) benchmark(s) to run. Estimated finish 2026-08-31 20:53 (0h 0m from now) **
// ***** BenchmarkRunner: Finish  *****

// * Export *
  BenchmarkDotNet.Artifacts/results/MpscLockBenchmark-report.csv
  BenchmarkDotNet.Artifacts/results/MpscLockBenchmark-report-github.md
  BenchmarkDotNet.Artifacts/results/MpscLockBenchmark-report.html

// * Detailed results *
MpscLockBenchmark.UnsafeLockQueue_MPSC: Job-CNUJVU(InvocationCount=1, UnrollFactor=1) [ProducerCount=1, ItemsPerProducer=100000]
Runtime = .NET 10.0.11 (10.0.11, 42.42.42.42424), X64 RyuJIT x86-64-v3; GC = Concurrent Workstation
Mean = 7.178 ms, StdErr = 0.151 ms (2.10%), N = 99, StdDev = 1.503 ms
Min = 5.163 ms, Q1 = 6.046 ms, Median = 6.524 ms, Q3 = 8.211 ms, Max = 11.016 ms
IQR = 2.165 ms, LowerFence = 2.798 ms, UpperFence = 11.459 ms
ConfidenceInterval = [6.666 ms; 7.691 ms] (CI 99.9%), Margin = 0.512 ms (7.14% of Mean)
Skewness = 0.83, Kurtosis = 2.56, MValue = 2.79
-------------------- Histogram --------------------
[ 4.737 ms ;  5.747 ms) | @@@@@@@@@@@
[ 5.747 ms ;  6.600 ms) | @@@@@@@@@@@@@@@@@@@@@@@@@@@@@@@@@@@@@@@@@@@
[ 6.600 ms ;  7.651 ms) | @@@@@@@@@@@@@@@
[ 7.651 ms ;  7.972 ms) | 
[ 7.972 ms ;  8.825 ms) | @@@@@@@@@@@
[ 8.825 ms ;  9.954 ms) | @@@@@@@@@@@@@@@
[ 9.954 ms ; 10.545 ms) | @
[10.545 ms ; 11.443 ms) | @@@
---------------------------------------------------

MpscLockBenchmark.UnsafeLockQueue_MPSC: Job-CNUJVU(InvocationCount=1, UnrollFactor=1) [ProducerCount=4, ItemsPerProducer=100000]
Runtime = .NET 10.0.11 (10.0.11, 42.42.42.42424), X64 RyuJIT x86-64-v3; GC = Concurrent Workstation
Mean = 69.854 ms, StdErr = 0.635 ms (0.91%), N = 98, StdDev = 6.286 ms
Min = 43.964 ms, Q1 = 66.831 ms, Median = 70.041 ms, Q3 = 73.538 ms, Max = 84.409 ms
IQR = 6.707 ms, LowerFence = 56.770 ms, UpperFence = 83.599 ms
ConfidenceInterval = [67.699 ms; 72.009 ms] (CI 99.9%), Margin = 2.155 ms (3.08% of Mean)
Skewness = -1.02, Kurtosis = 6.17, MValue = 3.17
-------------------- Histogram --------------------
[42.174 ms ; 45.753 ms) | @
[45.753 ms ; 49.057 ms) | 
[49.057 ms ; 52.636 ms) | @@
[52.636 ms ; 56.740 ms) | 
[56.740 ms ; 60.319 ms) | @@@
[60.319 ms ; 63.571 ms) | @
[63.571 ms ; 67.021 ms) | @@@@@@@@@@@@@@@@@@@
[67.021 ms ; 70.600 ms) | @@@@@@@@@@@@@@@@@@@@@@@@@@@@@@
[70.600 ms ; 75.530 ms) | @@@@@@@@@@@@@@@@@@@@@@@@@@@@
[75.530 ms ; 78.465 ms) | @@@@@@@@@
[78.465 ms ; 82.268 ms) | @@@
[82.268 ms ; 86.198 ms) | @@
---------------------------------------------------

MpscLockBenchmark.UnsafeLockQueue_MPSC: Job-CNUJVU(InvocationCount=1, UnrollFactor=1) [ProducerCount=8, ItemsPerProducer=100000]
Runtime = .NET 10.0.11 (10.0.11, 42.42.42.42424), X64 RyuJIT x86-64-v3; GC = Concurrent Workstation
Mean = 143.227 ms, StdErr = 0.854 ms (0.60%), N = 100, StdDev = 8.542 ms
Min = 109.006 ms, Q1 = 136.209 ms, Median = 144.964 ms, Q3 = 149.142 ms, Max = 159.842 ms
IQR = 12.934 ms, LowerFence = 116.808 ms, UpperFence = 168.542 ms
ConfidenceInterval = [140.330 ms; 146.124 ms] (CI 99.9%), Margin = 2.897 ms (2.02% of Mean)
Skewness = -0.76, Kurtosis = 4.1, MValue = 2.43
-------------------- Histogram --------------------
[106.591 ms ; 111.421 ms) | @
[111.421 ms ; 116.252 ms) | 
[116.252 ms ; 121.083 ms) | 
[121.083 ms ; 127.119 ms) | @
[127.119 ms ; 132.322 ms) | @@@@@@@@
[132.322 ms ; 137.153 ms) | @@@@@@@@@@@@@@@@@
[137.153 ms ; 141.199 ms) | @@@@@@@@@
[141.199 ms ; 146.030 ms) | @@@@@@@@@@@@@@@@@@@@
[146.030 ms ; 152.041 ms) | @@@@@@@@@@@@@@@@@@@@@@@@@@@@@@@@@
[152.041 ms ; 157.018 ms) | @@@@@@@@@
[157.018 ms ; 162.257 ms) | @@
---------------------------------------------------

// * Summary *

BenchmarkDotNet v0.15.8, Linux Arch Linux
12th Gen Intel Core i5-1235U 0.40GHz, 1 CPU, 12 logical and 10 physical cores
.NET SDK 10.0.111
  [Host]     : .NET 10.0.11 (10.0.11, 42.42.42.42424), X64 RyuJIT x86-64-v3
  Job-CNUJVU : .NET 10.0.11 (10.0.11, 42.42.42.42424), X64 RyuJIT x86-64-v3

InvocationCount=1  UnrollFactor=1  

| Method               | ProducerCount | ItemsPerProducer | Mean       | Error     | StdDev   | Median     | Allocated |
|--------------------- |-------------- |----------------- |-----------:|----------:|---------:|-----------:|----------:|
| UnsafeLockQueue_MPSC | 1             | 100000           |   7.178 ms | 0.5124 ms | 1.503 ms |   6.524 ms |     664 B |
| UnsafeLockQueue_MPSC | 4             | 100000           |  69.854 ms | 2.1549 ms | 6.286 ms |  70.041 ms |    1744 B |
| UnsafeLockQueue_MPSC | 8             | 100000           | 143.227 ms | 2.8971 ms | 8.542 ms | 144.964 ms |    3184 B |

// * Warnings *
MinIterationTime
  MpscLockBenchmark.UnsafeLockQueue_MPSC: InvocationCount=1, UnrollFactor=1 -> The minimum observed iteration time is 5.163ms which is very small. It's recommended to increase it to at least 100ms using more operations.
  MpscLockBenchmark.UnsafeLockQueue_MPSC: InvocationCount=1, UnrollFactor=1 -> The minimum observed iteration time is 43.964ms which is very small. It's recommended to increase it to at least 100ms using more operations.
MultimodalDistribution
  MpscLockBenchmark.UnsafeLockQueue_MPSC: InvocationCount=1, UnrollFactor=1 -> It seems that the distribution can have several modes (mValue = 3.17)

// * Hints *
Outliers
  MpscLockBenchmark.UnsafeLockQueue_MPSC: InvocationCount=1, UnrollFactor=1 -> 1 outlier  was  removed (15.36 ms)
  MpscLockBenchmark.UnsafeLockQueue_MPSC: InvocationCount=1, UnrollFactor=1 -> 2 outliers were removed, 5 outliers were detected (43.96 ms..52.39 ms, 84.64 ms, 90.06 ms)
  MpscLockBenchmark.UnsafeLockQueue_MPSC: InvocationCount=1, UnrollFactor=1 -> 1 outlier  was  detected (109.01 ms)

// * Legends *
  ProducerCount    : Value of the 'ProducerCount' parameter
  ItemsPerProducer : Value of the 'ItemsPerProducer' parameter
  Mean             : Arithmetic mean of all measurements
  Error            : Half of 99.9% confidence interval
  StdDev           : Standard deviation of all measurements
  Median           : Value separating the higher half of all measurements (50th percentile)
  Allocated        : Allocated memory per single operation (managed only, inclusive, 1KB = 1024B)
  1 ms             : 1 Millisecond (0.001 sec)

// * Diagnostic Output - MemoryDiagnoser *


// ***** BenchmarkRunner: End *****
Run time: 00:00:25 (25.19 sec), executed benchmarks: 3

Global total time: 00:00:35 (35.47 sec), executed benchmarks: 3
// * Artifacts cleanup *
Artifacts cleanup is finished
