// Validating benchmarks:
// ***** BenchmarkRunner: Start   *****
// ***** Found 2 benchmark(s) in total *****
// ***** Building 1 exe(s) in Parallel: Start   *****
// start dotnet  restore --nodeReuse:false /p:UseSharedCompilation=false /p:Deterministic=true /p:Optimize=true /p:ArtifactsPath="/home/zynres/Projects/sweet-log/libraries/sweetlib-collections/src/SweetLib.Benchmarks/bin/Release/net10.0/SweetLib.Benchmarks-DefaultJob-1/" /p:OutDir="/home/zynres/Projects/sweet-log/libraries/sweetlib-collections/src/SweetLib.Benchmarks/bin/Release/net10.0/SweetLib.Benchmarks-DefaultJob-1/bin/Release/net10.0/" /p:OutputPath="/home/zynres/Projects/sweet-log/libraries/sweetlib-collections/src/SweetLib.Benchmarks/bin/Release/net10.0/SweetLib.Benchmarks-DefaultJob-1/bin/Release/net10.0/" /p:PublishDir="/home/zynres/Projects/sweet-log/libraries/sweetlib-collections/src/SweetLib.Benchmarks/bin/Release/net10.0/SweetLib.Benchmarks-DefaultJob-1/publish/" in /home/zynres/Projects/sweet-log/libraries/sweetlib-collections/src/SweetLib.Benchmarks/bin/Release/net10.0/SweetLib.Benchmarks-DefaultJob-1
// command took 0.91 sec and exited with 0
// start dotnet  build -c Release --no-restore --nodeReuse:false /p:UseSharedCompilation=false /p:Deterministic=true /p:Optimize=true /p:ArtifactsPath="/home/zynres/Projects/sweet-log/libraries/sweetlib-collections/src/SweetLib.Benchmarks/bin/Release/net10.0/SweetLib.Benchmarks-DefaultJob-1/" /p:OutDir="/home/zynres/Projects/sweet-log/libraries/sweetlib-collections/src/SweetLib.Benchmarks/bin/Release/net10.0/SweetLib.Benchmarks-DefaultJob-1/bin/Release/net10.0/" /p:OutputPath="/home/zynres/Projects/sweet-log/libraries/sweetlib-collections/src/SweetLib.Benchmarks/bin/Release/net10.0/SweetLib.Benchmarks-DefaultJob-1/bin/Release/net10.0/" /p:PublishDir="/home/zynres/Projects/sweet-log/libraries/sweetlib-collections/src/SweetLib.Benchmarks/bin/Release/net10.0/SweetLib.Benchmarks-DefaultJob-1/publish/" --output "/home/zynres/Projects/sweet-log/libraries/sweetlib-collections/src/SweetLib.Benchmarks/bin/Release/net10.0/SweetLib.Benchmarks-DefaultJob-1/bin/Release/net10.0/" in /home/zynres/Projects/sweet-log/libraries/sweetlib-collections/src/SweetLib.Benchmarks/bin/Release/net10.0/SweetLib.Benchmarks-DefaultJob-1
// command took 6.82 sec and exited with 0
// ***** Done, took 00:00:07 (7.78 sec)   *****
// Found 2 benchmarks:
//   QueueBenchmark.UnsafeQueue_EnqueueDequeue: DefaultJob [Count=10000000]
//   QueueBenchmark.Queue_EnqueueDequeue: DefaultJob [Count=10000000]

// **************************
// Benchmark: QueueBenchmark.UnsafeQueue_EnqueueDequeue: DefaultJob [Count=10000000]
// *** Execute ***
// Launch: 1 / 1
// Execute: dotnet SweetLib.Benchmarks-DefaultJob-1.dll --anonymousPipes 119 120 --benchmarkName "QueueBenchmark.UnsafeQueue_EnqueueDequeue(Count: 10000000)" --job Default --benchmarkId 0 in /home/zynres/Projects/sweet-log/libraries/sweetlib-collections/src/SweetLib.Benchmarks/bin/Release/net10.0/SweetLib.Benchmarks-DefaultJob-1/bin/Release/net10.0
// Failed to set up high priority (Permission denied). In order to run benchmarks with high priority, make sure you have the right permissions.
// BeforeAnythingElse

// Benchmark Process Environment Information:
// BenchmarkDotNet v0.15.8
// Runtime=.NET 10.0.11 (10.0.11, 42.42.42.42424), X64 RyuJIT x86-64-v3
// GC=Concurrent Workstation
// HardwareIntrinsics=AVX2+BMI1+BMI2+F16C+FMA+LZCNT+MOVBE,AVX,SSE3+SSSE3+SSE4.1+SSE4.2+POPCNT,X86Base+SSE+SSE2,AES+PCLMUL,AvxVnni,SERIALIZE VectorSize=256
// Job: DefaultJob

OverheadJitting  1: 1 op, 166798.00 ns, 166.7980 us/op
WorkloadJitting  1: 1 op, 321761072.00 ns, 321.7611 ms/op

WorkloadPilot    1: 2 op, 633616603.00 ns, 316.8083 ms/op

WorkloadWarmup   1: 2 op, 635299432.00 ns, 317.6497 ms/op
WorkloadWarmup   2: 2 op, 635246771.00 ns, 317.6234 ms/op
WorkloadWarmup   3: 2 op, 635293812.00 ns, 317.6469 ms/op
WorkloadWarmup   4: 2 op, 635080764.00 ns, 317.5404 ms/op
WorkloadWarmup   5: 2 op, 634242068.00 ns, 317.1210 ms/op
WorkloadWarmup   6: 2 op, 633864837.00 ns, 316.9324 ms/op
WorkloadWarmup   7: 2 op, 633068201.00 ns, 316.5341 ms/op
WorkloadWarmup   8: 2 op, 634219915.00 ns, 317.1100 ms/op
WorkloadWarmup   9: 2 op, 635291462.00 ns, 317.6457 ms/op
WorkloadWarmup  10: 2 op, 634032620.00 ns, 317.0163 ms/op

// BeforeActualRun
WorkloadActual   1: 2 op, 636422754.00 ns, 318.2114 ms/op
WorkloadActual   2: 2 op, 633572496.00 ns, 316.7862 ms/op
WorkloadActual   3: 2 op, 633187127.00 ns, 316.5936 ms/op
WorkloadActual   4: 2 op, 634510746.00 ns, 317.2554 ms/op
WorkloadActual   5: 2 op, 620324718.00 ns, 310.1624 ms/op
WorkloadActual   6: 2 op, 620140407.00 ns, 310.0702 ms/op
WorkloadActual   7: 2 op, 621374088.00 ns, 310.6870 ms/op
WorkloadActual   8: 2 op, 619167951.00 ns, 309.5840 ms/op
WorkloadActual   9: 2 op, 618616261.00 ns, 309.3081 ms/op
WorkloadActual  10: 2 op, 618720343.00 ns, 309.3602 ms/op
WorkloadActual  11: 2 op, 619853595.00 ns, 309.9268 ms/op
WorkloadActual  12: 2 op, 620788921.00 ns, 310.3945 ms/op
WorkloadActual  13: 2 op, 616981473.00 ns, 308.4907 ms/op
WorkloadActual  14: 2 op, 619262283.00 ns, 309.6311 ms/op
WorkloadActual  15: 2 op, 621265818.00 ns, 310.6329 ms/op

// AfterActualRun
WorkloadResult   1: 2 op, 636422754.00 ns, 318.2114 ms/op
WorkloadResult   2: 2 op, 633572496.00 ns, 316.7862 ms/op
WorkloadResult   3: 2 op, 633187127.00 ns, 316.5936 ms/op
WorkloadResult   4: 2 op, 634510746.00 ns, 317.2554 ms/op
WorkloadResult   5: 2 op, 620324718.00 ns, 310.1624 ms/op
WorkloadResult   6: 2 op, 620140407.00 ns, 310.0702 ms/op
WorkloadResult   7: 2 op, 621374088.00 ns, 310.6870 ms/op
WorkloadResult   8: 2 op, 619167951.00 ns, 309.5840 ms/op
WorkloadResult   9: 2 op, 618616261.00 ns, 309.3081 ms/op
WorkloadResult  10: 2 op, 618720343.00 ns, 309.3602 ms/op
WorkloadResult  11: 2 op, 619853595.00 ns, 309.9268 ms/op
WorkloadResult  12: 2 op, 620788921.00 ns, 310.3945 ms/op
WorkloadResult  13: 2 op, 616981473.00 ns, 308.4907 ms/op
WorkloadResult  14: 2 op, 619262283.00 ns, 309.6311 ms/op
WorkloadResult  15: 2 op, 621265818.00 ns, 310.6329 ms/op
// GC:  0 0 0 80 2
// Threading:  0 0 2

// AfterAll
// Benchmark Process 158413 has exited with code 0.

Mean = 311.806 ms, StdErr = 0.887 ms (0.28%), N = 15, StdDev = 3.435 ms
Min = 308.491 ms, Q1 = 309.608 ms, Median = 310.162 ms, Q3 = 313.640 ms, Max = 318.211 ms
IQR = 4.033 ms, LowerFence = 303.558 ms, UpperFence = 319.689 ms
ConfidenceInterval = [308.134 ms; 315.479 ms] (CI 99.9%), Margin = 3.672 ms (1.18% of Mean)
Skewness = 0.9, Kurtosis = 1.91, MValue = 2

// ** Remained 1 (50.0 %) benchmark(s) to run. Estimated finish 2026-08-31 19:53 (0h 0m from now) **
// **************************
// Benchmark: QueueBenchmark.Queue_EnqueueDequeue: DefaultJob [Count=10000000]
// *** Execute ***
// Launch: 1 / 1
// Execute: dotnet SweetLib.Benchmarks-DefaultJob-1.dll --anonymousPipes 119 120 --benchmarkName "QueueBenchmark.Queue_EnqueueDequeue(Count: 10000000)" --job Default --benchmarkId 1 in /home/zynres/Projects/sweet-log/libraries/sweetlib-collections/src/SweetLib.Benchmarks/bin/Release/net10.0/SweetLib.Benchmarks-DefaultJob-1/bin/Release/net10.0
// Failed to set up high priority (Permission denied). In order to run benchmarks with high priority, make sure you have the right permissions.
// BeforeAnythingElse

// Benchmark Process Environment Information:
// BenchmarkDotNet v0.15.8
// Runtime=.NET 10.0.11 (10.0.11, 42.42.42.42424), X64 RyuJIT x86-64-v3
// GC=Concurrent Workstation
// HardwareIntrinsics=AVX2+BMI1+BMI2+F16C+FMA+LZCNT+MOVBE,AVX,SSE3+SSSE3+SSE4.1+SSE4.2+POPCNT,X86Base+SSE+SSE2,AES+PCLMUL,AvxVnni,SERIALIZE VectorSize=256
// Job: DefaultJob

OverheadJitting  1: 1 op, 150981.00 ns, 150.9810 us/op
WorkloadJitting  1: 1 op, 23779682.00 ns, 23.7797 ms/op

OverheadJitting  2: 16 op, 223461.00 ns, 13.9663 us/op
WorkloadJitting  2: 16 op, 331905212.00 ns, 20.7441 ms/op

WorkloadPilot    1: 16 op, 318674823.00 ns, 19.9172 ms/op
WorkloadPilot    2: 32 op, 640185629.00 ns, 20.0058 ms/op

OverheadWarmup   1: 32 op, 1802.00 ns, 56.3125 ns/op
OverheadWarmup   2: 32 op, 372.00 ns, 11.6250 ns/op
OverheadWarmup   3: 32 op, 477.00 ns, 14.9063 ns/op
OverheadWarmup   4: 32 op, 400.00 ns, 12.5000 ns/op
OverheadWarmup   5: 32 op, 307.00 ns, 9.5938 ns/op
OverheadWarmup   6: 32 op, 192.00 ns, 6.0000 ns/op
OverheadWarmup   7: 32 op, 383.00 ns, 11.9688 ns/op
OverheadWarmup   8: 32 op, 201.00 ns, 6.2813 ns/op

OverheadActual   1: 32 op, 534.00 ns, 16.6875 ns/op
OverheadActual   2: 32 op, 686.00 ns, 21.4375 ns/op
OverheadActual   3: 32 op, 717.00 ns, 22.4063 ns/op
OverheadActual   4: 32 op, 546.00 ns, 17.0625 ns/op
OverheadActual   5: 32 op, 581.00 ns, 18.1563 ns/op
OverheadActual   6: 32 op, 458.00 ns, 14.3125 ns/op
OverheadActual   7: 32 op, 402.00 ns, 12.5625 ns/op
OverheadActual   8: 32 op, 443.00 ns, 13.8438 ns/op
OverheadActual   9: 32 op, 401.00 ns, 12.5313 ns/op
OverheadActual  10: 32 op, 488.00 ns, 15.2500 ns/op
OverheadActual  11: 32 op, 428.00 ns, 13.3750 ns/op
OverheadActual  12: 32 op, 402.00 ns, 12.5625 ns/op
OverheadActual  13: 32 op, 479.00 ns, 14.9688 ns/op
OverheadActual  14: 32 op, 255.00 ns, 7.9688 ns/op
OverheadActual  15: 32 op, 241.00 ns, 7.5313 ns/op
OverheadActual  16: 32 op, 250.00 ns, 7.8125 ns/op
OverheadActual  17: 32 op, 234.00 ns, 7.3125 ns/op
OverheadActual  18: 32 op, 443.00 ns, 13.8438 ns/op
OverheadActual  19: 32 op, 263.00 ns, 8.2188 ns/op
OverheadActual  20: 32 op, 253.00 ns, 7.9063 ns/op

WorkloadWarmup   1: 32 op, 652825695.00 ns, 20.4008 ms/op
WorkloadWarmup   2: 32 op, 635913353.00 ns, 19.8723 ms/op
WorkloadWarmup   3: 32 op, 640974126.00 ns, 20.0304 ms/op
WorkloadWarmup   4: 32 op, 639742912.00 ns, 19.9920 ms/op
WorkloadWarmup   5: 32 op, 651382079.00 ns, 20.3557 ms/op
WorkloadWarmup   6: 32 op, 643854082.00 ns, 20.1204 ms/op

// BeforeActualRun
WorkloadActual   1: 32 op, 641401429.00 ns, 20.0438 ms/op
WorkloadActual   2: 32 op, 649008302.00 ns, 20.2815 ms/op
WorkloadActual   3: 32 op, 641491849.00 ns, 20.0466 ms/op
WorkloadActual   4: 32 op, 643039894.00 ns, 20.0950 ms/op
WorkloadActual   5: 32 op, 642699792.00 ns, 20.0844 ms/op
WorkloadActual   6: 32 op, 643457730.00 ns, 20.1081 ms/op
WorkloadActual   7: 32 op, 639109921.00 ns, 19.9722 ms/op
WorkloadActual   8: 32 op, 639190654.00 ns, 19.9747 ms/op
WorkloadActual   9: 32 op, 641068301.00 ns, 20.0334 ms/op
WorkloadActual  10: 32 op, 641057553.00 ns, 20.0330 ms/op
WorkloadActual  11: 32 op, 638520550.00 ns, 19.9538 ms/op
WorkloadActual  12: 32 op, 638855936.00 ns, 19.9642 ms/op
WorkloadActual  13: 32 op, 642284284.00 ns, 20.0714 ms/op
WorkloadActual  14: 32 op, 640428371.00 ns, 20.0134 ms/op
WorkloadActual  15: 32 op, 641799970.00 ns, 20.0562 ms/op

// AfterActualRun
WorkloadResult   1: 32 op, 641400993.50 ns, 20.0438 ms/op
WorkloadResult   2: 32 op, 641491413.50 ns, 20.0466 ms/op
WorkloadResult   3: 32 op, 643039458.50 ns, 20.0950 ms/op
WorkloadResult   4: 32 op, 642699356.50 ns, 20.0844 ms/op
WorkloadResult   5: 32 op, 643457294.50 ns, 20.1080 ms/op
WorkloadResult   6: 32 op, 639109485.50 ns, 19.9722 ms/op
WorkloadResult   7: 32 op, 639190218.50 ns, 19.9747 ms/op
WorkloadResult   8: 32 op, 641067865.50 ns, 20.0334 ms/op
WorkloadResult   9: 32 op, 641057117.50 ns, 20.0330 ms/op
WorkloadResult  10: 32 op, 638520114.50 ns, 19.9538 ms/op
WorkloadResult  11: 32 op, 638855500.50 ns, 19.9642 ms/op
WorkloadResult  12: 32 op, 642283848.50 ns, 20.0714 ms/op
WorkloadResult  13: 32 op, 640427935.50 ns, 20.0134 ms/op
WorkloadResult  14: 32 op, 641799534.50 ns, 20.0562 ms/op
// GC:  16 16 16 1280007040 32
// Threading:  0 0 32

// AfterAll
// Benchmark Process 158519 has exited with code 0.

Mean = 20.032 ms, StdErr = 0.013 ms (0.07%), N = 14, StdDev = 0.050 ms
Min = 19.954 ms, Q1 = 19.984 ms, Median = 20.039 ms, Q3 = 20.068 ms, Max = 20.108 ms
IQR = 0.083 ms, LowerFence = 19.860 ms, UpperFence = 20.192 ms
ConfidenceInterval = [19.975 ms; 20.089 ms] (CI 99.9%), Margin = 0.057 ms (0.28% of Mean)
Skewness = -0.17, Kurtosis = 1.58, MValue = 2

// ** Remained 0 (0.0 %) benchmark(s) to run. Estimated finish 2026-08-31 19:53 (0h 0m from now) **
// ***** BenchmarkRunner: Finish  *****

// * Export *
  BenchmarkDotNet.Artifacts/results/QueueBenchmark-report.csv
  BenchmarkDotNet.Artifacts/results/QueueBenchmark-report-github.md
  BenchmarkDotNet.Artifacts/results/QueueBenchmark-report.html

// * Detailed results *
QueueBenchmark.UnsafeQueue_EnqueueDequeue: DefaultJob [Count=10000000]
Runtime = .NET 10.0.11 (10.0.11, 42.42.42.42424), X64 RyuJIT x86-64-v3; GC = Concurrent Workstation
Mean = 311.806 ms, StdErr = 0.887 ms (0.28%), N = 15, StdDev = 3.435 ms
Min = 308.491 ms, Q1 = 309.608 ms, Median = 310.162 ms, Q3 = 313.640 ms, Max = 318.211 ms
IQR = 4.033 ms, LowerFence = 303.558 ms, UpperFence = 319.689 ms
ConfidenceInterval = [308.134 ms; 315.479 ms] (CI 99.9%), Margin = 3.672 ms (1.18% of Mean)
Skewness = 0.9, Kurtosis = 1.91, MValue = 2
-------------------- Histogram --------------------
[306.663 ms ; 320.039 ms) | @@@@@@@@@@@@@@@
---------------------------------------------------

QueueBenchmark.Queue_EnqueueDequeue: DefaultJob [Count=10000000]
Runtime = .NET 10.0.11 (10.0.11, 42.42.42.42424), X64 RyuJIT x86-64-v3; GC = Concurrent Workstation
Mean = 20.032 ms, StdErr = 0.013 ms (0.07%), N = 14, StdDev = 0.050 ms
Min = 19.954 ms, Q1 = 19.984 ms, Median = 20.039 ms, Q3 = 20.068 ms, Max = 20.108 ms
IQR = 0.083 ms, LowerFence = 19.860 ms, UpperFence = 20.192 ms
ConfidenceInterval = [19.975 ms; 20.089 ms] (CI 99.9%), Margin = 0.057 ms (0.28% of Mean)
Skewness = -0.17, Kurtosis = 1.58, MValue = 2
-------------------- Histogram --------------------
[19.926 ms ; 20.135 ms) | @@@@@@@@@@@@@@
---------------------------------------------------

// * Summary *

BenchmarkDotNet v0.15.8, Linux Arch Linux
12th Gen Intel Core i5-1235U 0.40GHz, 1 CPU, 12 logical and 10 physical cores
.NET SDK 10.0.111
  [Host]     : .NET 10.0.11 (10.0.11, 42.42.42.42424), X64 RyuJIT x86-64-v3
  DefaultJob : .NET 10.0.11 (10.0.11, 42.42.42.42424), X64 RyuJIT x86-64-v3


| Method                     | Count    | Mean      | Error    | StdDev   | Gen0     | Gen1     | Gen2     | Allocated  |
|--------------------------- |--------- |----------:|---------:|---------:|---------:|---------:|---------:|-----------:|
| UnsafeQueue_EnqueueDequeue | 10000000 | 311.81 ms | 3.672 ms | 3.435 ms |        - |        - |        - |       40 B |
| Queue_EnqueueDequeue       | 10000000 |  20.03 ms | 0.057 ms | 0.050 ms | 500.0000 | 500.0000 | 500.0000 | 40000220 B |

// * Hints *
Outliers
  QueueBenchmark.Queue_EnqueueDequeue: Default -> 1 outlier  was  removed (20.28 ms)

// * Legends *
  Count     : Value of the 'Count' parameter
  Mean      : Arithmetic mean of all measurements
  Error     : Half of 99.9% confidence interval
  StdDev    : Standard deviation of all measurements
  Gen0      : GC Generation 0 collects per 1000 operations
  Gen1      : GC Generation 1 collects per 1000 operations
  Gen2      : GC Generation 2 collects per 1000 operations
  Allocated : Allocated memory per single operation (managed only, inclusive, 1KB = 1024B)
  1 ms      : 1 Millisecond (0.001 sec)

// * Diagnostic Output - MemoryDiagnoser *


// ***** BenchmarkRunner: End *****
Run time: 00:00:33 (33.07 sec), executed benchmarks: 2

Global total time: 00:00:40 (40.93 sec), executed benchmarks: 2
// * Artifacts cleanup *
Artifacts cleanup is finished
