// Validating benchmarks:
// ***** BenchmarkRunner: Start   *****
// ***** Found 2 benchmark(s) in total *****
// ***** Building 1 exe(s) in Parallel: Start   *****
// start dotnet  restore --nodeReuse:false /p:UseSharedCompilation=false /p:Deterministic=true /p:Optimize=true /p:ArtifactsPath="/home/zynres/Projects/sweet-log/libraries/sweetlib-collections/src/SweetLib.Benchmarks/bin/Release/net10.0/SweetLib.Benchmarks-DefaultJob-1/" /p:OutDir="/home/zynres/Projects/sweet-log/libraries/sweetlib-collections/src/SweetLib.Benchmarks/bin/Release/net10.0/SweetLib.Benchmarks-DefaultJob-1/bin/Release/net10.0/" /p:OutputPath="/home/zynres/Projects/sweet-log/libraries/sweetlib-collections/src/SweetLib.Benchmarks/bin/Release/net10.0/SweetLib.Benchmarks-DefaultJob-1/bin/Release/net10.0/" /p:PublishDir="/home/zynres/Projects/sweet-log/libraries/sweetlib-collections/src/SweetLib.Benchmarks/bin/Release/net10.0/SweetLib.Benchmarks-DefaultJob-1/publish/" in /home/zynres/Projects/sweet-log/libraries/sweetlib-collections/src/SweetLib.Benchmarks/bin/Release/net10.0/SweetLib.Benchmarks-DefaultJob-1
// command took 0.93 sec and exited with 0
// start dotnet  build -c Release --no-restore --nodeReuse:false /p:UseSharedCompilation=false /p:Deterministic=true /p:Optimize=true /p:ArtifactsPath="/home/zynres/Projects/sweet-log/libraries/sweetlib-collections/src/SweetLib.Benchmarks/bin/Release/net10.0/SweetLib.Benchmarks-DefaultJob-1/" /p:OutDir="/home/zynres/Projects/sweet-log/libraries/sweetlib-collections/src/SweetLib.Benchmarks/bin/Release/net10.0/SweetLib.Benchmarks-DefaultJob-1/bin/Release/net10.0/" /p:OutputPath="/home/zynres/Projects/sweet-log/libraries/sweetlib-collections/src/SweetLib.Benchmarks/bin/Release/net10.0/SweetLib.Benchmarks-DefaultJob-1/bin/Release/net10.0/" /p:PublishDir="/home/zynres/Projects/sweet-log/libraries/sweetlib-collections/src/SweetLib.Benchmarks/bin/Release/net10.0/SweetLib.Benchmarks-DefaultJob-1/publish/" --output "/home/zynres/Projects/sweet-log/libraries/sweetlib-collections/src/SweetLib.Benchmarks/bin/Release/net10.0/SweetLib.Benchmarks-DefaultJob-1/bin/Release/net10.0/" in /home/zynres/Projects/sweet-log/libraries/sweetlib-collections/src/SweetLib.Benchmarks/bin/Release/net10.0/SweetLib.Benchmarks-DefaultJob-1
// command took 6.91 sec and exited with 0
// ***** Done, took 00:00:07 (7.89 sec)   *****
// Found 2 benchmarks:
//   QueueBenchmark.UnsafeQueue_Enqueue: DefaultJob [Count=1000]
//   QueueBenchmark.Queue_Enqueue: DefaultJob [Count=1000]

// **************************
// Benchmark: QueueBenchmark.UnsafeQueue_Enqueue: DefaultJob [Count=1000]
// *** Execute ***
// Launch: 1 / 1
// Execute: dotnet SweetLib.Benchmarks-DefaultJob-1.dll --anonymousPipes 119 120 --benchmarkName "QueueBenchmark.UnsafeQueue_Enqueue(Count: 1000)" --job Default --benchmarkId 0 in /home/zynres/Projects/sweet-log/libraries/sweetlib-collections/src/SweetLib.Benchmarks/bin/Release/net10.0/SweetLib.Benchmarks-DefaultJob-1/bin/Release/net10.0
// Failed to set up high priority (Permission denied). In order to run benchmarks with high priority, make sure you have the right permissions.
// BeforeAnythingElse

// Benchmark Process Environment Information:
// BenchmarkDotNet v0.15.8
// Runtime=.NET 10.0.11 (10.0.11, 42.42.42.42424), X64 RyuJIT x86-64-v3
// GC=Concurrent Workstation
// HardwareIntrinsics=AVX2+BMI1+BMI2+F16C+FMA+LZCNT+MOVBE,AVX,SSE3+SSSE3+SSE4.1+SSE4.2+POPCNT,X86Base+SSE+SSE2,AES+PCLMUL,AvxVnni,SERIALIZE VectorSize=256
// Job: DefaultJob

OverheadJitting  1: 1 op, 126416.00 ns, 126.4160 us/op
WorkloadJitting  1: 1 op, 447329.00 ns, 447.3290 us/op

OverheadJitting  2: 16 op, 173673.00 ns, 10.8546 us/op
WorkloadJitting  2: 16 op, 1250442.00 ns, 78.1526 us/op

WorkloadPilot    1: 16 op, 455133.00 ns, 28.4458 us/op
WorkloadPilot    2: 32 op, 931812.00 ns, 29.1191 us/op
WorkloadPilot    3: 64 op, 1782008.00 ns, 27.8439 us/op
WorkloadPilot    4: 128 op, 3609190.00 ns, 28.1968 us/op
WorkloadPilot    5: 256 op, 6910420.00 ns, 26.9938 us/op
WorkloadPilot    6: 512 op, 16870939.00 ns, 32.9511 us/op
WorkloadPilot    7: 1024 op, 27240031.00 ns, 26.6016 us/op
WorkloadPilot    8: 2048 op, 56038487.00 ns, 27.3625 us/op
WorkloadPilot    9: 4096 op, 107149073.00 ns, 26.1594 us/op
WorkloadPilot   10: 8192 op, 144944211.00 ns, 17.6934 us/op
WorkloadPilot   11: 16384 op, 285651793.00 ns, 17.4348 us/op
WorkloadPilot   12: 32768 op, 570593862.00 ns, 17.4131 us/op

OverheadWarmup   1: 32768 op, 78618.00 ns, 2.3992 ns/op
OverheadWarmup   2: 32768 op, 76840.00 ns, 2.3450 ns/op
OverheadWarmup   3: 32768 op, 77262.00 ns, 2.3578 ns/op
OverheadWarmup   4: 32768 op, 76808.00 ns, 2.3440 ns/op
OverheadWarmup   5: 32768 op, 77087.00 ns, 2.3525 ns/op
OverheadWarmup   6: 32768 op, 84816.00 ns, 2.5884 ns/op
OverheadWarmup   7: 32768 op, 85829.00 ns, 2.6193 ns/op
OverheadWarmup   8: 32768 op, 91371.00 ns, 2.7884 ns/op
OverheadWarmup   9: 32768 op, 93348.00 ns, 2.8488 ns/op
OverheadWarmup  10: 32768 op, 91538.00 ns, 2.7935 ns/op

OverheadActual   1: 32768 op, 83886.00 ns, 2.5600 ns/op
OverheadActual   2: 32768 op, 85923.00 ns, 2.6222 ns/op
OverheadActual   3: 32768 op, 77950.00 ns, 2.3788 ns/op
OverheadActual   4: 32768 op, 77039.00 ns, 2.3510 ns/op
OverheadActual   5: 32768 op, 77559.00 ns, 2.3669 ns/op
OverheadActual   6: 32768 op, 76781.00 ns, 2.3432 ns/op
OverheadActual   7: 32768 op, 77025.00 ns, 2.3506 ns/op
OverheadActual   8: 32768 op, 79696.00 ns, 2.4321 ns/op
OverheadActual   9: 32768 op, 77058.00 ns, 2.3516 ns/op
OverheadActual  10: 32768 op, 76795.00 ns, 2.3436 ns/op
OverheadActual  11: 32768 op, 76981.00 ns, 2.3493 ns/op
OverheadActual  12: 32768 op, 76875.00 ns, 2.3460 ns/op
OverheadActual  13: 32768 op, 77024.00 ns, 2.3506 ns/op
OverheadActual  14: 32768 op, 76780.00 ns, 2.3431 ns/op
OverheadActual  15: 32768 op, 77032.00 ns, 2.3508 ns/op

WorkloadWarmup   1: 32768 op, 544275817.00 ns, 16.6100 us/op
WorkloadWarmup   2: 32768 op, 607853618.00 ns, 18.5502 us/op
WorkloadWarmup   3: 32768 op, 537154466.00 ns, 16.3927 us/op
WorkloadWarmup   4: 32768 op, 536233628.00 ns, 16.3646 us/op
WorkloadWarmup   5: 32768 op, 537322460.00 ns, 16.3978 us/op
WorkloadWarmup   6: 32768 op, 673485536.00 ns, 20.5531 us/op
WorkloadWarmup   7: 32768 op, 537279081.00 ns, 16.3965 us/op

// BeforeActualRun
WorkloadActual   1: 32768 op, 537101324.00 ns, 16.3910 us/op
WorkloadActual   2: 32768 op, 535102046.00 ns, 16.3300 us/op
WorkloadActual   3: 32768 op, 536577410.00 ns, 16.3750 us/op
WorkloadActual   4: 32768 op, 536107303.00 ns, 16.3607 us/op
WorkloadActual   5: 32768 op, 536273236.00 ns, 16.3658 us/op
WorkloadActual   6: 32768 op, 535634550.00 ns, 16.3463 us/op
WorkloadActual   7: 32768 op, 806884596.00 ns, 24.6242 us/op
WorkloadActual   8: 32768 op, 536591850.00 ns, 16.3755 us/op
WorkloadActual   9: 32768 op, 537145111.00 ns, 16.3924 us/op
WorkloadActual  10: 32768 op, 538522887.00 ns, 16.4344 us/op
WorkloadActual  11: 32768 op, 536319447.00 ns, 16.3672 us/op
WorkloadActual  12: 32768 op, 537413594.00 ns, 16.4006 us/op
WorkloadActual  13: 32768 op, 536161775.00 ns, 16.3624 us/op
WorkloadActual  14: 32768 op, 537644778.00 ns, 16.4076 us/op
WorkloadActual  15: 32768 op, 537609918.00 ns, 16.4066 us/op

// AfterActualRun
WorkloadResult   1: 32768 op, 537024292.00 ns, 16.3887 us/op
WorkloadResult   2: 32768 op, 535025014.00 ns, 16.3277 us/op
WorkloadResult   3: 32768 op, 536500378.00 ns, 16.3727 us/op
WorkloadResult   4: 32768 op, 536030271.00 ns, 16.3583 us/op
WorkloadResult   5: 32768 op, 536196204.00 ns, 16.3634 us/op
WorkloadResult   6: 32768 op, 535557518.00 ns, 16.3439 us/op
WorkloadResult   7: 32768 op, 536514818.00 ns, 16.3731 us/op
WorkloadResult   8: 32768 op, 537068079.00 ns, 16.3900 us/op
WorkloadResult   9: 32768 op, 538445855.00 ns, 16.4321 us/op
WorkloadResult  10: 32768 op, 536242415.00 ns, 16.3648 us/op
WorkloadResult  11: 32768 op, 537336562.00 ns, 16.3982 us/op
WorkloadResult  12: 32768 op, 536084743.00 ns, 16.3600 us/op
WorkloadResult  13: 32768 op, 537567746.00 ns, 16.4053 us/op
WorkloadResult  14: 32768 op, 537532886.00 ns, 16.4042 us/op
// GC:  0 0 0 0 32768
// Threading:  0 0 32768

// AfterAll
// Benchmark Process 104896 has exited with code 0.

Mean = 16.377 μs, StdErr = 0.007 μs (0.04%), N = 14, StdDev = 0.028 μs
Min = 16.328 μs, Q1 = 16.361 μs, Median = 16.373 μs, Q3 = 16.396 μs, Max = 16.432 μs
IQR = 0.035 μs, LowerFence = 16.308 μs, UpperFence = 16.449 μs
ConfidenceInterval = [16.346 μs; 16.408 μs] (CI 99.9%), Margin = 0.031 μs (0.19% of Mean)
Skewness = 0.14, Kurtosis = 2.23, MValue = 2

// ** Remained 1 (50.0 %) benchmark(s) to run. Estimated finish 2026-08-31 18:02 (0h 0m from now) **
// **************************
// Benchmark: QueueBenchmark.Queue_Enqueue: DefaultJob [Count=1000]
// *** Execute ***
// Launch: 1 / 1
// Execute: dotnet SweetLib.Benchmarks-DefaultJob-1.dll --anonymousPipes 119 120 --benchmarkName "QueueBenchmark.Queue_Enqueue(Count: 1000)" --job Default --benchmarkId 1 in /home/zynres/Projects/sweet-log/libraries/sweetlib-collections/src/SweetLib.Benchmarks/bin/Release/net10.0/SweetLib.Benchmarks-DefaultJob-1/bin/Release/net10.0
// Failed to set up high priority (Permission denied). In order to run benchmarks with high priority, make sure you have the right permissions.
// BeforeAnythingElse

// Benchmark Process Environment Information:
// BenchmarkDotNet v0.15.8
// Runtime=.NET 10.0.11 (10.0.11, 42.42.42.42424), X64 RyuJIT x86-64-v3
// GC=Concurrent Workstation
// HardwareIntrinsics=AVX2+BMI1+BMI2+F16C+FMA+LZCNT+MOVBE,AVX,SSE3+SSSE3+SSE4.1+SSE4.2+POPCNT,X86Base+SSE+SSE2,AES+PCLMUL,AvxVnni,SERIALIZE VectorSize=256
// Job: DefaultJob

OverheadJitting  1: 1 op, 129341.00 ns, 129.3410 us/op
WorkloadJitting  1: 1 op, 301697.00 ns, 301.6970 us/op

OverheadJitting  2: 16 op, 166699.00 ns, 10.4187 us/op
WorkloadJitting  2: 16 op, 967532.00 ns, 60.4708 us/op

WorkloadPilot    1: 16 op, 224192.00 ns, 14.0120 us/op
WorkloadPilot    2: 32 op, 408815.00 ns, 12.7755 us/op
WorkloadPilot    3: 64 op, 708052.00 ns, 11.0633 us/op
WorkloadPilot    4: 128 op, 1381150.00 ns, 10.7902 us/op
WorkloadPilot    5: 256 op, 2520814.00 ns, 9.8469 us/op
WorkloadPilot    6: 512 op, 4706840.00 ns, 9.1930 us/op
WorkloadPilot    7: 1024 op, 8837048.00 ns, 8.6299 us/op
WorkloadPilot    8: 2048 op, 17176138.00 ns, 8.3868 us/op
WorkloadPilot    9: 4096 op, 35740472.00 ns, 8.7257 us/op
WorkloadPilot   10: 8192 op, 70656639.00 ns, 8.6251 us/op
WorkloadPilot   11: 16384 op, 134498043.00 ns, 8.2091 us/op
WorkloadPilot   12: 32768 op, 115756027.00 ns, 3.5326 us/op
WorkloadPilot   13: 65536 op, 181103143.00 ns, 2.7634 us/op
WorkloadPilot   14: 131072 op, 359375027.00 ns, 2.7418 us/op
WorkloadPilot   15: 262144 op, 712444036.00 ns, 2.7178 us/op

OverheadWarmup   1: 262144 op, 566846.00 ns, 2.1623 ns/op
OverheadWarmup   2: 262144 op, 565449.00 ns, 2.1570 ns/op
OverheadWarmup   3: 262144 op, 765939.00 ns, 2.9218 ns/op
OverheadWarmup   4: 262144 op, 921328.00 ns, 3.5146 ns/op
OverheadWarmup   5: 262144 op, 565975.00 ns, 2.1590 ns/op
OverheadWarmup   6: 262144 op, 576331.00 ns, 2.1985 ns/op
OverheadWarmup   7: 262144 op, 570706.00 ns, 2.1771 ns/op

OverheadActual   1: 262144 op, 572906.00 ns, 2.1855 ns/op
OverheadActual   2: 262144 op, 571340.00 ns, 2.1795 ns/op
OverheadActual   3: 262144 op, 557305.00 ns, 2.1259 ns/op
OverheadActual   4: 262144 op, 920231.00 ns, 3.5104 ns/op
OverheadActual   5: 262144 op, 911930.00 ns, 3.4787 ns/op
OverheadActual   6: 262144 op, 764972.00 ns, 2.9181 ns/op
OverheadActual   7: 262144 op, 926771.00 ns, 3.5354 ns/op
OverheadActual   8: 262144 op, 715849.00 ns, 2.7307 ns/op
OverheadActual   9: 262144 op, 771433.00 ns, 2.9428 ns/op
OverheadActual  10: 262144 op, 712107.00 ns, 2.7165 ns/op
OverheadActual  11: 262144 op, 880817.00 ns, 3.3601 ns/op
OverheadActual  12: 262144 op, 861591.00 ns, 3.2867 ns/op
OverheadActual  13: 262144 op, 557026.00 ns, 2.1249 ns/op
OverheadActual  14: 262144 op, 556970.00 ns, 2.1247 ns/op
OverheadActual  15: 262144 op, 557064.00 ns, 2.1250 ns/op
OverheadActual  16: 262144 op, 557090.00 ns, 2.1251 ns/op
OverheadActual  17: 262144 op, 556502.00 ns, 2.1229 ns/op
OverheadActual  18: 262144 op, 557176.00 ns, 2.1255 ns/op
OverheadActual  19: 262144 op, 556605.00 ns, 2.1233 ns/op
OverheadActual  20: 262144 op, 566217.00 ns, 2.1599 ns/op

WorkloadWarmup   1: 262144 op, 449110715.00 ns, 1.7132 us/op
WorkloadWarmup   2: 262144 op, 1015664374.00 ns, 3.8745 us/op
WorkloadWarmup   3: 262144 op, 538086840.00 ns, 2.0526 us/op
WorkloadWarmup   4: 262144 op, 445790479.00 ns, 1.7006 us/op
WorkloadWarmup   5: 262144 op, 445420998.00 ns, 1.6991 us/op
WorkloadWarmup   6: 262144 op, 20739082294.00 ns, 79.1133 us/op

OutOfMemoryException!
BenchmarkDotNet continues to run additional iterations until desired accuracy level is achieved. It's possible only if the benchmark method doesn't have any side-effects.
If your benchmark allocates memory and keeps it alive, you are creating a memory leak.
You should redesign your benchmark and remove the side-effects. You can use `OperationsPerInvoke`, `IterationSetup` and `IterationCleanup` to do that.

System.Reflection.TargetInvocationException: Exception has been thrown by the target of an invocation.
 ---> System.OutOfMemoryException: Array dimensions exceeded supported range.
   at System.Collections.Generic.Queue`1.SetCapacity(Int32 capacity)
   at System.Collections.Generic.Queue`1.Grow(Int32 capacity)
   at QueueBenchmark.Queue_Enqueue() in /home/zynres/Projects/sweet-log/libraries/sweetlib-collections/src/SweetLib.Benchmarks/Program.cs:line 32
   at BenchmarkDotNet.Autogenerated.Runnable_1.WorkloadActionUnroll(Int64 invokeCount) in /home/zynres/Projects/sweet-log/libraries/sweetlib-collections/src/SweetLib.Benchmarks/bin/Release/net10.0/SweetLib.Benchmarks-DefaultJob-1/SweetLib.Benchmarks-DefaultJob-1.notcs:line 488
   at BenchmarkDotNet.Engines.Engine.Measure(Action`1 action, Int64 invokeCount)
   at BenchmarkDotNet.Engines.Engine.RunIteration(IterationData data)
   at BenchmarkDotNet.Engines.Engine.Run()
   at BenchmarkDotNet.Autogenerated.Runnable_1.Run(IHost host, String benchmarkName) in /home/zynres/Projects/sweet-log/libraries/sweetlib-collections/src/SweetLib.Benchmarks/bin/Release/net10.0/SweetLib.Benchmarks-DefaultJob-1/SweetLib.Benchmarks-DefaultJob-1.notcs:line 370
   at System.Reflection.MethodBaseInvoker.InterpretedInvoke_Method(Object obj, IntPtr* args)
   at System.Reflection.MethodBaseInvoker.InvokeDirectByRefWithFewArgs(Object obj, Span`1 copyOfArgs, BindingFlags invokeAttr)
   --- End of inner exception stack trace ---
   at System.Reflection.MethodBaseInvoker.InvokeDirectByRefWithFewArgs(Object obj, Span`1 copyOfArgs, BindingFlags invokeAttr)
   at System.Reflection.MethodBaseInvoker.InvokeWithFewArgs(Object obj, BindingFlags invokeAttr, Binder binder, Object[] parameters, CultureInfo culture)
   at System.Reflection.RuntimeMethodInfo.Invoke(Object obj, BindingFlags invokeAttr, Binder binder, Object[] parameters, CultureInfo culture)
   at BenchmarkDotNet.Autogenerated.UniqueProgramName.AfterAssemblyLoadingAttached(String[] args) in /home/zynres/Projects/sweet-log/libraries/sweetlib-collections/src/SweetLib.Benchmarks/bin/Release/net10.0/SweetLib.Benchmarks-DefaultJob-1/SweetLib.Benchmarks-DefaultJob-1.notcs:line 57
// AfterAll
No Workload Results were obtained from the run.
// Benchmark Process 104979 has exited with code 255.

// ** Remained 0 (0.0 %) benchmark(s) to run. Estimated finish 2026-08-31 18:03 (0h 0m from now) **
// ***** BenchmarkRunner: Finish  *****

// * Export *
  BenchmarkDotNet.Artifacts/results/QueueBenchmark-report.csv
  BenchmarkDotNet.Artifacts/results/QueueBenchmark-report-github.md
  BenchmarkDotNet.Artifacts/results/QueueBenchmark-report.html

// * Detailed results *
QueueBenchmark.UnsafeQueue_Enqueue: DefaultJob [Count=1000]
Runtime = .NET 10.0.11 (10.0.11, 42.42.42.42424), X64 RyuJIT x86-64-v3; GC = Concurrent Workstation
Mean = 16.377 μs, StdErr = 0.007 μs (0.04%), N = 14, StdDev = 0.028 μs
Min = 16.328 μs, Q1 = 16.361 μs, Median = 16.373 μs, Q3 = 16.396 μs, Max = 16.432 μs
IQR = 0.035 μs, LowerFence = 16.308 μs, UpperFence = 16.449 μs
ConfidenceInterval = [16.346 μs; 16.408 μs] (CI 99.9%), Margin = 0.031 μs (0.19% of Mean)
Skewness = 0.14, Kurtosis = 2.23, MValue = 2
-------------------- Histogram --------------------
[16.313 μs ; 16.447 μs) | @@@@@@@@@@@@@@
---------------------------------------------------

QueueBenchmark.Queue_Enqueue: DefaultJob [Count=1000]
Runtime = .NET 10.0.11 (10.0.11, 42.42.42.42424), X64 RyuJIT x86-64-v3; GC = Concurrent Workstation
There are not any results runs

// * Summary *

BenchmarkDotNet v0.15.8, Linux Arch Linux
12th Gen Intel Core i5-1235U 0.40GHz, 1 CPU, 12 logical and 10 physical cores
.NET SDK 10.0.111
  [Host]     : .NET 10.0.11 (10.0.11, 42.42.42.42424), X64 RyuJIT x86-64-v3
  DefaultJob : .NET 10.0.11 (10.0.11, 42.42.42.42424), X64 RyuJIT x86-64-v3


| Method              | Count | Mean     | Error    | StdDev   | Allocated |
|-------------------- |------ |---------:|---------:|---------:|----------:|
| UnsafeQueue_Enqueue | 1000  | 16.38 μs | 0.031 μs | 0.028 μs |         - |
| Queue_Enqueue       | 1000  |       NA |       NA |       NA |        NA |

Benchmarks with issues:
  QueueBenchmark.Queue_Enqueue: DefaultJob [Count=1000]

// * Hints *
Outliers
  QueueBenchmark.UnsafeQueue_Enqueue: Default -> 1 outlier  was  removed (24.62 μs)

// * Legends *
  Count     : Value of the 'Count' parameter
  Mean      : Arithmetic mean of all measurements
  Error     : Half of 99.9% confidence interval
  StdDev    : Standard deviation of all measurements
  Allocated : Allocated memory per single operation (managed only, inclusive, 1KB = 1024B)
  1 μs      : 1 Microsecond (0.000001 sec)

// * Diagnostic Output - MemoryDiagnoser *


// ***** BenchmarkRunner: End *****
Run time: 00:00:40 (40.35 sec), executed benchmarks: 2

Global total time: 00:00:48 (48.36 sec), executed benchmarks: 2
// * Artifacts cleanup *
Artifacts cleanup is finished
