// Validating benchmarks:
// ***** BenchmarkRunner: Start   *****
// ***** Found 2 benchmark(s) in total *****
// ***** Building 1 exe(s) in Parallel: Start   *****
// start dotnet  restore --nodeReuse:false /p:UseSharedCompilation=false /p:Deterministic=true /p:Optimize=true /p:ArtifactsPath="/home/zynres/Projects/sweet-log/libraries/sweetlib-collections/src/SweetLib.Benchmarks/bin/Release/net10.0/SweetLib.Benchmarks-DefaultJob-1/" /p:OutDir="/home/zynres/Projects/sweet-log/libraries/sweetlib-collections/src/SweetLib.Benchmarks/bin/Release/net10.0/SweetLib.Benchmarks-DefaultJob-1/bin/Release/net10.0/" /p:OutputPath="/home/zynres/Projects/sweet-log/libraries/sweetlib-collections/src/SweetLib.Benchmarks/bin/Release/net10.0/SweetLib.Benchmarks-DefaultJob-1/bin/Release/net10.0/" /p:PublishDir="/home/zynres/Projects/sweet-log/libraries/sweetlib-collections/src/SweetLib.Benchmarks/bin/Release/net10.0/SweetLib.Benchmarks-DefaultJob-1/publish/" in /home/zynres/Projects/sweet-log/libraries/sweetlib-collections/src/SweetLib.Benchmarks/bin/Release/net10.0/SweetLib.Benchmarks-DefaultJob-1
// command took 0.84 sec and exited with 0
// start dotnet  build -c Release --no-restore --nodeReuse:false /p:UseSharedCompilation=false /p:Deterministic=true /p:Optimize=true /p:ArtifactsPath="/home/zynres/Projects/sweet-log/libraries/sweetlib-collections/src/SweetLib.Benchmarks/bin/Release/net10.0/SweetLib.Benchmarks-DefaultJob-1/" /p:OutDir="/home/zynres/Projects/sweet-log/libraries/sweetlib-collections/src/SweetLib.Benchmarks/bin/Release/net10.0/SweetLib.Benchmarks-DefaultJob-1/bin/Release/net10.0/" /p:OutputPath="/home/zynres/Projects/sweet-log/libraries/sweetlib-collections/src/SweetLib.Benchmarks/bin/Release/net10.0/SweetLib.Benchmarks-DefaultJob-1/bin/Release/net10.0/" /p:PublishDir="/home/zynres/Projects/sweet-log/libraries/sweetlib-collections/src/SweetLib.Benchmarks/bin/Release/net10.0/SweetLib.Benchmarks-DefaultJob-1/publish/" --output "/home/zynres/Projects/sweet-log/libraries/sweetlib-collections/src/SweetLib.Benchmarks/bin/Release/net10.0/SweetLib.Benchmarks-DefaultJob-1/bin/Release/net10.0/" in /home/zynres/Projects/sweet-log/libraries/sweetlib-collections/src/SweetLib.Benchmarks/bin/Release/net10.0/SweetLib.Benchmarks-DefaultJob-1
// command took 6.88 sec and exited with 0
// ***** Done, took 00:00:07 (7.75 sec)   *****
// Found 2 benchmarks:
//   QueueBenchmark.UnsafeQueue_Enqueue: DefaultJob [Count=10000000]
//   QueueBenchmark.Queue_Enqueue: DefaultJob [Count=10000000]

// **************************
// Benchmark: QueueBenchmark.UnsafeQueue_Enqueue: DefaultJob [Count=10000000]
// *** Execute ***
// Launch: 1 / 1
// Execute: dotnet SweetLib.Benchmarks-DefaultJob-1.dll --anonymousPipes 119 120 --benchmarkName "QueueBenchmark.UnsafeQueue_Enqueue(Count: 10000000)" --job Default --benchmarkId 0 in /home/zynres/Projects/sweet-log/libraries/sweetlib-collections/src/SweetLib.Benchmarks/bin/Release/net10.0/SweetLib.Benchmarks-DefaultJob-1/bin/Release/net10.0
// Failed to set up high priority (Permission denied). In order to run benchmarks with high priority, make sure you have the right permissions.
// BeforeAnythingElse

// Benchmark Process Environment Information:
// BenchmarkDotNet v0.15.8
// Runtime=.NET 10.0.11 (10.0.11, 42.42.42.42424), X64 RyuJIT x86-64-v3
// GC=Concurrent Workstation
// HardwareIntrinsics=AVX2+BMI1+BMI2+F16C+FMA+LZCNT+MOVBE,AVX,SSE3+SSSE3+SSE4.1+SSE4.2+POPCNT,X86Base+SSE+SSE2,AES+PCLMUL,AvxVnni,SERIALIZE VectorSize=256
// Job: DefaultJob

OverheadJitting  1: 1 op, 129352.00 ns, 129.3520 us/op
WorkloadJitting  1: 1 op, 17958649.00 ns, 17.9586 ms/op

OverheadJitting  2: 16 op, 191508.00 ns, 11.9693 us/op
WorkloadJitting  2: 16 op, 264192338.00 ns, 16.5120 ms/op

WorkloadPilot    1: 16 op, 259832396.00 ns, 16.2395 ms/op
WorkloadPilot    2: 32 op, 429312246.00 ns, 13.4160 ms/op
WorkloadPilot    3: 64 op, 723090059.00 ns, 11.2983 ms/op

OverheadWarmup   1: 64 op, 1652.00 ns, 25.8125 ns/op
OverheadWarmup   2: 64 op, 260.00 ns, 4.0625 ns/op
OverheadWarmup   3: 64 op, 188.00 ns, 2.9375 ns/op
OverheadWarmup   4: 64 op, 195.00 ns, 3.0469 ns/op
OverheadWarmup   5: 64 op, 265.00 ns, 4.1406 ns/op
OverheadWarmup   6: 64 op, 315.00 ns, 4.9219 ns/op
OverheadWarmup   7: 64 op, 210.00 ns, 3.2813 ns/op
OverheadWarmup   8: 64 op, 246.00 ns, 3.8438 ns/op
OverheadWarmup   9: 64 op, 221.00 ns, 3.4531 ns/op

OverheadActual   1: 64 op, 1775.00 ns, 27.7344 ns/op
OverheadActual   2: 64 op, 762.00 ns, 11.9063 ns/op
OverheadActual   3: 64 op, 655.00 ns, 10.2344 ns/op
OverheadActual   4: 64 op, 304.00 ns, 4.7500 ns/op
OverheadActual   5: 64 op, 513.00 ns, 8.0156 ns/op
OverheadActual   6: 64 op, 237.00 ns, 3.7031 ns/op
OverheadActual   7: 64 op, 221.00 ns, 3.4531 ns/op
OverheadActual   8: 64 op, 204.00 ns, 3.1875 ns/op
OverheadActual   9: 64 op, 210.00 ns, 3.2813 ns/op
OverheadActual  10: 64 op, 193.00 ns, 3.0156 ns/op
OverheadActual  11: 64 op, 196.00 ns, 3.0625 ns/op
OverheadActual  12: 64 op, 244.00 ns, 3.8125 ns/op
OverheadActual  13: 64 op, 248.00 ns, 3.8750 ns/op
OverheadActual  14: 64 op, 228.00 ns, 3.5625 ns/op
OverheadActual  15: 64 op, 231.00 ns, 3.6094 ns/op
OverheadActual  16: 64 op, 236.00 ns, 3.6875 ns/op
OverheadActual  17: 64 op, 232.00 ns, 3.6250 ns/op
OverheadActual  18: 64 op, 545.00 ns, 8.5156 ns/op
OverheadActual  19: 64 op, 223.00 ns, 3.4844 ns/op
OverheadActual  20: 64 op, 236.00 ns, 3.6875 ns/op

WorkloadWarmup   1: 64 op, 729725553.00 ns, 11.4020 ms/op
WorkloadWarmup   2: 64 op, 721333214.00 ns, 11.2708 ms/op
WorkloadWarmup   3: 64 op, 722658894.00 ns, 11.2915 ms/op
WorkloadWarmup   4: 64 op, 722350694.00 ns, 11.2867 ms/op
WorkloadWarmup   5: 64 op, 720199376.00 ns, 11.2531 ms/op
WorkloadWarmup   6: 64 op, 725692936.00 ns, 11.3390 ms/op
WorkloadWarmup   7: 64 op, 722726490.00 ns, 11.2926 ms/op

// BeforeActualRun
WorkloadActual   1: 64 op, 720433745.00 ns, 11.2568 ms/op
WorkloadActual   2: 64 op, 725320125.00 ns, 11.3331 ms/op
WorkloadActual   3: 64 op, 721735043.00 ns, 11.2771 ms/op
WorkloadActual   4: 64 op, 724024747.00 ns, 11.3129 ms/op
WorkloadActual   5: 64 op, 721667253.00 ns, 11.2761 ms/op
WorkloadActual   6: 64 op, 721912053.00 ns, 11.2799 ms/op
WorkloadActual   7: 64 op, 725650405.00 ns, 11.3383 ms/op
WorkloadActual   8: 64 op, 720844187.00 ns, 11.2632 ms/op
WorkloadActual   9: 64 op, 723806894.00 ns, 11.3095 ms/op
WorkloadActual  10: 64 op, 724620376.00 ns, 11.3222 ms/op
WorkloadActual  11: 64 op, 723181467.00 ns, 11.2997 ms/op
WorkloadActual  12: 64 op, 720423475.00 ns, 11.2566 ms/op
WorkloadActual  13: 64 op, 723164740.00 ns, 11.2994 ms/op
WorkloadActual  14: 64 op, 723530931.00 ns, 11.3052 ms/op
WorkloadActual  15: 64 op, 723189552.00 ns, 11.2998 ms/op

// AfterActualRun
WorkloadResult   1: 64 op, 720433509.00 ns, 11.2568 ms/op
WorkloadResult   2: 64 op, 725319889.00 ns, 11.3331 ms/op
WorkloadResult   3: 64 op, 721734807.00 ns, 11.2771 ms/op
WorkloadResult   4: 64 op, 724024511.00 ns, 11.3129 ms/op
WorkloadResult   5: 64 op, 721667017.00 ns, 11.2760 ms/op
WorkloadResult   6: 64 op, 721911817.00 ns, 11.2799 ms/op
WorkloadResult   7: 64 op, 725650169.00 ns, 11.3383 ms/op
WorkloadResult   8: 64 op, 720843951.00 ns, 11.2632 ms/op
WorkloadResult   9: 64 op, 723806658.00 ns, 11.3095 ms/op
WorkloadResult  10: 64 op, 724620140.00 ns, 11.3222 ms/op
WorkloadResult  11: 64 op, 723181231.00 ns, 11.2997 ms/op
WorkloadResult  12: 64 op, 720423239.00 ns, 11.2566 ms/op
WorkloadResult  13: 64 op, 723164504.00 ns, 11.2994 ms/op
WorkloadResult  14: 64 op, 723530695.00 ns, 11.3052 ms/op
WorkloadResult  15: 64 op, 723189316.00 ns, 11.2998 ms/op
// GC:  0 0 0 0 64
// Threading:  0 0 64

// AfterAll
// Benchmark Process 125914 has exited with code 0.

Mean = 11.295 ms, StdErr = 0.007 ms (0.06%), N = 15, StdDev = 0.026 ms
Min = 11.257 ms, Q1 = 11.277 ms, Median = 11.300 ms, Q3 = 11.311 ms, Max = 11.338 ms
IQR = 0.035 ms, LowerFence = 11.225 ms, UpperFence = 11.363 ms
ConfidenceInterval = [11.267 ms; 11.323 ms] (CI 99.9%), Margin = 0.028 ms (0.25% of Mean)
Skewness = -0.01, Kurtosis = 1.69, MValue = 2

// ** Remained 1 (50.0 %) benchmark(s) to run. Estimated finish 2026-08-31 18:45 (0h 0m from now) **
// **************************
// Benchmark: QueueBenchmark.Queue_Enqueue: DefaultJob [Count=10000000]
// *** Execute ***
// Launch: 1 / 1
// Execute: dotnet SweetLib.Benchmarks-DefaultJob-1.dll --anonymousPipes 119 120 --benchmarkName "QueueBenchmark.Queue_Enqueue(Count: 10000000)" --job Default --benchmarkId 1 in /home/zynres/Projects/sweet-log/libraries/sweetlib-collections/src/SweetLib.Benchmarks/bin/Release/net10.0/SweetLib.Benchmarks-DefaultJob-1/bin/Release/net10.0
// Failed to set up high priority (Permission denied). In order to run benchmarks with high priority, make sure you have the right permissions.
// BeforeAnythingElse

// Benchmark Process Environment Information:
// BenchmarkDotNet v0.15.8
// Runtime=.NET 10.0.11 (10.0.11, 42.42.42.42424), X64 RyuJIT x86-64-v3
// GC=Concurrent Workstation
// HardwareIntrinsics=AVX2+BMI1+BMI2+F16C+FMA+LZCNT+MOVBE,AVX,SSE3+SSSE3+SSE4.1+SSE4.2+POPCNT,X86Base+SSE+SSE2,AES+PCLMUL,AvxVnni,SERIALIZE VectorSize=256
// Job: DefaultJob

OverheadJitting  1: 1 op, 135309.00 ns, 135.3090 us/op
WorkloadJitting  1: 1 op, 18340447.00 ns, 18.3404 ms/op

OverheadJitting  2: 16 op, 288199.00 ns, 18.0124 us/op
WorkloadJitting  2: 16 op, 256185936.00 ns, 16.0116 ms/op

WorkloadPilot    1: 16 op, 238606017.00 ns, 14.9129 ms/op
WorkloadPilot    2: 32 op, 474341573.00 ns, 14.8232 ms/op
WorkloadPilot    3: 64 op, 958853267.00 ns, 14.9821 ms/op

OverheadWarmup   1: 64 op, 1664.00 ns, 26.0000 ns/op
OverheadWarmup   2: 64 op, 201.00 ns, 3.1406 ns/op
OverheadWarmup   3: 64 op, 251.00 ns, 3.9219 ns/op
OverheadWarmup   4: 64 op, 240.00 ns, 3.7500 ns/op
OverheadWarmup   5: 64 op, 304.00 ns, 4.7500 ns/op
OverheadWarmup   6: 64 op, 235.00 ns, 3.6719 ns/op

OverheadActual   1: 64 op, 759.00 ns, 11.8594 ns/op
OverheadActual   2: 64 op, 639.00 ns, 9.9844 ns/op
OverheadActual   3: 64 op, 581.00 ns, 9.0781 ns/op
OverheadActual   4: 64 op, 256.00 ns, 4.0000 ns/op
OverheadActual   5: 64 op, 541.00 ns, 8.4531 ns/op
OverheadActual   6: 64 op, 262.00 ns, 4.0938 ns/op
OverheadActual   7: 64 op, 211.00 ns, 3.2969 ns/op
OverheadActual   8: 64 op, 253.00 ns, 3.9531 ns/op
OverheadActual   9: 64 op, 210.00 ns, 3.2813 ns/op
OverheadActual  10: 64 op, 217.00 ns, 3.3906 ns/op
OverheadActual  11: 64 op, 250.00 ns, 3.9063 ns/op
OverheadActual  12: 64 op, 251.00 ns, 3.9219 ns/op
OverheadActual  13: 64 op, 218.00 ns, 3.4063 ns/op
OverheadActual  14: 64 op, 229.00 ns, 3.5781 ns/op
OverheadActual  15: 64 op, 280.00 ns, 4.3750 ns/op
OverheadActual  16: 64 op, 244.00 ns, 3.8125 ns/op
OverheadActual  17: 64 op, 236.00 ns, 3.6875 ns/op
OverheadActual  18: 64 op, 475.00 ns, 7.4219 ns/op
OverheadActual  19: 64 op, 285.00 ns, 4.4531 ns/op
OverheadActual  20: 64 op, 227.00 ns, 3.5469 ns/op

WorkloadWarmup   1: 64 op, 972644933.00 ns, 15.1976 ms/op
WorkloadWarmup   2: 64 op, 965644594.00 ns, 15.0882 ms/op
WorkloadWarmup   3: 64 op, 952885239.00 ns, 14.8888 ms/op
WorkloadWarmup   4: 64 op, 961897024.00 ns, 15.0296 ms/op
WorkloadWarmup   5: 64 op, 962425161.00 ns, 15.0379 ms/op
WorkloadWarmup   6: 64 op, 967478204.00 ns, 15.1168 ms/op
WorkloadWarmup   7: 64 op, 944223336.00 ns, 14.7535 ms/op
WorkloadWarmup   8: 64 op, 973544210.00 ns, 15.2116 ms/op
WorkloadWarmup   9: 64 op, 966433650.00 ns, 15.1005 ms/op

// BeforeActualRun
WorkloadActual   1: 64 op, 971290912.00 ns, 15.1764 ms/op
WorkloadActual   2: 64 op, 949000110.00 ns, 14.8281 ms/op
WorkloadActual   3: 64 op, 945772944.00 ns, 14.7777 ms/op
WorkloadActual   4: 64 op, 943569548.00 ns, 14.7433 ms/op
WorkloadActual   5: 64 op, 950795533.00 ns, 14.8562 ms/op
WorkloadActual   6: 64 op, 944142113.00 ns, 14.7522 ms/op
WorkloadActual   7: 64 op, 949852322.00 ns, 14.8414 ms/op
WorkloadActual   8: 64 op, 942379675.00 ns, 14.7247 ms/op
WorkloadActual   9: 64 op, 942853688.00 ns, 14.7321 ms/op
WorkloadActual  10: 64 op, 949586874.00 ns, 14.8373 ms/op
WorkloadActual  11: 64 op, 945355015.00 ns, 14.7712 ms/op
WorkloadActual  12: 64 op, 950099277.00 ns, 14.8453 ms/op
WorkloadActual  13: 64 op, 943018609.00 ns, 14.7347 ms/op
WorkloadActual  14: 64 op, 942064888.00 ns, 14.7198 ms/op
WorkloadActual  15: 64 op, 941385572.00 ns, 14.7091 ms/op

// AfterActualRun
WorkloadResult   1: 64 op, 948999858.00 ns, 14.8281 ms/op
WorkloadResult   2: 64 op, 945772692.00 ns, 14.7777 ms/op
WorkloadResult   3: 64 op, 943569296.00 ns, 14.7433 ms/op
WorkloadResult   4: 64 op, 950795281.00 ns, 14.8562 ms/op
WorkloadResult   5: 64 op, 944141861.00 ns, 14.7522 ms/op
WorkloadResult   6: 64 op, 949852070.00 ns, 14.8414 ms/op
WorkloadResult   7: 64 op, 942379423.00 ns, 14.7247 ms/op
WorkloadResult   8: 64 op, 942853436.00 ns, 14.7321 ms/op
WorkloadResult   9: 64 op, 949586622.00 ns, 14.8373 ms/op
WorkloadResult  10: 64 op, 945354763.00 ns, 14.7712 ms/op
WorkloadResult  11: 64 op, 950099025.00 ns, 14.8453 ms/op
WorkloadResult  12: 64 op, 943018357.00 ns, 14.7347 ms/op
WorkloadResult  13: 64 op, 942064636.00 ns, 14.7198 ms/op
WorkloadResult  14: 64 op, 941385320.00 ns, 14.7091 ms/op
// GC:  24 24 24 2560011584 64
// Threading:  0 0 64

// AfterAll
// Benchmark Process 126021 has exited with code 0.

Mean = 14.777 ms, StdErr = 0.014 ms (0.10%), N = 14, StdDev = 0.054 ms
Min = 14.709 ms, Q1 = 14.733 ms, Median = 14.762 ms, Q3 = 14.835 ms, Max = 14.856 ms
IQR = 0.102 ms, LowerFence = 14.579 ms, UpperFence = 14.988 ms
ConfidenceInterval = [14.716 ms; 14.837 ms] (CI 99.9%), Margin = 0.061 ms (0.41% of Mean)
Skewness = 0.28, Kurtosis = 1.26, MValue = 2

// ** Remained 0 (0.0 %) benchmark(s) to run. Estimated finish 2026-08-31 18:45 (0h 0m from now) **
// ***** BenchmarkRunner: Finish  *****

// * Export *
  BenchmarkDotNet.Artifacts/results/QueueBenchmark-report.csv
  BenchmarkDotNet.Artifacts/results/QueueBenchmark-report-github.md
  BenchmarkDotNet.Artifacts/results/QueueBenchmark-report.html

// * Detailed results *
QueueBenchmark.UnsafeQueue_Enqueue: DefaultJob [Count=10000000]
Runtime = .NET 10.0.11 (10.0.11, 42.42.42.42424), X64 RyuJIT x86-64-v3; GC = Concurrent Workstation
Mean = 11.295 ms, StdErr = 0.007 ms (0.06%), N = 15, StdDev = 0.026 ms
Min = 11.257 ms, Q1 = 11.277 ms, Median = 11.300 ms, Q3 = 11.311 ms, Max = 11.338 ms
IQR = 0.035 ms, LowerFence = 11.225 ms, UpperFence = 11.363 ms
ConfidenceInterval = [11.267 ms; 11.323 ms] (CI 99.9%), Margin = 0.028 ms (0.25% of Mean)
Skewness = -0.01, Kurtosis = 1.69, MValue = 2
-------------------- Histogram --------------------
[11.243 ms ; 11.352 ms) | @@@@@@@@@@@@@@@
---------------------------------------------------

QueueBenchmark.Queue_Enqueue: DefaultJob [Count=10000000]
Runtime = .NET 10.0.11 (10.0.11, 42.42.42.42424), X64 RyuJIT x86-64-v3; GC = Concurrent Workstation
Mean = 14.777 ms, StdErr = 0.014 ms (0.10%), N = 14, StdDev = 0.054 ms
Min = 14.709 ms, Q1 = 14.733 ms, Median = 14.762 ms, Q3 = 14.835 ms, Max = 14.856 ms
IQR = 0.102 ms, LowerFence = 14.579 ms, UpperFence = 14.988 ms
ConfidenceInterval = [14.716 ms; 14.837 ms] (CI 99.9%), Margin = 0.061 ms (0.41% of Mean)
Skewness = 0.28, Kurtosis = 1.26, MValue = 2
-------------------- Histogram --------------------
[14.680 ms ; 14.885 ms) | @@@@@@@@@@@@@@
---------------------------------------------------

// * Summary *

BenchmarkDotNet v0.15.8, Linux Arch Linux
12th Gen Intel Core i5-1235U 0.40GHz, 1 CPU, 12 logical and 10 physical cores
.NET SDK 10.0.111
  [Host]     : .NET 10.0.11 (10.0.11, 42.42.42.42424), X64 RyuJIT x86-64-v3
  DefaultJob : .NET 10.0.11 (10.0.11, 42.42.42.42424), X64 RyuJIT x86-64-v3


| Method              | Count    | Mean     | Error    | StdDev   | Gen0     | Gen1     | Gen2     | Allocated  |
|-------------------- |--------- |---------:|---------:|---------:|---------:|---------:|---------:|-----------:|
| UnsafeQueue_Enqueue | 10000000 | 11.30 ms | 0.028 ms | 0.026 ms |        - |        - |        - |          - |
| Queue_Enqueue       | 10000000 | 14.78 ms | 0.061 ms | 0.054 ms | 375.0000 | 375.0000 | 375.0000 | 40000181 B |

// * Hints *
Outliers
  QueueBenchmark.Queue_Enqueue: Default -> 1 outlier  was  removed (15.18 ms)

// * Legends *
  Count     : Value of the 'Count' parameter
  Mean      : Arithmetic mean of all measurements
  Error     : Half of 99.9% confidence interval
  StdDev    : Standard deviation of all measurements
  Gen0      : GC Generation 0 collects per 1000 operations
  Gen1      : GC Generation 1 collects per 1000 operations
  Gen2      : GC Generation 2 collects per 1000 operations
  Allocated : Allocated memory per single operation (managed only, inclusive, 1KB = 1024B)
  1 ms      : 1 Millisecond (0.001 sec)

// * Diagnostic Output - MemoryDiagnoser *


// ***** BenchmarkRunner: End *****
Run time: 00:00:44 (44.43 sec), executed benchmarks: 2

Global total time: 00:00:52 (52.27 sec), executed benchmarks: 2
// * Artifacts cleanup *
Artifacts cleanup is finished
