// Validating benchmarks:
// ***** BenchmarkRunner: Start   *****
// ***** Found 2 benchmark(s) in total *****
// ***** Building 1 exe(s) in Parallel: Start   *****
// start dotnet  restore --nodeReuse:false /p:UseSharedCompilation=false /p:Deterministic=true /p:Optimize=true /p:ArtifactsPath="/home/zynres/Projects/sweet-log/libraries/sweetlib-collections/src/SweetLib.Benchmarks/bin/Release/net10.0/SweetLib.Benchmarks-DefaultJob-1/" /p:OutDir="/home/zynres/Projects/sweet-log/libraries/sweetlib-collections/src/SweetLib.Benchmarks/bin/Release/net10.0/SweetLib.Benchmarks-DefaultJob-1/bin/Release/net10.0/" /p:OutputPath="/home/zynres/Projects/sweet-log/libraries/sweetlib-collections/src/SweetLib.Benchmarks/bin/Release/net10.0/SweetLib.Benchmarks-DefaultJob-1/bin/Release/net10.0/" /p:PublishDir="/home/zynres/Projects/sweet-log/libraries/sweetlib-collections/src/SweetLib.Benchmarks/bin/Release/net10.0/SweetLib.Benchmarks-DefaultJob-1/publish/" in /home/zynres/Projects/sweet-log/libraries/sweetlib-collections/src/SweetLib.Benchmarks/bin/Release/net10.0/SweetLib.Benchmarks-DefaultJob-1
// command took 0.85 sec and exited with 0
// start dotnet  build -c Release --no-restore --nodeReuse:false /p:UseSharedCompilation=false /p:Deterministic=true /p:Optimize=true /p:ArtifactsPath="/home/zynres/Projects/sweet-log/libraries/sweetlib-collections/src/SweetLib.Benchmarks/bin/Release/net10.0/SweetLib.Benchmarks-DefaultJob-1/" /p:OutDir="/home/zynres/Projects/sweet-log/libraries/sweetlib-collections/src/SweetLib.Benchmarks/bin/Release/net10.0/SweetLib.Benchmarks-DefaultJob-1/bin/Release/net10.0/" /p:OutputPath="/home/zynres/Projects/sweet-log/libraries/sweetlib-collections/src/SweetLib.Benchmarks/bin/Release/net10.0/SweetLib.Benchmarks-DefaultJob-1/bin/Release/net10.0/" /p:PublishDir="/home/zynres/Projects/sweet-log/libraries/sweetlib-collections/src/SweetLib.Benchmarks/bin/Release/net10.0/SweetLib.Benchmarks-DefaultJob-1/publish/" --output "/home/zynres/Projects/sweet-log/libraries/sweetlib-collections/src/SweetLib.Benchmarks/bin/Release/net10.0/SweetLib.Benchmarks-DefaultJob-1/bin/Release/net10.0/" in /home/zynres/Projects/sweet-log/libraries/sweetlib-collections/src/SweetLib.Benchmarks/bin/Release/net10.0/SweetLib.Benchmarks-DefaultJob-1
// command took 6.87 sec and exited with 0
// ***** Done, took 00:00:07 (7.75 sec)   *****
// Found 2 benchmarks:
//   QueueBenchmark.UnsafeQueue_EnqueueDequeue: DefaultJob [Count=10000000]
//   QueueBenchmark.Queue_EnqueueDequeue: DefaultJob [Count=10000000]

// **************************
// Benchmark: QueueBenchmark.UnsafeQueue_EnqueueDequeue: DefaultJob [Count=10000000]
// *** Execute ***
// Launch: 1 / 1
// Execute: dotnet SweetLib.Benchmarks-DefaultJob-1.dll --anonymousPipes 119 120 --benchmarkName "QueueBenchmark.UnsafeQueue_EnqueueDequeue(Count: 10000000)" --job Default --benchmarkId 0 in /home/zynres/Projects/sweet-log/libraries/sweetlib-collections/src/SweetLib.Benchmarks/bin/Release/net10.0/SweetLib.Benchmarks-DefaultJob-1/bin/Release/net10.0
// Failed to set up high priority (Permission denied). In order to run benchmarks with high priority, make sure you have the right permissions.
// BeforeAnythingElse

// Benchmark Process Environment Information:
// BenchmarkDotNet v0.15.8
// Runtime=.NET 10.0.11 (10.0.11, 42.42.42.42424), X64 RyuJIT x86-64-v3
// GC=Concurrent Workstation
// HardwareIntrinsics=AVX2+BMI1+BMI2+F16C+FMA+LZCNT+MOVBE,AVX,SSE3+SSSE3+SSE4.1+SSE4.2+POPCNT,X86Base+SSE+SSE2,AES+PCLMUL,AvxVnni,SERIALIZE VectorSize=256
// Job: DefaultJob

OverheadJitting  1: 1 op, 133500.00 ns, 133.5000 us/op
WorkloadJitting  1: 1 op, 326916931.00 ns, 326.9169 ms/op

WorkloadPilot    1: 2 op, 639257079.00 ns, 319.6285 ms/op

WorkloadWarmup   1: 2 op, 637848582.00 ns, 318.9243 ms/op
WorkloadWarmup   2: 2 op, 635411278.00 ns, 317.7056 ms/op
WorkloadWarmup   3: 2 op, 637559276.00 ns, 318.7796 ms/op
WorkloadWarmup   4: 2 op, 636965690.00 ns, 318.4828 ms/op
WorkloadWarmup   5: 2 op, 636406616.00 ns, 318.2033 ms/op
WorkloadWarmup   6: 2 op, 637651914.00 ns, 318.8260 ms/op
WorkloadWarmup   7: 2 op, 638372498.00 ns, 319.1862 ms/op
WorkloadWarmup   8: 2 op, 636602520.00 ns, 318.3013 ms/op

// BeforeActualRun
WorkloadActual   1: 2 op, 637992600.00 ns, 318.9963 ms/op
WorkloadActual   2: 2 op, 636859061.00 ns, 318.4295 ms/op
WorkloadActual   3: 2 op, 636507577.00 ns, 318.2538 ms/op
WorkloadActual   4: 2 op, 639346268.00 ns, 319.6731 ms/op
WorkloadActual   5: 2 op, 636966849.00 ns, 318.4834 ms/op
WorkloadActual   6: 2 op, 639374261.00 ns, 319.6871 ms/op
WorkloadActual   7: 2 op, 639484584.00 ns, 319.7423 ms/op
WorkloadActual   8: 2 op, 635993795.00 ns, 317.9969 ms/op
WorkloadActual   9: 2 op, 640628492.00 ns, 320.3142 ms/op
WorkloadActual  10: 2 op, 638510086.00 ns, 319.2550 ms/op
WorkloadActual  11: 2 op, 636672658.00 ns, 318.3363 ms/op
WorkloadActual  12: 2 op, 637643378.00 ns, 318.8217 ms/op
WorkloadActual  13: 2 op, 636473526.00 ns, 318.2368 ms/op
WorkloadActual  14: 2 op, 636389022.00 ns, 318.1945 ms/op
WorkloadActual  15: 2 op, 640723113.00 ns, 320.3616 ms/op

// AfterActualRun
WorkloadResult   1: 2 op, 637992600.00 ns, 318.9963 ms/op
WorkloadResult   2: 2 op, 636859061.00 ns, 318.4295 ms/op
WorkloadResult   3: 2 op, 636507577.00 ns, 318.2538 ms/op
WorkloadResult   4: 2 op, 639346268.00 ns, 319.6731 ms/op
WorkloadResult   5: 2 op, 636966849.00 ns, 318.4834 ms/op
WorkloadResult   6: 2 op, 639374261.00 ns, 319.6871 ms/op
WorkloadResult   7: 2 op, 639484584.00 ns, 319.7423 ms/op
WorkloadResult   8: 2 op, 635993795.00 ns, 317.9969 ms/op
WorkloadResult   9: 2 op, 640628492.00 ns, 320.3142 ms/op
WorkloadResult  10: 2 op, 638510086.00 ns, 319.2550 ms/op
WorkloadResult  11: 2 op, 636672658.00 ns, 318.3363 ms/op
WorkloadResult  12: 2 op, 637643378.00 ns, 318.8217 ms/op
WorkloadResult  13: 2 op, 636473526.00 ns, 318.2368 ms/op
WorkloadResult  14: 2 op, 636389022.00 ns, 318.1945 ms/op
WorkloadResult  15: 2 op, 640723113.00 ns, 320.3616 ms/op
// GC:  0 0 0 0 2
// Threading:  0 0 2

// AfterAll
// Benchmark Process 167973 has exited with code 0.

Mean = 318.986 ms, StdErr = 0.207 ms (0.06%), N = 15, StdDev = 0.801 ms
Min = 317.997 ms, Q1 = 318.295 ms, Median = 318.822 ms, Q3 = 319.680 ms, Max = 320.362 ms
IQR = 1.385 ms, LowerFence = 316.217 ms, UpperFence = 321.758 ms
ConfidenceInterval = [318.129 ms; 319.842 ms] (CI 99.9%), Margin = 0.856 ms (0.27% of Mean)
Skewness = 0.42, Kurtosis = 1.59, MValue = 2

// ** Remained 1 (50.0 %) benchmark(s) to run. Estimated finish 2026-08-31 20:14 (0h 0m from now) **
// **************************
// Benchmark: QueueBenchmark.Queue_EnqueueDequeue: DefaultJob [Count=10000000]
// *** Execute ***
// Launch: 1 / 1
// Execute: dotnet SweetLib.Benchmarks-DefaultJob-1.dll --anonymousPipes 119 120 --benchmarkName "QueueBenchmark.Queue_EnqueueDequeue(Count: 10000000)" --job Default --benchmarkId 1 in /home/zynres/Projects/sweet-log/libraries/sweetlib-collections/src/SweetLib.Benchmarks/bin/Release/net10.0/SweetLib.Benchmarks-DefaultJob-1/bin/Release/net10.0
// Failed to set up high priority (Permission denied). In order to run benchmarks with high priority, make sure you have the right permissions.
// BeforeAnythingElse

// Benchmark Process Environment Information:
// BenchmarkDotNet v0.15.8
// Runtime=.NET 10.0.11 (10.0.11, 42.42.42.42424), X64 RyuJIT x86-64-v3
// GC=Concurrent Workstation
// HardwareIntrinsics=AVX2+BMI1+BMI2+F16C+FMA+LZCNT+MOVBE,AVX,SSE3+SSSE3+SSE4.1+SSE4.2+POPCNT,X86Base+SSE+SSE2,AES+PCLMUL,AvxVnni,SERIALIZE VectorSize=256
// Job: DefaultJob

OverheadJitting  1: 1 op, 141587.00 ns, 141.5870 us/op
WorkloadJitting  1: 1 op, 27174870.00 ns, 27.1749 ms/op

OverheadJitting  2: 16 op, 289153.00 ns, 18.0721 us/op
WorkloadJitting  2: 16 op, 376766014.00 ns, 23.5479 ms/op

WorkloadPilot    1: 16 op, 380896008.00 ns, 23.8060 ms/op
WorkloadPilot    2: 32 op, 744124534.00 ns, 23.2539 ms/op

OverheadWarmup   1: 32 op, 1833.00 ns, 57.2813 ns/op
OverheadWarmup   2: 32 op, 168.00 ns, 5.2500 ns/op
OverheadWarmup   3: 32 op, 482.00 ns, 15.0625 ns/op
OverheadWarmup   4: 32 op, 443.00 ns, 13.8438 ns/op
OverheadWarmup   5: 32 op, 520.00 ns, 16.2500 ns/op
OverheadWarmup   6: 32 op, 340.00 ns, 10.6250 ns/op

OverheadActual   1: 32 op, 453.00 ns, 14.1563 ns/op
OverheadActual   2: 32 op, 441.00 ns, 13.7813 ns/op
OverheadActual   3: 32 op, 441.00 ns, 13.7813 ns/op
OverheadActual   4: 32 op, 253.00 ns, 7.9063 ns/op
OverheadActual   5: 32 op, 428.00 ns, 13.3750 ns/op
OverheadActual   6: 32 op, 203.00 ns, 6.3438 ns/op
OverheadActual   7: 32 op, 151.00 ns, 4.7188 ns/op
OverheadActual   8: 32 op, 122.00 ns, 3.8125 ns/op
OverheadActual   9: 32 op, 130.00 ns, 4.0625 ns/op
OverheadActual  10: 32 op, 134.00 ns, 4.1875 ns/op
OverheadActual  11: 32 op, 208.00 ns, 6.5000 ns/op
OverheadActual  12: 32 op, 156.00 ns, 4.8750 ns/op
OverheadActual  13: 32 op, 144.00 ns, 4.5000 ns/op
OverheadActual  14: 32 op, 143.00 ns, 4.4688 ns/op
OverheadActual  15: 32 op, 168.00 ns, 5.2500 ns/op
OverheadActual  16: 32 op, 148.00 ns, 4.6250 ns/op
OverheadActual  17: 32 op, 137.00 ns, 4.2813 ns/op
OverheadActual  18: 32 op, 474.00 ns, 14.8125 ns/op
OverheadActual  19: 32 op, 233.00 ns, 7.2813 ns/op
OverheadActual  20: 32 op, 190.00 ns, 5.9375 ns/op

WorkloadWarmup   1: 32 op, 754164925.00 ns, 23.5677 ms/op
WorkloadWarmup   2: 32 op, 745427770.00 ns, 23.2946 ms/op
WorkloadWarmup   3: 32 op, 747938612.00 ns, 23.3731 ms/op
WorkloadWarmup   4: 32 op, 741164597.00 ns, 23.1614 ms/op
WorkloadWarmup   5: 32 op, 744988461.00 ns, 23.2809 ms/op
WorkloadWarmup   6: 32 op, 746214638.00 ns, 23.3192 ms/op
WorkloadWarmup   7: 32 op, 747977172.00 ns, 23.3743 ms/op
WorkloadWarmup   8: 32 op, 740237545.00 ns, 23.1324 ms/op

// BeforeActualRun
WorkloadActual   1: 32 op, 742967106.00 ns, 23.2177 ms/op
WorkloadActual   2: 32 op, 740969141.00 ns, 23.1553 ms/op
WorkloadActual   3: 32 op, 744373692.00 ns, 23.2617 ms/op
WorkloadActual   4: 32 op, 744064230.00 ns, 23.2520 ms/op
WorkloadActual   5: 32 op, 749882788.00 ns, 23.4338 ms/op
WorkloadActual   6: 32 op, 746562524.00 ns, 23.3301 ms/op
WorkloadActual   7: 32 op, 747280295.00 ns, 23.3525 ms/op
WorkloadActual   8: 32 op, 748840390.00 ns, 23.4013 ms/op
WorkloadActual   9: 32 op, 748639252.00 ns, 23.3950 ms/op
WorkloadActual  10: 32 op, 745142746.00 ns, 23.2857 ms/op
WorkloadActual  11: 32 op, 749603458.00 ns, 23.4251 ms/op
WorkloadActual  12: 32 op, 746685584.00 ns, 23.3339 ms/op
WorkloadActual  13: 32 op, 742531045.00 ns, 23.2041 ms/op
WorkloadActual  14: 32 op, 745309274.00 ns, 23.2909 ms/op
WorkloadActual  15: 32 op, 738046780.00 ns, 23.0640 ms/op

// AfterActualRun
WorkloadResult   1: 32 op, 742966927.00 ns, 23.2177 ms/op
WorkloadResult   2: 32 op, 740968962.00 ns, 23.1553 ms/op
WorkloadResult   3: 32 op, 744373513.00 ns, 23.2617 ms/op
WorkloadResult   4: 32 op, 744064051.00 ns, 23.2520 ms/op
WorkloadResult   5: 32 op, 749882609.00 ns, 23.4338 ms/op
WorkloadResult   6: 32 op, 746562345.00 ns, 23.3301 ms/op
WorkloadResult   7: 32 op, 747280116.00 ns, 23.3525 ms/op
WorkloadResult   8: 32 op, 748840211.00 ns, 23.4013 ms/op
WorkloadResult   9: 32 op, 748639073.00 ns, 23.3950 ms/op
WorkloadResult  10: 32 op, 745142567.00 ns, 23.2857 ms/op
WorkloadResult  11: 32 op, 749603279.00 ns, 23.4251 ms/op
WorkloadResult  12: 32 op, 746685405.00 ns, 23.3339 ms/op
WorkloadResult  13: 32 op, 742530866.00 ns, 23.2041 ms/op
WorkloadResult  14: 32 op, 745309095.00 ns, 23.2909 ms/op
WorkloadResult  15: 32 op, 738046601.00 ns, 23.0640 ms/op
// GC:  0 0 0 0 32
// Threading:  0 0 32

// AfterAll
// Benchmark Process 168064 has exited with code 0.

Mean = 23.294 ms, StdErr = 0.027 ms (0.12%), N = 15, StdDev = 0.105 ms
Min = 23.064 ms, Q1 = 23.235 ms, Median = 23.291 ms, Q3 = 23.374 ms, Max = 23.434 ms
IQR = 0.139 ms, LowerFence = 23.027 ms, UpperFence = 23.582 ms
ConfidenceInterval = [23.182 ms; 23.406 ms] (CI 99.9%), Margin = 0.112 ms (0.48% of Mean)
Skewness = -0.48, Kurtosis = 2.32, MValue = 2

// ** Remained 0 (0.0 %) benchmark(s) to run. Estimated finish 2026-08-31 20:14 (0h 0m from now) **
// ***** BenchmarkRunner: Finish  *****

// * Export *
  BenchmarkDotNet.Artifacts/results/QueueBenchmark-report.csv
  BenchmarkDotNet.Artifacts/results/QueueBenchmark-report-github.md
  BenchmarkDotNet.Artifacts/results/QueueBenchmark-report.html

// * Detailed results *
QueueBenchmark.UnsafeQueue_EnqueueDequeue: DefaultJob [Count=10000000]
Runtime = .NET 10.0.11 (10.0.11, 42.42.42.42424), X64 RyuJIT x86-64-v3; GC = Concurrent Workstation
Mean = 318.986 ms, StdErr = 0.207 ms (0.06%), N = 15, StdDev = 0.801 ms
Min = 317.997 ms, Q1 = 318.295 ms, Median = 318.822 ms, Q3 = 319.680 ms, Max = 320.362 ms
IQR = 1.385 ms, LowerFence = 316.217 ms, UpperFence = 321.758 ms
ConfidenceInterval = [318.129 ms; 319.842 ms] (CI 99.9%), Margin = 0.856 ms (0.27% of Mean)
Skewness = 0.42, Kurtosis = 1.59, MValue = 2
-------------------- Histogram --------------------
[317.571 ms ; 320.788 ms) | @@@@@@@@@@@@@@@
---------------------------------------------------

QueueBenchmark.Queue_EnqueueDequeue: DefaultJob [Count=10000000]
Runtime = .NET 10.0.11 (10.0.11, 42.42.42.42424), X64 RyuJIT x86-64-v3; GC = Concurrent Workstation
Mean = 23.294 ms, StdErr = 0.027 ms (0.12%), N = 15, StdDev = 0.105 ms
Min = 23.064 ms, Q1 = 23.235 ms, Median = 23.291 ms, Q3 = 23.374 ms, Max = 23.434 ms
IQR = 0.139 ms, LowerFence = 23.027 ms, UpperFence = 23.582 ms
ConfidenceInterval = [23.182 ms; 23.406 ms] (CI 99.9%), Margin = 0.112 ms (0.48% of Mean)
Skewness = -0.48, Kurtosis = 2.32, MValue = 2
-------------------- Histogram --------------------
[23.008 ms ; 23.490 ms) | @@@@@@@@@@@@@@@
---------------------------------------------------

// * Summary *

BenchmarkDotNet v0.15.8, Linux Arch Linux
12th Gen Intel Core i5-1235U 0.40GHz, 1 CPU, 12 logical and 10 physical cores
.NET SDK 10.0.111
  [Host]     : .NET 10.0.11 (10.0.11, 42.42.42.42424), X64 RyuJIT x86-64-v3
  DefaultJob : .NET 10.0.11 (10.0.11, 42.42.42.42424), X64 RyuJIT x86-64-v3


| Method                     | Count    | Mean      | Error    | StdDev   | Allocated |
|--------------------------- |--------- |----------:|---------:|---------:|----------:|
| UnsafeQueue_EnqueueDequeue | 10000000 | 318.99 ms | 0.856 ms | 0.801 ms |         - |
| Queue_EnqueueDequeue       | 10000000 |  23.29 ms | 0.112 ms | 0.105 ms |         - |

// * Legends *
  Count     : Value of the 'Count' parameter
  Mean      : Arithmetic mean of all measurements
  Error     : Half of 99.9% confidence interval
  StdDev    : Standard deviation of all measurements
  Allocated : Allocated memory per single operation (managed only, inclusive, 1KB = 1024B)
  1 ms      : 1 Millisecond (0.001 sec)

// * Diagnostic Output - MemoryDiagnoser *


// ***** BenchmarkRunner: End *****
Run time: 00:00:36 (36.05 sec), executed benchmarks: 2

Global total time: 00:00:43 (43.89 sec), executed benchmarks: 2
// * Artifacts cleanup *
Artifacts cleanup is finished
