// Validating benchmarks:
// ***** BenchmarkRunner: Start   *****
// ***** Found 2 benchmark(s) in total *****
// ***** Building 1 exe(s) in Parallel: Start   *****
// start dotnet  restore --nodeReuse:false /p:UseSharedCompilation=false /p:Deterministic=true /p:Optimize=true /p:ArtifactsPath="/home/zynres/Projects/sweet-log/libraries/sweetlib-collections/src/SweetLib.Benchmarks/bin/Release/net10.0/SweetLib.Benchmarks-Job-CNUJVU-1/" /p:OutDir="/home/zynres/Projects/sweet-log/libraries/sweetlib-collections/src/SweetLib.Benchmarks/bin/Release/net10.0/SweetLib.Benchmarks-Job-CNUJVU-1/bin/Release/net10.0/" /p:OutputPath="/home/zynres/Projects/sweet-log/libraries/sweetlib-collections/src/SweetLib.Benchmarks/bin/Release/net10.0/SweetLib.Benchmarks-Job-CNUJVU-1/bin/Release/net10.0/" /p:PublishDir="/home/zynres/Projects/sweet-log/libraries/sweetlib-collections/src/SweetLib.Benchmarks/bin/Release/net10.0/SweetLib.Benchmarks-Job-CNUJVU-1/publish/" in /home/zynres/Projects/sweet-log/libraries/sweetlib-collections/src/SweetLib.Benchmarks/bin/Release/net10.0/SweetLib.Benchmarks-Job-CNUJVU-1
// command took 0.82 sec and exited with 0
// start dotnet  build -c Release --no-restore --nodeReuse:false /p:UseSharedCompilation=false /p:Deterministic=true /p:Optimize=true /p:ArtifactsPath="/home/zynres/Projects/sweet-log/libraries/sweetlib-collections/src/SweetLib.Benchmarks/bin/Release/net10.0/SweetLib.Benchmarks-Job-CNUJVU-1/" /p:OutDir="/home/zynres/Projects/sweet-log/libraries/sweetlib-collections/src/SweetLib.Benchmarks/bin/Release/net10.0/SweetLib.Benchmarks-Job-CNUJVU-1/bin/Release/net10.0/" /p:OutputPath="/home/zynres/Projects/sweet-log/libraries/sweetlib-collections/src/SweetLib.Benchmarks/bin/Release/net10.0/SweetLib.Benchmarks-Job-CNUJVU-1/bin/Release/net10.0/" /p:PublishDir="/home/zynres/Projects/sweet-log/libraries/sweetlib-collections/src/SweetLib.Benchmarks/bin/Release/net10.0/SweetLib.Benchmarks-Job-CNUJVU-1/publish/" --output "/home/zynres/Projects/sweet-log/libraries/sweetlib-collections/src/SweetLib.Benchmarks/bin/Release/net10.0/SweetLib.Benchmarks-Job-CNUJVU-1/bin/Release/net10.0/" in /home/zynres/Projects/sweet-log/libraries/sweetlib-collections/src/SweetLib.Benchmarks/bin/Release/net10.0/SweetLib.Benchmarks-Job-CNUJVU-1
// command took 6.87 sec and exited with 0
// ***** Done, took 00:00:07 (7.74 sec)   *****
// Found 2 benchmarks:
//   QueueBenchmark.UnsafeQueue_Enqueue: Job-CNUJVU(InvocationCount=1, UnrollFactor=1) [Count=1000]
//   QueueBenchmark.Queue_Enqueue: Job-CNUJVU(InvocationCount=1, UnrollFactor=1) [Count=1000]

// **************************
// Benchmark: QueueBenchmark.UnsafeQueue_Enqueue: Job-CNUJVU(InvocationCount=1, UnrollFactor=1) [Count=1000]
// *** Execute ***
// Launch: 1 / 1
// Execute: dotnet SweetLib.Benchmarks-Job-CNUJVU-1.dll --anonymousPipes 119 120 --benchmarkName "QueueBenchmark.UnsafeQueue_Enqueue(Count: 1000)" --job "InvocationCount=1, UnrollFactor=1" --benchmarkId 0 in /home/zynres/Projects/sweet-log/libraries/sweetlib-collections/src/SweetLib.Benchmarks/bin/Release/net10.0/SweetLib.Benchmarks-Job-CNUJVU-1/bin/Release/net10.0
// Failed to set up high priority (Permission denied). In order to run benchmarks with high priority, make sure you have the right permissions.
// BeforeAnythingElse

// Benchmark Process Environment Information:
// BenchmarkDotNet v0.15.8
// Runtime=.NET 10.0.11 (10.0.11, 42.42.42.42424), X64 RyuJIT x86-64-v3
// GC=Concurrent Workstation
// HardwareIntrinsics=AVX2+BMI1+BMI2+F16C+FMA+LZCNT+MOVBE,AVX,SSE3+SSSE3+SSE4.1+SSE4.2+POPCNT,X86Base+SSE+SSE2,AES+PCLMUL,AvxVnni,SERIALIZE VectorSize=256
// Job: Job-CNUJVU(InvocationCount=1, UnrollFactor=1)

OverheadJitting  1: 1 op, 127725.00 ns, 127.7250 us/op
WorkloadJitting  1: 1 op, 441916.00 ns, 441.9160 us/op

OverheadWarmup   1: 1 op, 227.00 ns, 227.0000 ns/op
OverheadWarmup   2: 1 op, 63.00 ns, 63.0000 ns/op
OverheadWarmup   3: 1 op, 40.00 ns, 40.0000 ns/op
OverheadWarmup   4: 1 op, 35.00 ns, 35.0000 ns/op
OverheadWarmup   5: 1 op, 245.00 ns, 245.0000 ns/op
OverheadWarmup   6: 1 op, 28.00 ns, 28.0000 ns/op
OverheadWarmup   7: 1 op, 36.00 ns, 36.0000 ns/op
OverheadWarmup   8: 1 op, 27.00 ns, 27.0000 ns/op

OverheadActual   1: 1 op, 212.00 ns, 212.0000 ns/op
OverheadActual   2: 1 op, 139.00 ns, 139.0000 ns/op
OverheadActual   3: 1 op, 111.00 ns, 111.0000 ns/op
OverheadActual   4: 1 op, 56.00 ns, 56.0000 ns/op
OverheadActual   5: 1 op, 97.00 ns, 97.0000 ns/op
OverheadActual   6: 1 op, 55.00 ns, 55.0000 ns/op
OverheadActual   7: 1 op, 25.00 ns, 25.0000 ns/op
OverheadActual   8: 1 op, 54.00 ns, 54.0000 ns/op
OverheadActual   9: 1 op, 40.00 ns, 40.0000 ns/op
OverheadActual  10: 1 op, 25.00 ns, 25.0000 ns/op
OverheadActual  11: 1 op, 26.00 ns, 26.0000 ns/op
OverheadActual  12: 1 op, 150.00 ns, 150.0000 ns/op
OverheadActual  13: 1 op, 66.00 ns, 66.0000 ns/op
OverheadActual  14: 1 op, 35.00 ns, 35.0000 ns/op
OverheadActual  15: 1 op, 30.00 ns, 30.0000 ns/op
OverheadActual  16: 1 op, 30.00 ns, 30.0000 ns/op
OverheadActual  17: 1 op, 28.00 ns, 28.0000 ns/op
OverheadActual  18: 1 op, 124.00 ns, 124.0000 ns/op
OverheadActual  19: 1 op, 73.00 ns, 73.0000 ns/op
OverheadActual  20: 1 op, 27.00 ns, 27.0000 ns/op


System.Reflection.TargetInvocationException: Exception has been thrown by the target of an invocation.
 ---> System.NullReferenceException: Object reference not set to an instance of an object.
   at SweetLib.Collections.Unsafe.Concurrent.Queue.UnsafeConcurrentQueue`1.Enqueue(T& value) in /home/zynres/Projects/sweet-log/libraries/sweetlib-collections/src/SweetLib.Collections/Unsafe/Concurrent/Queue/UnsafeConcurrentQueue.cs:line 38
   at QueueBenchmark.UnsafeQueue_Enqueue() in /home/zynres/Projects/sweet-log/libraries/sweetlib-collections/src/SweetLib.Benchmarks/Program.cs:line 32
   at BenchmarkDotNet.Autogenerated.Runnable_0.WorkloadActionUnroll(Int64 invokeCount) in /home/zynres/Projects/sweet-log/libraries/sweetlib-collections/src/SweetLib.Benchmarks/bin/Release/net10.0/SweetLib.Benchmarks-Job-CNUJVU-1/SweetLib.Benchmarks-Job-CNUJVU-1.notcs:line 272
   at BenchmarkDotNet.Engines.Engine.Measure(Action`1 action, Int64 invokeCount)
   at BenchmarkDotNet.Engines.Engine.RunIteration(IterationData data)
   at BenchmarkDotNet.Engines.Engine.Run()
   at BenchmarkDotNet.Autogenerated.Runnable_0.Run(IHost host, String benchmarkName) in /home/zynres/Projects/sweet-log/libraries/sweetlib-collections/src/SweetLib.Benchmarks/bin/Release/net10.0/SweetLib.Benchmarks-Job-CNUJVU-1/SweetLib.Benchmarks-Job-CNUJVU-1.notcs:line 179
   at System.Reflection.MethodBaseInvoker.InterpretedInvoke_Method(Object obj, IntPtr* args)
   at System.Reflection.MethodBaseInvoker.InvokeDirectByRefWithFewArgs(Object obj, Span`1 copyOfArgs, BindingFlags invokeAttr)
   --- End of inner exception stack trace ---
   at System.Reflection.MethodBaseInvoker.InvokeDirectByRefWithFewArgs(Object obj, Span`1 copyOfArgs, BindingFlags invokeAttr)
   at System.Reflection.MethodBaseInvoker.InvokeWithFewArgs(Object obj, BindingFlags invokeAttr, Binder binder, Object[] parameters, CultureInfo culture)
   at System.Reflection.RuntimeMethodInfo.Invoke(Object obj, BindingFlags invokeAttr, Binder binder, Object[] parameters, CultureInfo culture)
   at BenchmarkDotNet.Autogenerated.UniqueProgramName.AfterAssemblyLoadingAttached(String[] args) in /home/zynres/Projects/sweet-log/libraries/sweetlib-collections/src/SweetLib.Benchmarks/bin/Release/net10.0/SweetLib.Benchmarks-Job-CNUJVU-1/SweetLib.Benchmarks-Job-CNUJVU-1.notcs:line 57
// AfterAll
No Workload Results were obtained from the run.
// Benchmark Process 107995 has exited with code 255.

// ** Remained 1 (50.0 %) benchmark(s) to run. Estimated finish 2026-08-31 18:08 (0h 0m from now) **
// **************************
// Benchmark: QueueBenchmark.Queue_Enqueue: Job-CNUJVU(InvocationCount=1, UnrollFactor=1) [Count=1000]
// *** Execute ***
// Launch: 1 / 1
// Execute: dotnet SweetLib.Benchmarks-Job-CNUJVU-1.dll --anonymousPipes 119 120 --benchmarkName "QueueBenchmark.Queue_Enqueue(Count: 1000)" --job "InvocationCount=1, UnrollFactor=1" --benchmarkId 1 in /home/zynres/Projects/sweet-log/libraries/sweetlib-collections/src/SweetLib.Benchmarks/bin/Release/net10.0/SweetLib.Benchmarks-Job-CNUJVU-1/bin/Release/net10.0
// Failed to set up high priority (Permission denied). In order to run benchmarks with high priority, make sure you have the right permissions.
// BeforeAnythingElse

// Benchmark Process Environment Information:
// BenchmarkDotNet v0.15.8
// Runtime=.NET 10.0.11 (10.0.11, 42.42.42.42424), X64 RyuJIT x86-64-v3
// GC=Concurrent Workstation
// HardwareIntrinsics=AVX2+BMI1+BMI2+F16C+FMA+LZCNT+MOVBE,AVX,SSE3+SSSE3+SSE4.1+SSE4.2+POPCNT,X86Base+SSE+SSE2,AES+PCLMUL,AvxVnni,SERIALIZE VectorSize=256
// Job: Job-CNUJVU(InvocationCount=1, UnrollFactor=1)

OverheadJitting  1: 1 op, 125319.00 ns, 125.3190 us/op
WorkloadJitting  1: 1 op, 554496.00 ns, 554.4960 us/op

OverheadWarmup   1: 1 op, 205.00 ns, 205.0000 ns/op
OverheadWarmup   2: 1 op, 148.00 ns, 148.0000 ns/op
OverheadWarmup   3: 1 op, 143.00 ns, 143.0000 ns/op
OverheadWarmup   4: 1 op, 27.00 ns, 27.0000 ns/op
OverheadWarmup   5: 1 op, 59.00 ns, 59.0000 ns/op
OverheadWarmup   6: 1 op, 61.00 ns, 61.0000 ns/op
OverheadWarmup   7: 1 op, 26.00 ns, 26.0000 ns/op
OverheadWarmup   8: 1 op, 27.00 ns, 27.0000 ns/op
OverheadWarmup   9: 1 op, 27.00 ns, 27.0000 ns/op

OverheadActual   1: 1 op, 126.00 ns, 126.0000 ns/op
OverheadActual   2: 1 op, 153.00 ns, 153.0000 ns/op
OverheadActual   3: 1 op, 126.00 ns, 126.0000 ns/op
OverheadActual   4: 1 op, 74.00 ns, 74.0000 ns/op
OverheadActual   5: 1 op, 135.00 ns, 135.0000 ns/op
OverheadActual   6: 1 op, 61.00 ns, 61.0000 ns/op
OverheadActual   7: 1 op, 44.00 ns, 44.0000 ns/op
OverheadActual   8: 1 op, 31.00 ns, 31.0000 ns/op
OverheadActual   9: 1 op, 40.00 ns, 40.0000 ns/op
OverheadActual  10: 1 op, 40.00 ns, 40.0000 ns/op
OverheadActual  11: 1 op, 42.00 ns, 42.0000 ns/op
OverheadActual  12: 1 op, 249.00 ns, 249.0000 ns/op
OverheadActual  13: 1 op, 183.00 ns, 183.0000 ns/op
OverheadActual  14: 1 op, 179.00 ns, 179.0000 ns/op
OverheadActual  15: 1 op, 155.00 ns, 155.0000 ns/op
OverheadActual  16: 1 op, 271.00 ns, 271.0000 ns/op
OverheadActual  17: 1 op, 119.00 ns, 119.0000 ns/op
OverheadActual  18: 1 op, 178.00 ns, 178.0000 ns/op
OverheadActual  19: 1 op, 175.00 ns, 175.0000 ns/op
OverheadActual  20: 1 op, 146.00 ns, 146.0000 ns/op

WorkloadWarmup   1: 1 op, 13334.00 ns, 13.3340 us/op
WorkloadWarmup   2: 1 op, 12405.00 ns, 12.4050 us/op
WorkloadWarmup   3: 1 op, 12265.00 ns, 12.2650 us/op
WorkloadWarmup   4: 1 op, 12165.00 ns, 12.1650 us/op
WorkloadWarmup   5: 1 op, 12255.00 ns, 12.2550 us/op
WorkloadWarmup   6: 1 op, 12172.00 ns, 12.1720 us/op
WorkloadWarmup   7: 1 op, 12081.00 ns, 12.0810 us/op
WorkloadWarmup   8: 1 op, 17718.00 ns, 17.7180 us/op
WorkloadWarmup   9: 1 op, 641177.00 ns, 641.1770 us/op
WorkloadWarmup  10: 1 op, 20931.00 ns, 20.9310 us/op

// BeforeActualRun
WorkloadActual   1: 1 op, 21237.00 ns, 21.2370 us/op
WorkloadActual   2: 1 op, 20576.00 ns, 20.5760 us/op
WorkloadActual   3: 1 op, 24322.00 ns, 24.3220 us/op
WorkloadActual   4: 1 op, 20808.00 ns, 20.8080 us/op
WorkloadActual   5: 1 op, 20438.00 ns, 20.4380 us/op
WorkloadActual   6: 1 op, 14930.00 ns, 14.9300 us/op
WorkloadActual   7: 1 op, 12470.00 ns, 12.4700 us/op
WorkloadActual   8: 1 op, 12644.00 ns, 12.6440 us/op
WorkloadActual   9: 1 op, 12628.00 ns, 12.6280 us/op
WorkloadActual  10: 1 op, 12354.00 ns, 12.3540 us/op
WorkloadActual  11: 1 op, 11844.00 ns, 11.8440 us/op
WorkloadActual  12: 1 op, 12023.00 ns, 12.0230 us/op
WorkloadActual  13: 1 op, 11540.00 ns, 11.5400 us/op
WorkloadActual  14: 1 op, 11827.00 ns, 11.8270 us/op
WorkloadActual  15: 1 op, 12031.00 ns, 12.0310 us/op
WorkloadActual  16: 1 op, 12496.00 ns, 12.4960 us/op
WorkloadActual  17: 1 op, 11845.00 ns, 11.8450 us/op
WorkloadActual  18: 1 op, 11813.00 ns, 11.8130 us/op
WorkloadActual  19: 1 op, 12719.00 ns, 12.7190 us/op
WorkloadActual  20: 1 op, 13711.00 ns, 13.7110 us/op
WorkloadActual  21: 1 op, 11160.00 ns, 11.1600 us/op
WorkloadActual  22: 1 op, 11245.00 ns, 11.2450 us/op
WorkloadActual  23: 1 op, 10116.00 ns, 10.1160 us/op
WorkloadActual  24: 1 op, 9791.00 ns, 9.7910 us/op
WorkloadActual  25: 1 op, 10481.00 ns, 10.4810 us/op
WorkloadActual  26: 1 op, 12332.00 ns, 12.3320 us/op
WorkloadActual  27: 1 op, 12726.00 ns, 12.7260 us/op
WorkloadActual  28: 1 op, 12339.00 ns, 12.3390 us/op
WorkloadActual  29: 1 op, 14706.00 ns, 14.7060 us/op
WorkloadActual  30: 1 op, 13610.00 ns, 13.6100 us/op
WorkloadActual  31: 1 op, 12596.00 ns, 12.5960 us/op
WorkloadActual  32: 1 op, 10013.00 ns, 10.0130 us/op
WorkloadActual  33: 1 op, 9999.00 ns, 9.9990 us/op
WorkloadActual  34: 1 op, 9604.00 ns, 9.6040 us/op
WorkloadActual  35: 1 op, 9522.00 ns, 9.5220 us/op
WorkloadActual  36: 1 op, 9568.00 ns, 9.5680 us/op
WorkloadActual  37: 1 op, 10098.00 ns, 10.0980 us/op
WorkloadActual  38: 1 op, 10606.00 ns, 10.6060 us/op
WorkloadActual  39: 1 op, 11378.00 ns, 11.3780 us/op
WorkloadActual  40: 1 op, 10399.00 ns, 10.3990 us/op
WorkloadActual  41: 1 op, 10339.00 ns, 10.3390 us/op
WorkloadActual  42: 1 op, 11480.00 ns, 11.4800 us/op
WorkloadActual  43: 1 op, 10012.00 ns, 10.0120 us/op
WorkloadActual  44: 1 op, 9880.00 ns, 9.8800 us/op
WorkloadActual  45: 1 op, 9872.00 ns, 9.8720 us/op
WorkloadActual  46: 1 op, 10189.00 ns, 10.1890 us/op
WorkloadActual  47: 1 op, 10576.00 ns, 10.5760 us/op
WorkloadActual  48: 1 op, 10385.00 ns, 10.3850 us/op
WorkloadActual  49: 1 op, 10198.00 ns, 10.1980 us/op
WorkloadActual  50: 1 op, 10152.00 ns, 10.1520 us/op
WorkloadActual  51: 1 op, 10839.00 ns, 10.8390 us/op
WorkloadActual  52: 1 op, 10494.00 ns, 10.4940 us/op
WorkloadActual  53: 1 op, 10817.00 ns, 10.8170 us/op
WorkloadActual  54: 1 op, 10166.00 ns, 10.1660 us/op
WorkloadActual  55: 1 op, 16710.00 ns, 16.7100 us/op
WorkloadActual  56: 1 op, 15232.00 ns, 15.2320 us/op
WorkloadActual  57: 1 op, 16040.00 ns, 16.0400 us/op
WorkloadActual  58: 1 op, 15928.00 ns, 15.9280 us/op
WorkloadActual  59: 1 op, 16043.00 ns, 16.0430 us/op
WorkloadActual  60: 1 op, 15901.00 ns, 15.9010 us/op
WorkloadActual  61: 1 op, 15365.00 ns, 15.3650 us/op
WorkloadActual  62: 1 op, 15462.00 ns, 15.4620 us/op
WorkloadActual  63: 1 op, 15759.00 ns, 15.7590 us/op
WorkloadActual  64: 1 op, 16370.00 ns, 16.3700 us/op
WorkloadActual  65: 1 op, 14651.00 ns, 14.6510 us/op
WorkloadActual  66: 1 op, 15347.00 ns, 15.3470 us/op
WorkloadActual  67: 1 op, 15311.00 ns, 15.3110 us/op
WorkloadActual  68: 1 op, 16344.00 ns, 16.3440 us/op
WorkloadActual  69: 1 op, 15499.00 ns, 15.4990 us/op
WorkloadActual  70: 1 op, 15618.00 ns, 15.6180 us/op
WorkloadActual  71: 1 op, 16146.00 ns, 16.1460 us/op
WorkloadActual  72: 1 op, 14584.00 ns, 14.5840 us/op
WorkloadActual  73: 1 op, 15734.00 ns, 15.7340 us/op
WorkloadActual  74: 1 op, 15569.00 ns, 15.5690 us/op
WorkloadActual  75: 1 op, 17764.00 ns, 17.7640 us/op
WorkloadActual  76: 1 op, 32637.00 ns, 32.6370 us/op
WorkloadActual  77: 1 op, 16689.00 ns, 16.6890 us/op
WorkloadActual  78: 1 op, 12170.00 ns, 12.1700 us/op
WorkloadActual  79: 1 op, 16991.00 ns, 16.9910 us/op
WorkloadActual  80: 1 op, 10683.00 ns, 10.6830 us/op
WorkloadActual  81: 1 op, 11020.00 ns, 11.0200 us/op
WorkloadActual  82: 1 op, 9264.00 ns, 9.2640 us/op
WorkloadActual  83: 1 op, 10574.00 ns, 10.5740 us/op
WorkloadActual  84: 1 op, 9376.00 ns, 9.3760 us/op
WorkloadActual  85: 1 op, 9099.00 ns, 9.0990 us/op
WorkloadActual  86: 1 op, 9206.00 ns, 9.2060 us/op
WorkloadActual  87: 1 op, 9610.00 ns, 9.6100 us/op
WorkloadActual  88: 1 op, 9032.00 ns, 9.0320 us/op
WorkloadActual  89: 1 op, 8918.00 ns, 8.9180 us/op
WorkloadActual  90: 1 op, 9304.00 ns, 9.3040 us/op
WorkloadActual  91: 1 op, 9359.00 ns, 9.3590 us/op
WorkloadActual  92: 1 op, 9426.00 ns, 9.4260 us/op
WorkloadActual  93: 1 op, 9503.00 ns, 9.5030 us/op
WorkloadActual  94: 1 op, 9975.00 ns, 9.9750 us/op
WorkloadActual  95: 1 op, 8843.00 ns, 8.8430 us/op
WorkloadActual  96: 1 op, 9150.00 ns, 9.1500 us/op
WorkloadActual  97: 1 op, 8733.00 ns, 8.7330 us/op
WorkloadActual  98: 1 op, 9413.00 ns, 9.4130 us/op
WorkloadActual  99: 1 op, 9378.00 ns, 9.3780 us/op
WorkloadActual  100: 1 op, 8734.00 ns, 8.7340 us/op

// AfterActualRun
WorkloadResult   1: 1 op, 21106.50 ns, 21.1065 us/op
WorkloadResult   2: 1 op, 20445.50 ns, 20.4455 us/op
WorkloadResult   3: 1 op, 20677.50 ns, 20.6775 us/op
WorkloadResult   4: 1 op, 20307.50 ns, 20.3075 us/op
WorkloadResult   5: 1 op, 14799.50 ns, 14.7995 us/op
WorkloadResult   6: 1 op, 12339.50 ns, 12.3395 us/op
WorkloadResult   7: 1 op, 12513.50 ns, 12.5135 us/op
WorkloadResult   8: 1 op, 12497.50 ns, 12.4975 us/op
WorkloadResult   9: 1 op, 12223.50 ns, 12.2235 us/op
WorkloadResult  10: 1 op, 11713.50 ns, 11.7135 us/op
WorkloadResult  11: 1 op, 11892.50 ns, 11.8925 us/op
WorkloadResult  12: 1 op, 11409.50 ns, 11.4095 us/op
WorkloadResult  13: 1 op, 11696.50 ns, 11.6965 us/op
WorkloadResult  14: 1 op, 11900.50 ns, 11.9005 us/op
WorkloadResult  15: 1 op, 12365.50 ns, 12.3655 us/op
WorkloadResult  16: 1 op, 11714.50 ns, 11.7145 us/op
WorkloadResult  17: 1 op, 11682.50 ns, 11.6825 us/op
WorkloadResult  18: 1 op, 12588.50 ns, 12.5885 us/op
WorkloadResult  19: 1 op, 13580.50 ns, 13.5805 us/op
WorkloadResult  20: 1 op, 11029.50 ns, 11.0295 us/op
WorkloadResult  21: 1 op, 11114.50 ns, 11.1145 us/op
WorkloadResult  22: 1 op, 9985.50 ns, 9.9855 us/op
WorkloadResult  23: 1 op, 9660.50 ns, 9.6605 us/op
WorkloadResult  24: 1 op, 10350.50 ns, 10.3505 us/op
WorkloadResult  25: 1 op, 12201.50 ns, 12.2015 us/op
WorkloadResult  26: 1 op, 12595.50 ns, 12.5955 us/op
WorkloadResult  27: 1 op, 12208.50 ns, 12.2085 us/op
WorkloadResult  28: 1 op, 14575.50 ns, 14.5755 us/op
WorkloadResult  29: 1 op, 13479.50 ns, 13.4795 us/op
WorkloadResult  30: 1 op, 12465.50 ns, 12.4655 us/op
WorkloadResult  31: 1 op, 9882.50 ns, 9.8825 us/op
WorkloadResult  32: 1 op, 9868.50 ns, 9.8685 us/op
WorkloadResult  33: 1 op, 9473.50 ns, 9.4735 us/op
WorkloadResult  34: 1 op, 9391.50 ns, 9.3915 us/op
WorkloadResult  35: 1 op, 9437.50 ns, 9.4375 us/op
WorkloadResult  36: 1 op, 9967.50 ns, 9.9675 us/op
WorkloadResult  37: 1 op, 10475.50 ns, 10.4755 us/op
WorkloadResult  38: 1 op, 11247.50 ns, 11.2475 us/op
WorkloadResult  39: 1 op, 10268.50 ns, 10.2685 us/op
WorkloadResult  40: 1 op, 10208.50 ns, 10.2085 us/op
WorkloadResult  41: 1 op, 11349.50 ns, 11.3495 us/op
WorkloadResult  42: 1 op, 9881.50 ns, 9.8815 us/op
WorkloadResult  43: 1 op, 9749.50 ns, 9.7495 us/op
WorkloadResult  44: 1 op, 9741.50 ns, 9.7415 us/op
WorkloadResult  45: 1 op, 10058.50 ns, 10.0585 us/op
WorkloadResult  46: 1 op, 10445.50 ns, 10.4455 us/op
WorkloadResult  47: 1 op, 10254.50 ns, 10.2545 us/op
WorkloadResult  48: 1 op, 10067.50 ns, 10.0675 us/op
WorkloadResult  49: 1 op, 10021.50 ns, 10.0215 us/op
WorkloadResult  50: 1 op, 10708.50 ns, 10.7085 us/op
WorkloadResult  51: 1 op, 10363.50 ns, 10.3635 us/op
WorkloadResult  52: 1 op, 10686.50 ns, 10.6865 us/op
WorkloadResult  53: 1 op, 10035.50 ns, 10.0355 us/op
WorkloadResult  54: 1 op, 16579.50 ns, 16.5795 us/op
WorkloadResult  55: 1 op, 15101.50 ns, 15.1015 us/op
WorkloadResult  56: 1 op, 15909.50 ns, 15.9095 us/op
WorkloadResult  57: 1 op, 15797.50 ns, 15.7975 us/op
WorkloadResult  58: 1 op, 15912.50 ns, 15.9125 us/op
WorkloadResult  59: 1 op, 15770.50 ns, 15.7705 us/op
WorkloadResult  60: 1 op, 15234.50 ns, 15.2345 us/op
WorkloadResult  61: 1 op, 15331.50 ns, 15.3315 us/op
WorkloadResult  62: 1 op, 15628.50 ns, 15.6285 us/op
WorkloadResult  63: 1 op, 16239.50 ns, 16.2395 us/op
WorkloadResult  64: 1 op, 14520.50 ns, 14.5205 us/op
WorkloadResult  65: 1 op, 15216.50 ns, 15.2165 us/op
WorkloadResult  66: 1 op, 15180.50 ns, 15.1805 us/op
WorkloadResult  67: 1 op, 16213.50 ns, 16.2135 us/op
WorkloadResult  68: 1 op, 15368.50 ns, 15.3685 us/op
WorkloadResult  69: 1 op, 15487.50 ns, 15.4875 us/op
WorkloadResult  70: 1 op, 16015.50 ns, 16.0155 us/op
WorkloadResult  71: 1 op, 14453.50 ns, 14.4535 us/op
WorkloadResult  72: 1 op, 15603.50 ns, 15.6035 us/op
WorkloadResult  73: 1 op, 15438.50 ns, 15.4385 us/op
WorkloadResult  74: 1 op, 17633.50 ns, 17.6335 us/op
WorkloadResult  75: 1 op, 16558.50 ns, 16.5585 us/op
WorkloadResult  76: 1 op, 12039.50 ns, 12.0395 us/op
WorkloadResult  77: 1 op, 16860.50 ns, 16.8605 us/op
WorkloadResult  78: 1 op, 10552.50 ns, 10.5525 us/op
WorkloadResult  79: 1 op, 10889.50 ns, 10.8895 us/op
WorkloadResult  80: 1 op, 9133.50 ns, 9.1335 us/op
WorkloadResult  81: 1 op, 10443.50 ns, 10.4435 us/op
WorkloadResult  82: 1 op, 9245.50 ns, 9.2455 us/op
WorkloadResult  83: 1 op, 8968.50 ns, 8.9685 us/op
WorkloadResult  84: 1 op, 9075.50 ns, 9.0755 us/op
WorkloadResult  85: 1 op, 9479.50 ns, 9.4795 us/op
WorkloadResult  86: 1 op, 8901.50 ns, 8.9015 us/op
WorkloadResult  87: 1 op, 8787.50 ns, 8.7875 us/op
WorkloadResult  88: 1 op, 9173.50 ns, 9.1735 us/op
WorkloadResult  89: 1 op, 9228.50 ns, 9.2285 us/op
WorkloadResult  90: 1 op, 9295.50 ns, 9.2955 us/op
WorkloadResult  91: 1 op, 9372.50 ns, 9.3725 us/op
WorkloadResult  92: 1 op, 9844.50 ns, 9.8445 us/op
WorkloadResult  93: 1 op, 8712.50 ns, 8.7125 us/op
WorkloadResult  94: 1 op, 9019.50 ns, 9.0195 us/op
WorkloadResult  95: 1 op, 8602.50 ns, 8.6025 us/op
WorkloadResult  96: 1 op, 9282.50 ns, 9.2825 us/op
WorkloadResult  97: 1 op, 9247.50 ns, 9.2475 us/op
WorkloadResult  98: 1 op, 8603.50 ns, 8.6035 us/op
// GC:  0 0 0 0 1
// Threading:  0 0 1

// AfterAll
// Benchmark Process 108007 has exited with code 0.

Mean = 12.252 μs, StdErr = 0.308 μs (2.52%), N = 98, StdDev = 3.052 μs
Min = 8.602 μs, Q1 = 9.872 μs, Median = 11.380 μs, Q3 = 15.026 μs, Max = 21.107 μs
IQR = 5.154 μs, LowerFence = 2.140 μs, UpperFence = 22.757 μs
ConfidenceInterval = [11.205 μs; 13.298 μs] (CI 99.9%), Margin = 1.046 μs (8.54% of Mean)
Skewness = 0.94, Kurtosis = 3.16, MValue = 3.11

// ** Remained 0 (0.0 %) benchmark(s) to run. Estimated finish 2026-08-31 18:08 (0h 0m from now) **
// ***** BenchmarkRunner: Finish  *****

// * Export *
  BenchmarkDotNet.Artifacts/results/QueueBenchmark-report.csv
  BenchmarkDotNet.Artifacts/results/QueueBenchmark-report-github.md
  BenchmarkDotNet.Artifacts/results/QueueBenchmark-report.html

// * Detailed results *
QueueBenchmark.UnsafeQueue_Enqueue: Job-CNUJVU(InvocationCount=1, UnrollFactor=1) [Count=1000]
Runtime = .NET 10.0.11 (10.0.11, 42.42.42.42424), X64 RyuJIT x86-64-v3; GC = Concurrent Workstation
There are not any results runs

QueueBenchmark.Queue_Enqueue: Job-CNUJVU(InvocationCount=1, UnrollFactor=1) [Count=1000]
Runtime = .NET 10.0.11 (10.0.11, 42.42.42.42424), X64 RyuJIT x86-64-v3; GC = Concurrent Workstation
Mean = 12.252 μs, StdErr = 0.308 μs (2.52%), N = 98, StdDev = 3.052 μs
Min = 8.602 μs, Q1 = 9.872 μs, Median = 11.380 μs, Q3 = 15.026 μs, Max = 21.107 μs
IQR = 5.154 μs, LowerFence = 2.140 μs, UpperFence = 22.757 μs
ConfidenceInterval = [11.205 μs; 13.298 μs] (CI 99.9%), Margin = 1.046 μs (8.54% of Mean)
Skewness = 0.94, Kurtosis = 3.16, MValue = 3.11
-------------------- Histogram --------------------
[ 7.734 μs ;  8.858 μs) | @@@@
[ 8.858 μs ; 10.596 μs) | @@@@@@@@@@@@@@@@@@@@@@@@@@@@@@@@@@@@@@
[10.596 μs ; 12.611 μs) | @@@@@@@@@@@@@@@@@@@@@@@@@
[12.611 μs ; 14.511 μs) | @@@
[14.511 μs ; 16.249 μs) | @@@@@@@@@@@@@@@@@@@@
[16.249 μs ; 17.965 μs) | @@@@
[17.965 μs ; 19.838 μs) | 
[19.838 μs ; 21.576 μs) | @@@@
---------------------------------------------------

// * Summary *

BenchmarkDotNet v0.15.8, Linux Arch Linux
12th Gen Intel Core i5-1235U 0.40GHz, 1 CPU, 12 logical and 10 physical cores
.NET SDK 10.0.111
  [Host]     : .NET 10.0.11 (10.0.11, 42.42.42.42424), X64 RyuJIT x86-64-v3
  Job-CNUJVU : .NET 10.0.11 (10.0.11, 42.42.42.42424), X64 RyuJIT x86-64-v3

InvocationCount=1  UnrollFactor=1  

| Method              | Count | Mean     | Error    | StdDev   | Median   | Allocated |
|-------------------- |------ |---------:|---------:|---------:|---------:|----------:|
| UnsafeQueue_Enqueue | 1000  |       NA |       NA |       NA |       NA |        NA |
| Queue_Enqueue       | 1000  | 12.25 μs | 1.046 μs | 3.052 μs | 11.38 μs |         - |

Benchmarks with issues:
  QueueBenchmark.UnsafeQueue_Enqueue: Job-CNUJVU(InvocationCount=1, UnrollFactor=1) [Count=1000]

// * Warnings *
MinIterationTime
  QueueBenchmark.Queue_Enqueue: InvocationCount=1, UnrollFactor=1 -> The minimum observed iteration time is 8.733μs which is very small. It's recommended to increase it to at least 100ms using more operations.
MultimodalDistribution
  QueueBenchmark.Queue_Enqueue: InvocationCount=1, UnrollFactor=1 -> It seems that the distribution can have several modes (mValue = 3.11)

// * Hints *
Outliers
  QueueBenchmark.Queue_Enqueue: InvocationCount=1, UnrollFactor=1 -> 2 outliers were removed (24.32 μs, 32.64 μs)

// * Legends *
  Count     : Value of the 'Count' parameter
  Mean      : Arithmetic mean of all measurements
  Error     : Half of 99.9% confidence interval
  StdDev    : Standard deviation of all measurements
  Median    : Value separating the higher half of all measurements (50th percentile)
  Allocated : Allocated memory per single operation (managed only, inclusive, 1KB = 1024B)
  1 μs      : 1 Microsecond (0.000001 sec)

// * Diagnostic Output - MemoryDiagnoser *


// ***** BenchmarkRunner: End *****
Run time: 00:00:00 (0.34 sec), executed benchmarks: 2

Global total time: 00:00:08 (8.16 sec), executed benchmarks: 2
// * Artifacts cleanup *
Artifacts cleanup is finished
