// Validating benchmarks:
// ***** BenchmarkRunner: Start   *****
// ***** Found 2 benchmark(s) in total *****
// ***** Building 1 exe(s) in Parallel: Start   *****
// start dotnet  restore --nodeReuse:false /p:UseSharedCompilation=false /p:Deterministic=true /p:Optimize=true /p:ArtifactsPath="/home/zynres/Projects/sweet-log/libraries/sweetlib-collections/src/SweetLib.Benchmarks/bin/Release/net10.0/SweetLib.Benchmarks-Job-CNUJVU-1/" /p:OutDir="/home/zynres/Projects/sweet-log/libraries/sweetlib-collections/src/SweetLib.Benchmarks/bin/Release/net10.0/SweetLib.Benchmarks-Job-CNUJVU-1/bin/Release/net10.0/" /p:OutputPath="/home/zynres/Projects/sweet-log/libraries/sweetlib-collections/src/SweetLib.Benchmarks/bin/Release/net10.0/SweetLib.Benchmarks-Job-CNUJVU-1/bin/Release/net10.0/" /p:PublishDir="/home/zynres/Projects/sweet-log/libraries/sweetlib-collections/src/SweetLib.Benchmarks/bin/Release/net10.0/SweetLib.Benchmarks-Job-CNUJVU-1/publish/" in /home/zynres/Projects/sweet-log/libraries/sweetlib-collections/src/SweetLib.Benchmarks/bin/Release/net10.0/SweetLib.Benchmarks-Job-CNUJVU-1
// command took 2 sec and exited with 0
// start dotnet  build -c Release --no-restore --nodeReuse:false /p:UseSharedCompilation=false /p:Deterministic=true /p:Optimize=true /p:ArtifactsPath="/home/zynres/Projects/sweet-log/libraries/sweetlib-collections/src/SweetLib.Benchmarks/bin/Release/net10.0/SweetLib.Benchmarks-Job-CNUJVU-1/" /p:OutDir="/home/zynres/Projects/sweet-log/libraries/sweetlib-collections/src/SweetLib.Benchmarks/bin/Release/net10.0/SweetLib.Benchmarks-Job-CNUJVU-1/bin/Release/net10.0/" /p:OutputPath="/home/zynres/Projects/sweet-log/libraries/sweetlib-collections/src/SweetLib.Benchmarks/bin/Release/net10.0/SweetLib.Benchmarks-Job-CNUJVU-1/bin/Release/net10.0/" /p:PublishDir="/home/zynres/Projects/sweet-log/libraries/sweetlib-collections/src/SweetLib.Benchmarks/bin/Release/net10.0/SweetLib.Benchmarks-Job-CNUJVU-1/publish/" --output "/home/zynres/Projects/sweet-log/libraries/sweetlib-collections/src/SweetLib.Benchmarks/bin/Release/net10.0/SweetLib.Benchmarks-Job-CNUJVU-1/bin/Release/net10.0/" in /home/zynres/Projects/sweet-log/libraries/sweetlib-collections/src/SweetLib.Benchmarks/bin/Release/net10.0/SweetLib.Benchmarks-Job-CNUJVU-1
// command took 7.03 sec and exited with 0
// ***** Done, took 00:00:09 (9.07 sec)   *****
// Found 2 benchmarks:
//   QueueBenchmark.UnsafeQueue_Enqueue: Job-CNUJVU(InvocationCount=1, UnrollFactor=1) [Count=10000000]
//   QueueBenchmark.Queue_Enqueue: Job-CNUJVU(InvocationCount=1, UnrollFactor=1) [Count=10000000]

// **************************
// Benchmark: QueueBenchmark.UnsafeQueue_Enqueue: Job-CNUJVU(InvocationCount=1, UnrollFactor=1) [Count=10000000]
// *** Execute ***
// Launch: 1 / 1
// Execute: dotnet SweetLib.Benchmarks-Job-CNUJVU-1.dll --anonymousPipes 119 120 --benchmarkName "QueueBenchmark.UnsafeQueue_Enqueue(Count: 10000000)" --job "InvocationCount=1, UnrollFactor=1" --benchmarkId 0 in /home/zynres/Projects/sweet-log/libraries/sweetlib-collections/src/SweetLib.Benchmarks/bin/Release/net10.0/SweetLib.Benchmarks-Job-CNUJVU-1/bin/Release/net10.0
// Failed to set up high priority (Permission denied). In order to run benchmarks with high priority, make sure you have the right permissions.
// BeforeAnythingElse

// Benchmark Process Environment Information:
// BenchmarkDotNet v0.15.8
// Runtime=.NET 10.0.11 (10.0.11, 42.42.42.42424), X64 RyuJIT x86-64-v3
// GC=Concurrent Workstation
// HardwareIntrinsics=AVX2+BMI1+BMI2+F16C+FMA+LZCNT+MOVBE,AVX,SSE3+SSSE3+SSE4.1+SSE4.2+POPCNT,X86Base+SSE+SSE2,AES+PCLMUL,AvxVnni,SERIALIZE VectorSize=256
// Job: Job-CNUJVU(InvocationCount=1, UnrollFactor=1)

OverheadJitting  1: 1 op, 159881.00 ns, 159.8810 us/op
WorkloadJitting  1: 1 op, 17201190.00 ns, 17.2012 ms/op

OverheadWarmup   1: 1 op, 378.00 ns, 378.0000 ns/op
OverheadWarmup   2: 1 op, 137.00 ns, 137.0000 ns/op
OverheadWarmup   3: 1 op, 130.00 ns, 130.0000 ns/op
OverheadWarmup   4: 1 op, 146.00 ns, 146.0000 ns/op
OverheadWarmup   5: 1 op, 59.00 ns, 59.0000 ns/op
OverheadWarmup   6: 1 op, 43.00 ns, 43.0000 ns/op
OverheadWarmup   7: 1 op, 47.00 ns, 47.0000 ns/op
OverheadWarmup   8: 1 op, 36.00 ns, 36.0000 ns/op

OverheadActual   1: 1 op, 125.00 ns, 125.0000 ns/op
OverheadActual   2: 1 op, 149.00 ns, 149.0000 ns/op
OverheadActual   3: 1 op, 117.00 ns, 117.0000 ns/op
OverheadActual   4: 1 op, 107.00 ns, 107.0000 ns/op
OverheadActual   5: 1 op, 126.00 ns, 126.0000 ns/op
OverheadActual   6: 1 op, 46.00 ns, 46.0000 ns/op
OverheadActual   7: 1 op, 25.00 ns, 25.0000 ns/op
OverheadActual   8: 1 op, 36.00 ns, 36.0000 ns/op
OverheadActual   9: 1 op, 38.00 ns, 38.0000 ns/op
OverheadActual  10: 1 op, 26.00 ns, 26.0000 ns/op
OverheadActual  11: 1 op, 25.00 ns, 25.0000 ns/op
OverheadActual  12: 1 op, 224.00 ns, 224.0000 ns/op
OverheadActual  13: 1 op, 155.00 ns, 155.0000 ns/op
OverheadActual  14: 1 op, 279.00 ns, 279.0000 ns/op
OverheadActual  15: 1 op, 145.00 ns, 145.0000 ns/op
OverheadActual  16: 1 op, 127.00 ns, 127.0000 ns/op
OverheadActual  17: 1 op, 131.00 ns, 131.0000 ns/op
OverheadActual  18: 1 op, 288.00 ns, 288.0000 ns/op
OverheadActual  19: 1 op, 177.00 ns, 177.0000 ns/op
OverheadActual  20: 1 op, 135.00 ns, 135.0000 ns/op

WorkloadWarmup   1: 1 op, 12359987.00 ns, 12.3600 ms/op
WorkloadWarmup   2: 1 op, 11082636.00 ns, 11.0826 ms/op
WorkloadWarmup   3: 1 op, 11591467.00 ns, 11.5915 ms/op
WorkloadWarmup   4: 1 op, 11922876.00 ns, 11.9229 ms/op
WorkloadWarmup   5: 1 op, 11775460.00 ns, 11.7755 ms/op
WorkloadWarmup   6: 1 op, 11280793.00 ns, 11.2808 ms/op
WorkloadWarmup   7: 1 op, 12393854.00 ns, 12.3939 ms/op
WorkloadWarmup   8: 1 op, 12358408.00 ns, 12.3584 ms/op

// BeforeActualRun
WorkloadActual   1: 1 op, 16818735.00 ns, 16.8187 ms/op
WorkloadActual   2: 1 op, 12034474.00 ns, 12.0345 ms/op
WorkloadActual   3: 1 op, 11386423.00 ns, 11.3864 ms/op
WorkloadActual   4: 1 op, 11171436.00 ns, 11.1714 ms/op
WorkloadActual   5: 1 op, 11707463.00 ns, 11.7075 ms/op
WorkloadActual   6: 1 op, 11658418.00 ns, 11.6584 ms/op
WorkloadActual   7: 1 op, 11324741.00 ns, 11.3247 ms/op
WorkloadActual   8: 1 op, 12137045.00 ns, 12.1370 ms/op
WorkloadActual   9: 1 op, 12691338.00 ns, 12.6913 ms/op
WorkloadActual  10: 1 op, 12501145.00 ns, 12.5011 ms/op
WorkloadActual  11: 1 op, 12832389.00 ns, 12.8324 ms/op
WorkloadActual  12: 1 op, 12427059.00 ns, 12.4271 ms/op
WorkloadActual  13: 1 op, 12532663.00 ns, 12.5327 ms/op
WorkloadActual  14: 1 op, 12699412.00 ns, 12.6994 ms/op
WorkloadActual  15: 1 op, 12628684.00 ns, 12.6287 ms/op
WorkloadActual  16: 1 op, 12503624.00 ns, 12.5036 ms/op
WorkloadActual  17: 1 op, 12278686.00 ns, 12.2787 ms/op
WorkloadActual  18: 1 op, 11111628.00 ns, 11.1116 ms/op
WorkloadActual  19: 1 op, 11577496.00 ns, 11.5775 ms/op
WorkloadActual  20: 1 op, 11380167.00 ns, 11.3802 ms/op
WorkloadActual  21: 1 op, 10980438.00 ns, 10.9804 ms/op
WorkloadActual  22: 1 op, 11430213.00 ns, 11.4302 ms/op
WorkloadActual  23: 1 op, 11482999.00 ns, 11.4830 ms/op
WorkloadActual  24: 1 op, 11215647.00 ns, 11.2156 ms/op
WorkloadActual  25: 1 op, 11169079.00 ns, 11.1691 ms/op
WorkloadActual  26: 1 op, 11505677.00 ns, 11.5057 ms/op
WorkloadActual  27: 1 op, 14423028.00 ns, 14.4230 ms/op
WorkloadActual  28: 1 op, 12413427.00 ns, 12.4134 ms/op
WorkloadActual  29: 1 op, 12518477.00 ns, 12.5185 ms/op
WorkloadActual  30: 1 op, 12234097.00 ns, 12.2341 ms/op
WorkloadActual  31: 1 op, 12568207.00 ns, 12.5682 ms/op
WorkloadActual  32: 1 op, 12946464.00 ns, 12.9465 ms/op
WorkloadActual  33: 1 op, 13269960.00 ns, 13.2700 ms/op
WorkloadActual  34: 1 op, 12230826.00 ns, 12.2308 ms/op
WorkloadActual  35: 1 op, 12004414.00 ns, 12.0044 ms/op
WorkloadActual  36: 1 op, 12481385.00 ns, 12.4814 ms/op
WorkloadActual  37: 1 op, 13372892.00 ns, 13.3729 ms/op
WorkloadActual  38: 1 op, 12736664.00 ns, 12.7367 ms/op
WorkloadActual  39: 1 op, 12259061.00 ns, 12.2591 ms/op
WorkloadActual  40: 1 op, 12175196.00 ns, 12.1752 ms/op
WorkloadActual  41: 1 op, 12817309.00 ns, 12.8173 ms/op
WorkloadActual  42: 1 op, 13688325.00 ns, 13.6883 ms/op
WorkloadActual  43: 1 op, 12638065.00 ns, 12.6381 ms/op
WorkloadActual  44: 1 op, 12588960.00 ns, 12.5890 ms/op
WorkloadActual  45: 1 op, 13162012.00 ns, 13.1620 ms/op
WorkloadActual  46: 1 op, 13087186.00 ns, 13.0872 ms/op
WorkloadActual  47: 1 op, 12460453.00 ns, 12.4605 ms/op
WorkloadActual  48: 1 op, 12587302.00 ns, 12.5873 ms/op
WorkloadActual  49: 1 op, 12455574.00 ns, 12.4556 ms/op
WorkloadActual  50: 1 op, 12839289.00 ns, 12.8393 ms/op
WorkloadActual  51: 1 op, 12169717.00 ns, 12.1697 ms/op
WorkloadActual  52: 1 op, 13306640.00 ns, 13.3066 ms/op
WorkloadActual  53: 1 op, 13305939.00 ns, 13.3059 ms/op
WorkloadActual  54: 1 op, 13540157.00 ns, 13.5402 ms/op
WorkloadActual  55: 1 op, 13193861.00 ns, 13.1939 ms/op
WorkloadActual  56: 1 op, 9931919.00 ns, 9.9319 ms/op
WorkloadActual  57: 1 op, 10062292.00 ns, 10.0623 ms/op
WorkloadActual  58: 1 op, 10184896.00 ns, 10.1849 ms/op
WorkloadActual  59: 1 op, 9900908.00 ns, 9.9009 ms/op
WorkloadActual  60: 1 op, 9920446.00 ns, 9.9204 ms/op
WorkloadActual  61: 1 op, 9841838.00 ns, 9.8418 ms/op
WorkloadActual  62: 1 op, 9973775.00 ns, 9.9738 ms/op
WorkloadActual  63: 1 op, 10756290.00 ns, 10.7563 ms/op
WorkloadActual  64: 1 op, 9582034.00 ns, 9.5820 ms/op
WorkloadActual  65: 1 op, 9471739.00 ns, 9.4717 ms/op
WorkloadActual  66: 1 op, 10189049.00 ns, 10.1890 ms/op
WorkloadActual  67: 1 op, 9924861.00 ns, 9.9249 ms/op
WorkloadActual  68: 1 op, 10949997.00 ns, 10.9500 ms/op
WorkloadActual  69: 1 op, 10397131.00 ns, 10.3971 ms/op
WorkloadActual  70: 1 op, 9722601.00 ns, 9.7226 ms/op
WorkloadActual  71: 1 op, 10241968.00 ns, 10.2420 ms/op
WorkloadActual  72: 1 op, 10584571.00 ns, 10.5846 ms/op
WorkloadActual  73: 1 op, 10214114.00 ns, 10.2141 ms/op
WorkloadActual  74: 1 op, 9921911.00 ns, 9.9219 ms/op
WorkloadActual  75: 1 op, 11015920.00 ns, 11.0159 ms/op
WorkloadActual  76: 1 op, 8810628.00 ns, 8.8106 ms/op
WorkloadActual  77: 1 op, 9936189.00 ns, 9.9362 ms/op
WorkloadActual  78: 1 op, 9492548.00 ns, 9.4925 ms/op
WorkloadActual  79: 1 op, 9501728.00 ns, 9.5017 ms/op
WorkloadActual  80: 1 op, 10843247.00 ns, 10.8432 ms/op
WorkloadActual  81: 1 op, 10775703.00 ns, 10.7757 ms/op
WorkloadActual  82: 1 op, 9345073.00 ns, 9.3451 ms/op
WorkloadActual  83: 1 op, 10003057.00 ns, 10.0031 ms/op
WorkloadActual  84: 1 op, 10245556.00 ns, 10.2456 ms/op
WorkloadActual  85: 1 op, 10288367.00 ns, 10.2884 ms/op
WorkloadActual  86: 1 op, 9781695.00 ns, 9.7817 ms/op
WorkloadActual  87: 1 op, 9855504.00 ns, 9.8555 ms/op
WorkloadActual  88: 1 op, 8135250.00 ns, 8.1353 ms/op
WorkloadActual  89: 1 op, 8771296.00 ns, 8.7713 ms/op
WorkloadActual  90: 1 op, 8037400.00 ns, 8.0374 ms/op
WorkloadActual  91: 1 op, 8680714.00 ns, 8.6807 ms/op
WorkloadActual  92: 1 op, 8298524.00 ns, 8.2985 ms/op
WorkloadActual  93: 1 op, 8654383.00 ns, 8.6544 ms/op
WorkloadActual  94: 1 op, 9268401.00 ns, 9.2684 ms/op
WorkloadActual  95: 1 op, 8383654.00 ns, 8.3837 ms/op
WorkloadActual  96: 1 op, 9421559.00 ns, 9.4216 ms/op
WorkloadActual  97: 1 op, 8461144.00 ns, 8.4611 ms/op
WorkloadActual  98: 1 op, 8814342.00 ns, 8.8143 ms/op
WorkloadActual  99: 1 op, 8167142.00 ns, 8.1671 ms/op
WorkloadActual  100: 1 op, 8883407.00 ns, 8.8834 ms/op

// AfterActualRun
WorkloadResult   1: 1 op, 12034347.50 ns, 12.0343 ms/op
WorkloadResult   2: 1 op, 11386296.50 ns, 11.3863 ms/op
WorkloadResult   3: 1 op, 11171309.50 ns, 11.1713 ms/op
WorkloadResult   4: 1 op, 11707336.50 ns, 11.7073 ms/op
WorkloadResult   5: 1 op, 11658291.50 ns, 11.6583 ms/op
WorkloadResult   6: 1 op, 11324614.50 ns, 11.3246 ms/op
WorkloadResult   7: 1 op, 12136918.50 ns, 12.1369 ms/op
WorkloadResult   8: 1 op, 12691211.50 ns, 12.6912 ms/op
WorkloadResult   9: 1 op, 12501018.50 ns, 12.5010 ms/op
WorkloadResult  10: 1 op, 12832262.50 ns, 12.8323 ms/op
WorkloadResult  11: 1 op, 12426932.50 ns, 12.4269 ms/op
WorkloadResult  12: 1 op, 12532536.50 ns, 12.5325 ms/op
WorkloadResult  13: 1 op, 12699285.50 ns, 12.6993 ms/op
WorkloadResult  14: 1 op, 12628557.50 ns, 12.6286 ms/op
WorkloadResult  15: 1 op, 12503497.50 ns, 12.5035 ms/op
WorkloadResult  16: 1 op, 12278559.50 ns, 12.2786 ms/op
WorkloadResult  17: 1 op, 11111501.50 ns, 11.1115 ms/op
WorkloadResult  18: 1 op, 11577369.50 ns, 11.5774 ms/op
WorkloadResult  19: 1 op, 11380040.50 ns, 11.3800 ms/op
WorkloadResult  20: 1 op, 10980311.50 ns, 10.9803 ms/op
WorkloadResult  21: 1 op, 11430086.50 ns, 11.4301 ms/op
WorkloadResult  22: 1 op, 11482872.50 ns, 11.4829 ms/op
WorkloadResult  23: 1 op, 11215520.50 ns, 11.2155 ms/op
WorkloadResult  24: 1 op, 11168952.50 ns, 11.1690 ms/op
WorkloadResult  25: 1 op, 11505550.50 ns, 11.5056 ms/op
WorkloadResult  26: 1 op, 14422901.50 ns, 14.4229 ms/op
WorkloadResult  27: 1 op, 12413300.50 ns, 12.4133 ms/op
WorkloadResult  28: 1 op, 12518350.50 ns, 12.5184 ms/op
WorkloadResult  29: 1 op, 12233970.50 ns, 12.2340 ms/op
WorkloadResult  30: 1 op, 12568080.50 ns, 12.5681 ms/op
WorkloadResult  31: 1 op, 12946337.50 ns, 12.9463 ms/op
WorkloadResult  32: 1 op, 13269833.50 ns, 13.2698 ms/op
WorkloadResult  33: 1 op, 12230699.50 ns, 12.2307 ms/op
WorkloadResult  34: 1 op, 12004287.50 ns, 12.0043 ms/op
WorkloadResult  35: 1 op, 12481258.50 ns, 12.4813 ms/op
WorkloadResult  36: 1 op, 13372765.50 ns, 13.3728 ms/op
WorkloadResult  37: 1 op, 12736537.50 ns, 12.7365 ms/op
WorkloadResult  38: 1 op, 12258934.50 ns, 12.2589 ms/op
WorkloadResult  39: 1 op, 12175069.50 ns, 12.1751 ms/op
WorkloadResult  40: 1 op, 12817182.50 ns, 12.8172 ms/op
WorkloadResult  41: 1 op, 13688198.50 ns, 13.6882 ms/op
WorkloadResult  42: 1 op, 12637938.50 ns, 12.6379 ms/op
WorkloadResult  43: 1 op, 12588833.50 ns, 12.5888 ms/op
WorkloadResult  44: 1 op, 13161885.50 ns, 13.1619 ms/op
WorkloadResult  45: 1 op, 13087059.50 ns, 13.0871 ms/op
WorkloadResult  46: 1 op, 12460326.50 ns, 12.4603 ms/op
WorkloadResult  47: 1 op, 12587175.50 ns, 12.5872 ms/op
WorkloadResult  48: 1 op, 12455447.50 ns, 12.4554 ms/op
WorkloadResult  49: 1 op, 12839162.50 ns, 12.8392 ms/op
WorkloadResult  50: 1 op, 12169590.50 ns, 12.1696 ms/op
WorkloadResult  51: 1 op, 13306513.50 ns, 13.3065 ms/op
WorkloadResult  52: 1 op, 13305812.50 ns, 13.3058 ms/op
WorkloadResult  53: 1 op, 13540030.50 ns, 13.5400 ms/op
WorkloadResult  54: 1 op, 13193734.50 ns, 13.1937 ms/op
WorkloadResult  55: 1 op, 9931792.50 ns, 9.9318 ms/op
WorkloadResult  56: 1 op, 10062165.50 ns, 10.0622 ms/op
WorkloadResult  57: 1 op, 10184769.50 ns, 10.1848 ms/op
WorkloadResult  58: 1 op, 9900781.50 ns, 9.9008 ms/op
WorkloadResult  59: 1 op, 9920319.50 ns, 9.9203 ms/op
WorkloadResult  60: 1 op, 9841711.50 ns, 9.8417 ms/op
WorkloadResult  61: 1 op, 9973648.50 ns, 9.9736 ms/op
WorkloadResult  62: 1 op, 10756163.50 ns, 10.7562 ms/op
WorkloadResult  63: 1 op, 9581907.50 ns, 9.5819 ms/op
WorkloadResult  64: 1 op, 9471612.50 ns, 9.4716 ms/op
WorkloadResult  65: 1 op, 10188922.50 ns, 10.1889 ms/op
WorkloadResult  66: 1 op, 9924734.50 ns, 9.9247 ms/op
WorkloadResult  67: 1 op, 10949870.50 ns, 10.9499 ms/op
WorkloadResult  68: 1 op, 10397004.50 ns, 10.3970 ms/op
WorkloadResult  69: 1 op, 9722474.50 ns, 9.7225 ms/op
WorkloadResult  70: 1 op, 10241841.50 ns, 10.2418 ms/op
WorkloadResult  71: 1 op, 10584444.50 ns, 10.5844 ms/op
WorkloadResult  72: 1 op, 10213987.50 ns, 10.2140 ms/op
WorkloadResult  73: 1 op, 9921784.50 ns, 9.9218 ms/op
WorkloadResult  74: 1 op, 11015793.50 ns, 11.0158 ms/op
WorkloadResult  75: 1 op, 8810501.50 ns, 8.8105 ms/op
WorkloadResult  76: 1 op, 9936062.50 ns, 9.9361 ms/op
WorkloadResult  77: 1 op, 9492421.50 ns, 9.4924 ms/op
WorkloadResult  78: 1 op, 9501601.50 ns, 9.5016 ms/op
WorkloadResult  79: 1 op, 10843120.50 ns, 10.8431 ms/op
WorkloadResult  80: 1 op, 10775576.50 ns, 10.7756 ms/op
WorkloadResult  81: 1 op, 9344946.50 ns, 9.3449 ms/op
WorkloadResult  82: 1 op, 10002930.50 ns, 10.0029 ms/op
WorkloadResult  83: 1 op, 10245429.50 ns, 10.2454 ms/op
WorkloadResult  84: 1 op, 10288240.50 ns, 10.2882 ms/op
WorkloadResult  85: 1 op, 9781568.50 ns, 9.7816 ms/op
WorkloadResult  86: 1 op, 9855377.50 ns, 9.8554 ms/op
WorkloadResult  87: 1 op, 8135123.50 ns, 8.1351 ms/op
WorkloadResult  88: 1 op, 8771169.50 ns, 8.7712 ms/op
WorkloadResult  89: 1 op, 8037273.50 ns, 8.0373 ms/op
WorkloadResult  90: 1 op, 8680587.50 ns, 8.6806 ms/op
WorkloadResult  91: 1 op, 8298397.50 ns, 8.2984 ms/op
WorkloadResult  92: 1 op, 8654256.50 ns, 8.6543 ms/op
WorkloadResult  93: 1 op, 9268274.50 ns, 9.2683 ms/op
WorkloadResult  94: 1 op, 8383527.50 ns, 8.3835 ms/op
WorkloadResult  95: 1 op, 9421432.50 ns, 9.4214 ms/op
WorkloadResult  96: 1 op, 8461017.50 ns, 8.4610 ms/op
WorkloadResult  97: 1 op, 8814215.50 ns, 8.8142 ms/op
WorkloadResult  98: 1 op, 8167015.50 ns, 8.1670 ms/op
WorkloadResult  99: 1 op, 8883280.50 ns, 8.8833 ms/op
// GC:  0 0 0 0 1
// Threading:  0 0 1

// AfterAll
// Benchmark Process 117439 has exited with code 0.

Mean = 11.126 ms, StdErr = 0.158 ms (1.42%), N = 99, StdDev = 1.570 ms
Min = 8.037 ms, Q1 = 9.921 ms, Median = 11.216 ms, Q3 = 12.502 ms, Max = 14.423 ms
IQR = 2.581 ms, LowerFence = 6.049 ms, UpperFence = 16.374 ms
ConfidenceInterval = [10.591 ms; 11.661 ms] (CI 99.9%), Margin = 0.535 ms (4.81% of Mean)
Skewness = -0.18, Kurtosis = 1.92, MValue = 5.24

// ** Remained 1 (50.0 %) benchmark(s) to run. Estimated finish 2026-08-31 18:29 (0h 0m from now) **
// **************************
// Benchmark: QueueBenchmark.Queue_Enqueue: Job-CNUJVU(InvocationCount=1, UnrollFactor=1) [Count=10000000]
// *** Execute ***
// Launch: 1 / 1
// Execute: dotnet SweetLib.Benchmarks-Job-CNUJVU-1.dll --anonymousPipes 119 120 --benchmarkName "QueueBenchmark.Queue_Enqueue(Count: 10000000)" --job "InvocationCount=1, UnrollFactor=1" --benchmarkId 1 in /home/zynres/Projects/sweet-log/libraries/sweetlib-collections/src/SweetLib.Benchmarks/bin/Release/net10.0/SweetLib.Benchmarks-Job-CNUJVU-1/bin/Release/net10.0
// Failed to set up high priority (Permission denied). In order to run benchmarks with high priority, make sure you have the right permissions.
// BeforeAnythingElse

// Benchmark Process Environment Information:
// BenchmarkDotNet v0.15.8
// Runtime=.NET 10.0.11 (10.0.11, 42.42.42.42424), X64 RyuJIT x86-64-v3
// GC=Concurrent Workstation
// HardwareIntrinsics=AVX2+BMI1+BMI2+F16C+FMA+LZCNT+MOVBE,AVX,SSE3+SSSE3+SSE4.1+SSE4.2+POPCNT,X86Base+SSE+SSE2,AES+PCLMUL,AvxVnni,SERIALIZE VectorSize=256
// Job: Job-CNUJVU(InvocationCount=1, UnrollFactor=1)

OverheadJitting  1: 1 op, 132079.00 ns, 132.0790 us/op
WorkloadJitting  1: 1 op, 17555545.00 ns, 17.5555 ms/op

OverheadWarmup   1: 1 op, 418.00 ns, 418.0000 ns/op
OverheadWarmup   2: 1 op, 134.00 ns, 134.0000 ns/op
OverheadWarmup   3: 1 op, 40.00 ns, 40.0000 ns/op
OverheadWarmup   4: 1 op, 35.00 ns, 35.0000 ns/op
OverheadWarmup   5: 1 op, 84.00 ns, 84.0000 ns/op
OverheadWarmup   6: 1 op, 27.00 ns, 27.0000 ns/op
OverheadWarmup   7: 1 op, 27.00 ns, 27.0000 ns/op
OverheadWarmup   8: 1 op, 29.00 ns, 29.0000 ns/op

OverheadActual   1: 1 op, 144.00 ns, 144.0000 ns/op
OverheadActual   2: 1 op, 138.00 ns, 138.0000 ns/op
OverheadActual   3: 1 op, 160.00 ns, 160.0000 ns/op
OverheadActual   4: 1 op, 26.00 ns, 26.0000 ns/op
OverheadActual   5: 1 op, 99.00 ns, 99.0000 ns/op
OverheadActual   6: 1 op, 26.00 ns, 26.0000 ns/op
OverheadActual   7: 1 op, 27.00 ns, 27.0000 ns/op
OverheadActual   8: 1 op, 30.00 ns, 30.0000 ns/op
OverheadActual   9: 1 op, 24.00 ns, 24.0000 ns/op
OverheadActual  10: 1 op, 26.00 ns, 26.0000 ns/op
OverheadActual  11: 1 op, 26.00 ns, 26.0000 ns/op
OverheadActual  12: 1 op, 25.00 ns, 25.0000 ns/op
OverheadActual  13: 1 op, 54.00 ns, 54.0000 ns/op
OverheadActual  14: 1 op, 33.00 ns, 33.0000 ns/op
OverheadActual  15: 1 op, 26.00 ns, 26.0000 ns/op
OverheadActual  16: 1 op, 40.00 ns, 40.0000 ns/op
OverheadActual  17: 1 op, 24.00 ns, 24.0000 ns/op
OverheadActual  18: 1 op, 87.00 ns, 87.0000 ns/op
OverheadActual  19: 1 op, 57.00 ns, 57.0000 ns/op
OverheadActual  20: 1 op, 30.00 ns, 30.0000 ns/op

WorkloadWarmup   1: 1 op, 18834960.00 ns, 18.8350 ms/op
WorkloadWarmup   2: 1 op, 13578289.00 ns, 13.5783 ms/op
WorkloadWarmup   3: 1 op, 14247783.00 ns, 14.2478 ms/op
WorkloadWarmup   4: 1 op, 14769465.00 ns, 14.7695 ms/op
WorkloadWarmup   5: 1 op, 14746225.00 ns, 14.7462 ms/op
WorkloadWarmup   6: 1 op, 13923195.00 ns, 13.9232 ms/op
WorkloadWarmup   7: 1 op, 13746453.00 ns, 13.7465 ms/op
WorkloadWarmup   8: 1 op, 13756561.00 ns, 13.7566 ms/op
WorkloadWarmup   9: 1 op, 13614746.00 ns, 13.6147 ms/op

// BeforeActualRun
WorkloadActual   1: 1 op, 14571641.00 ns, 14.5716 ms/op
WorkloadActual   2: 1 op, 13657603.00 ns, 13.6576 ms/op
WorkloadActual   3: 1 op, 13706926.00 ns, 13.7069 ms/op
WorkloadActual   4: 1 op, 14224829.00 ns, 14.2248 ms/op
WorkloadActual   5: 1 op, 13866510.00 ns, 13.8665 ms/op
WorkloadActual   6: 1 op, 14015841.00 ns, 14.0158 ms/op
WorkloadActual   7: 1 op, 13849531.00 ns, 13.8495 ms/op
WorkloadActual   8: 1 op, 13799141.00 ns, 13.7991 ms/op
WorkloadActual   9: 1 op, 13678623.00 ns, 13.6786 ms/op
WorkloadActual  10: 1 op, 13519795.00 ns, 13.5198 ms/op
WorkloadActual  11: 1 op, 13943901.00 ns, 13.9439 ms/op
WorkloadActual  12: 1 op, 13911738.00 ns, 13.9117 ms/op
WorkloadActual  13: 1 op, 14260991.00 ns, 14.2610 ms/op
WorkloadActual  14: 1 op, 14151919.00 ns, 14.1519 ms/op
WorkloadActual  15: 1 op, 14291254.00 ns, 14.2913 ms/op
WorkloadActual  16: 1 op, 18400987.00 ns, 18.4010 ms/op
WorkloadActual  17: 1 op, 14137687.00 ns, 14.1377 ms/op
WorkloadActual  18: 1 op, 13790607.00 ns, 13.7906 ms/op

// AfterActualRun
WorkloadResult   1: 1 op, 14571611.00 ns, 14.5716 ms/op
WorkloadResult   2: 1 op, 13657573.00 ns, 13.6576 ms/op
WorkloadResult   3: 1 op, 13706896.00 ns, 13.7069 ms/op
WorkloadResult   4: 1 op, 14224799.00 ns, 14.2248 ms/op
WorkloadResult   5: 1 op, 13866480.00 ns, 13.8665 ms/op
WorkloadResult   6: 1 op, 14015811.00 ns, 14.0158 ms/op
WorkloadResult   7: 1 op, 13849501.00 ns, 13.8495 ms/op
WorkloadResult   8: 1 op, 13799111.00 ns, 13.7991 ms/op
WorkloadResult   9: 1 op, 13678593.00 ns, 13.6786 ms/op
WorkloadResult  10: 1 op, 13519765.00 ns, 13.5198 ms/op
WorkloadResult  11: 1 op, 13943871.00 ns, 13.9439 ms/op
WorkloadResult  12: 1 op, 13911708.00 ns, 13.9117 ms/op
WorkloadResult  13: 1 op, 14260961.00 ns, 14.2610 ms/op
WorkloadResult  14: 1 op, 14151889.00 ns, 14.1519 ms/op
WorkloadResult  15: 1 op, 14291224.00 ns, 14.2912 ms/op
WorkloadResult  16: 1 op, 14137657.00 ns, 14.1377 ms/op
WorkloadResult  17: 1 op, 13790577.00 ns, 13.7906 ms/op
// GC:  0 0 0 0 1
// Threading:  0 0 1

// AfterAll
// Benchmark Process 117454 has exited with code 0.

Mean = 13.963 ms, StdErr = 0.067 ms (0.48%), N = 17, StdDev = 0.276 ms
Min = 13.520 ms, Q1 = 13.791 ms, Median = 13.912 ms, Q3 = 14.152 ms, Max = 14.572 ms
IQR = 0.361 ms, LowerFence = 13.249 ms, UpperFence = 14.694 ms
ConfidenceInterval = [13.694 ms; 14.233 ms] (CI 99.9%), Margin = 0.269 ms (1.93% of Mean)
Skewness = 0.41, Kurtosis = 2.25, MValue = 2

// ** Remained 0 (0.0 %) benchmark(s) to run. Estimated finish 2026-08-31 18:29 (0h 0m from now) **
// ***** BenchmarkRunner: Finish  *****

// * Export *
  BenchmarkDotNet.Artifacts/results/QueueBenchmark-report.csv
  BenchmarkDotNet.Artifacts/results/QueueBenchmark-report-github.md
  BenchmarkDotNet.Artifacts/results/QueueBenchmark-report.html

// * Detailed results *
QueueBenchmark.UnsafeQueue_Enqueue: Job-CNUJVU(InvocationCount=1, UnrollFactor=1) [Count=10000000]
Runtime = .NET 10.0.11 (10.0.11, 42.42.42.42424), X64 RyuJIT x86-64-v3; GC = Concurrent Workstation
Mean = 11.126 ms, StdErr = 0.158 ms (1.42%), N = 99, StdDev = 1.570 ms
Min = 8.037 ms, Q1 = 9.921 ms, Median = 11.216 ms, Q3 = 12.502 ms, Max = 14.423 ms
IQR = 2.581 ms, LowerFence = 6.049 ms, UpperFence = 16.374 ms
ConfidenceInterval = [10.591 ms; 11.661 ms] (CI 99.9%), Margin = 0.535 ms (4.81% of Mean)
Skewness = -0.18, Kurtosis = 1.92, MValue = 5.24
-------------------- Histogram --------------------
[ 8.015 ms ;  8.906 ms) | @@@@@@@@@@@@
[ 8.906 ms ;  9.409 ms) | @@
[ 9.409 ms ; 10.300 ms) | @@@@@@@@@@@@@@@@@@@@@@@@
[10.300 ms ; 10.721 ms) | @@
[10.721 ms ; 11.612 ms) | @@@@@@@@@@@@@@@@@
[11.612 ms ; 11.976 ms) | @@
[11.976 ms ; 12.867 ms) | @@@@@@@@@@@@@@@@@@@@@@@@@@@@@
[12.867 ms ; 13.763 ms) | @@@@@@@@@@
[13.763 ms ; 14.868 ms) | @
---------------------------------------------------

QueueBenchmark.Queue_Enqueue: Job-CNUJVU(InvocationCount=1, UnrollFactor=1) [Count=10000000]
Runtime = .NET 10.0.11 (10.0.11, 42.42.42.42424), X64 RyuJIT x86-64-v3; GC = Concurrent Workstation
Mean = 13.963 ms, StdErr = 0.067 ms (0.48%), N = 17, StdDev = 0.276 ms
Min = 13.520 ms, Q1 = 13.791 ms, Median = 13.912 ms, Q3 = 14.152 ms, Max = 14.572 ms
IQR = 0.361 ms, LowerFence = 13.249 ms, UpperFence = 14.694 ms
ConfidenceInterval = [13.694 ms; 14.233 ms] (CI 99.9%), Margin = 0.269 ms (1.93% of Mean)
Skewness = 0.41, Kurtosis = 2.25, MValue = 2
-------------------- Histogram --------------------
[13.379 ms ; 13.926 ms) | @@@@@@@@@
[13.926 ms ; 14.295 ms) | @@@@@@@
[14.295 ms ; 14.713 ms) | @
---------------------------------------------------

// * Summary *

BenchmarkDotNet v0.15.8, Linux Arch Linux
12th Gen Intel Core i5-1235U 0.40GHz, 1 CPU, 12 logical and 10 physical cores
.NET SDK 10.0.111
  [Host]     : .NET 10.0.11 (10.0.11, 42.42.42.42424), X64 RyuJIT x86-64-v3
  Job-CNUJVU : .NET 10.0.11 (10.0.11, 42.42.42.42424), X64 RyuJIT x86-64-v3

InvocationCount=1  UnrollFactor=1  

| Method              | Count    | Mean     | Error    | StdDev   | Allocated |
|-------------------- |--------- |---------:|---------:|---------:|----------:|
| UnsafeQueue_Enqueue | 10000000 | 11.13 ms | 0.535 ms | 1.570 ms |         - |
| Queue_Enqueue       | 10000000 | 13.96 ms | 0.269 ms | 0.276 ms |         - |

// * Warnings *
MinIterationTime
  QueueBenchmark.UnsafeQueue_Enqueue: InvocationCount=1, UnrollFactor=1 -> The minimum observed iteration time is 8.037ms which is very small. It's recommended to increase it to at least 100ms using more operations.
  QueueBenchmark.Queue_Enqueue: InvocationCount=1, UnrollFactor=1       -> The minimum observed iteration time is 13.52ms which is very small. It's recommended to increase it to at least 100ms using more operations.
MultimodalDistribution
  QueueBenchmark.UnsafeQueue_Enqueue: InvocationCount=1, UnrollFactor=1 -> It seems that the distribution is multimodal (mValue = 5.24)

// * Hints *
Outliers
  QueueBenchmark.UnsafeQueue_Enqueue: InvocationCount=1, UnrollFactor=1 -> 1 outlier  was  removed (16.82 ms)
  QueueBenchmark.Queue_Enqueue: InvocationCount=1, UnrollFactor=1       -> 1 outlier  was  removed (18.40 ms)

// * Legends *
  Count     : Value of the 'Count' parameter
  Mean      : Arithmetic mean of all measurements
  Error     : Half of 99.9% confidence interval
  StdDev    : Standard deviation of all measurements
  Allocated : Allocated memory per single operation (managed only, inclusive, 1KB = 1024B)
  1 ms      : 1 Millisecond (0.001 sec)

// * Diagnostic Output - MemoryDiagnoser *


// ***** BenchmarkRunner: End *****
Run time: 00:00:02 (2.08 sec), executed benchmarks: 2

Global total time: 00:00:11 (11.22 sec), executed benchmarks: 2
// * Artifacts cleanup *
Artifacts cleanup is finished
