// Validating benchmarks:
// ***** BenchmarkRunner: Start   *****
// ***** Found 2 benchmark(s) in total *****
// ***** Building 1 exe(s) in Parallel: Start   *****
// start dotnet  restore --nodeReuse:false /p:UseSharedCompilation=false /p:Deterministic=true /p:Optimize=true /p:ArtifactsPath="/home/zynres/Projects/sweet-log/libraries/sweetlib-collections/src/SweetLib.Benchmarks/bin/Release/net10.0/SweetLib.Benchmarks-Job-CNUJVU-1/" /p:OutDir="/home/zynres/Projects/sweet-log/libraries/sweetlib-collections/src/SweetLib.Benchmarks/bin/Release/net10.0/SweetLib.Benchmarks-Job-CNUJVU-1/bin/Release/net10.0/" /p:OutputPath="/home/zynres/Projects/sweet-log/libraries/sweetlib-collections/src/SweetLib.Benchmarks/bin/Release/net10.0/SweetLib.Benchmarks-Job-CNUJVU-1/bin/Release/net10.0/" /p:PublishDir="/home/zynres/Projects/sweet-log/libraries/sweetlib-collections/src/SweetLib.Benchmarks/bin/Release/net10.0/SweetLib.Benchmarks-Job-CNUJVU-1/publish/" in /home/zynres/Projects/sweet-log/libraries/sweetlib-collections/src/SweetLib.Benchmarks/bin/Release/net10.0/SweetLib.Benchmarks-Job-CNUJVU-1
// command took 0.83 sec and exited with 0
// start dotnet  build -c Release --no-restore --nodeReuse:false /p:UseSharedCompilation=false /p:Deterministic=true /p:Optimize=true /p:ArtifactsPath="/home/zynres/Projects/sweet-log/libraries/sweetlib-collections/src/SweetLib.Benchmarks/bin/Release/net10.0/SweetLib.Benchmarks-Job-CNUJVU-1/" /p:OutDir="/home/zynres/Projects/sweet-log/libraries/sweetlib-collections/src/SweetLib.Benchmarks/bin/Release/net10.0/SweetLib.Benchmarks-Job-CNUJVU-1/bin/Release/net10.0/" /p:OutputPath="/home/zynres/Projects/sweet-log/libraries/sweetlib-collections/src/SweetLib.Benchmarks/bin/Release/net10.0/SweetLib.Benchmarks-Job-CNUJVU-1/bin/Release/net10.0/" /p:PublishDir="/home/zynres/Projects/sweet-log/libraries/sweetlib-collections/src/SweetLib.Benchmarks/bin/Release/net10.0/SweetLib.Benchmarks-Job-CNUJVU-1/publish/" --output "/home/zynres/Projects/sweet-log/libraries/sweetlib-collections/src/SweetLib.Benchmarks/bin/Release/net10.0/SweetLib.Benchmarks-Job-CNUJVU-1/bin/Release/net10.0/" in /home/zynres/Projects/sweet-log/libraries/sweetlib-collections/src/SweetLib.Benchmarks/bin/Release/net10.0/SweetLib.Benchmarks-Job-CNUJVU-1
// command took 6.95 sec and exited with 0
// ***** Done, took 00:00:07 (7.82 sec)   *****
// Found 2 benchmarks:
//   QueueBenchmark.UnsafeQueue_Enqueue: Job-CNUJVU(InvocationCount=1, UnrollFactor=1) [Count=10000000]
//   QueueBenchmark.Queue_Enqueue: Job-CNUJVU(InvocationCount=1, UnrollFactor=1) [Count=10000000]

// **************************
// Benchmark: QueueBenchmark.UnsafeQueue_Enqueue: Job-CNUJVU(InvocationCount=1, UnrollFactor=1) [Count=10000000]
// *** Execute ***
// Launch: 1 / 1
// Execute: dotnet SweetLib.Benchmarks-Job-CNUJVU-1.dll --anonymousPipes 119 120 --benchmarkName "QueueBenchmark.UnsafeQueue_Enqueue(Count: 10000000)" --job "InvocationCount=1, UnrollFactor=1" --benchmarkId 0 in /home/zynres/Projects/sweet-log/libraries/sweetlib-collections/src/SweetLib.Benchmarks/bin/Release/net10.0/SweetLib.Benchmarks-Job-CNUJVU-1/bin/Release/net10.0
// Failed to set up high priority (Permission denied). In order to run benchmarks with high priority, make sure you have the right permissions.
// BeforeAnythingElse

// Benchmark Process Environment Information:
// BenchmarkDotNet v0.15.8
// Runtime=.NET 10.0.11 (10.0.11, 42.42.42.42424), X64 RyuJIT x86-64-v3
// GC=Concurrent Workstation
// HardwareIntrinsics=AVX2+BMI1+BMI2+F16C+FMA+LZCNT+MOVBE,AVX,SSE3+SSSE3+SSE4.1+SSE4.2+POPCNT,X86Base+SSE+SSE2,AES+PCLMUL,AvxVnni,SERIALIZE VectorSize=256
// Job: Job-CNUJVU(InvocationCount=1, UnrollFactor=1)

OverheadJitting  1: 1 op, 150690.00 ns, 150.6900 us/op
No Workload Results were obtained from the run.
// Benchmark Process 118760 has exited with code 134.

// ** Remained 1 (50.0 %) benchmark(s) to run. Estimated finish 2026-08-31 18:31 (0h 0m from now) **
// **************************
// Benchmark: QueueBenchmark.Queue_Enqueue: Job-CNUJVU(InvocationCount=1, UnrollFactor=1) [Count=10000000]
// *** Execute ***
// Launch: 1 / 1
// Execute: dotnet SweetLib.Benchmarks-Job-CNUJVU-1.dll --anonymousPipes 119 120 --benchmarkName "QueueBenchmark.Queue_Enqueue(Count: 10000000)" --job "InvocationCount=1, UnrollFactor=1" --benchmarkId 1 in /home/zynres/Projects/sweet-log/libraries/sweetlib-collections/src/SweetLib.Benchmarks/bin/Release/net10.0/SweetLib.Benchmarks-Job-CNUJVU-1/bin/Release/net10.0
// Failed to set up high priority (Permission denied). In order to run benchmarks with high priority, make sure you have the right permissions.
// BeforeAnythingElse

// Benchmark Process Environment Information:
// BenchmarkDotNet v0.15.8
// Runtime=.NET 10.0.11 (10.0.11, 42.42.42.42424), X64 RyuJIT x86-64-v3
// GC=Concurrent Workstation
// HardwareIntrinsics=AVX2+BMI1+BMI2+F16C+FMA+LZCNT+MOVBE,AVX,SSE3+SSSE3+SSE4.1+SSE4.2+POPCNT,X86Base+SSE+SSE2,AES+PCLMUL,AvxVnni,SERIALIZE VectorSize=256
// Job: Job-CNUJVU(InvocationCount=1, UnrollFactor=1)

OverheadJitting  1: 1 op, 169046.00 ns, 169.0460 us/op
WorkloadJitting  1: 1 op, 31148647.00 ns, 31.1486 ms/op

OverheadWarmup   1: 1 op, 298.00 ns, 298.0000 ns/op
OverheadWarmup   2: 1 op, 37.00 ns, 37.0000 ns/op
OverheadWarmup   3: 1 op, 23.00 ns, 23.0000 ns/op
OverheadWarmup   4: 1 op, 23.00 ns, 23.0000 ns/op
OverheadWarmup   5: 1 op, 102.00 ns, 102.0000 ns/op
OverheadWarmup   6: 1 op, 45.00 ns, 45.0000 ns/op
OverheadWarmup   7: 1 op, 36.00 ns, 36.0000 ns/op
OverheadWarmup   8: 1 op, 23.00 ns, 23.0000 ns/op
OverheadWarmup   9: 1 op, 23.00 ns, 23.0000 ns/op

OverheadActual   1: 1 op, 159.00 ns, 159.0000 ns/op
OverheadActual   2: 1 op, 177.00 ns, 177.0000 ns/op
OverheadActual   3: 1 op, 157.00 ns, 157.0000 ns/op
OverheadActual   4: 1 op, 57.00 ns, 57.0000 ns/op
OverheadActual   5: 1 op, 108.00 ns, 108.0000 ns/op
OverheadActual   6: 1 op, 35.00 ns, 35.0000 ns/op
OverheadActual   7: 1 op, 35.00 ns, 35.0000 ns/op
OverheadActual   8: 1 op, 26.00 ns, 26.0000 ns/op
OverheadActual   9: 1 op, 39.00 ns, 39.0000 ns/op
OverheadActual  10: 1 op, 38.00 ns, 38.0000 ns/op
OverheadActual  11: 1 op, 37.00 ns, 37.0000 ns/op
OverheadActual  12: 1 op, 35.00 ns, 35.0000 ns/op
OverheadActual  13: 1 op, 23.00 ns, 23.0000 ns/op
OverheadActual  14: 1 op, 40.00 ns, 40.0000 ns/op
OverheadActual  15: 1 op, 23.00 ns, 23.0000 ns/op
OverheadActual  16: 1 op, 24.00 ns, 24.0000 ns/op
OverheadActual  17: 1 op, 36.00 ns, 36.0000 ns/op
OverheadActual  18: 1 op, 133.00 ns, 133.0000 ns/op
OverheadActual  19: 1 op, 47.00 ns, 47.0000 ns/op
OverheadActual  20: 1 op, 23.00 ns, 23.0000 ns/op

WorkloadWarmup   1: 1 op, 13800836.00 ns, 13.8008 ms/op
WorkloadWarmup   2: 1 op, 13987490.00 ns, 13.9875 ms/op
WorkloadWarmup   3: 1 op, 13611258.00 ns, 13.6113 ms/op
WorkloadWarmup   4: 1 op, 13558525.00 ns, 13.5585 ms/op
WorkloadWarmup   5: 1 op, 13886138.00 ns, 13.8861 ms/op
WorkloadWarmup   6: 1 op, 15237318.00 ns, 15.2373 ms/op
WorkloadWarmup   7: 1 op, 14777436.00 ns, 14.7774 ms/op

// BeforeActualRun
WorkloadActual   1: 1 op, 19509565.00 ns, 19.5096 ms/op
WorkloadActual   2: 1 op, 14385256.00 ns, 14.3853 ms/op
WorkloadActual   3: 1 op, 14422782.00 ns, 14.4228 ms/op
WorkloadActual   4: 1 op, 18930938.00 ns, 18.9309 ms/op
WorkloadActual   5: 1 op, 13726745.00 ns, 13.7267 ms/op
WorkloadActual   6: 1 op, 13890459.00 ns, 13.8905 ms/op
WorkloadActual   7: 1 op, 13645703.00 ns, 13.6457 ms/op
WorkloadActual   8: 1 op, 14015474.00 ns, 14.0155 ms/op
WorkloadActual   9: 1 op, 14076185.00 ns, 14.0762 ms/op
WorkloadActual  10: 1 op, 13780059.00 ns, 13.7801 ms/op
WorkloadActual  11: 1 op, 13772792.00 ns, 13.7728 ms/op
WorkloadActual  12: 1 op, 13735167.00 ns, 13.7352 ms/op
WorkloadActual  13: 1 op, 13777565.00 ns, 13.7776 ms/op
WorkloadActual  14: 1 op, 13690742.00 ns, 13.6907 ms/op
WorkloadActual  15: 1 op, 13675086.00 ns, 13.6751 ms/op
WorkloadActual  16: 1 op, 13699369.00 ns, 13.6994 ms/op
WorkloadActual  17: 1 op, 13821225.00 ns, 13.8212 ms/op

// AfterActualRun
WorkloadResult   1: 1 op, 14385218.50 ns, 14.3852 ms/op
WorkloadResult   2: 1 op, 14422744.50 ns, 14.4227 ms/op
WorkloadResult   3: 1 op, 13726707.50 ns, 13.7267 ms/op
WorkloadResult   4: 1 op, 13890421.50 ns, 13.8904 ms/op
WorkloadResult   5: 1 op, 13645665.50 ns, 13.6457 ms/op
WorkloadResult   6: 1 op, 14015436.50 ns, 14.0154 ms/op
WorkloadResult   7: 1 op, 14076147.50 ns, 14.0761 ms/op
WorkloadResult   8: 1 op, 13780021.50 ns, 13.7800 ms/op
WorkloadResult   9: 1 op, 13772754.50 ns, 13.7728 ms/op
WorkloadResult  10: 1 op, 13735129.50 ns, 13.7351 ms/op
WorkloadResult  11: 1 op, 13777527.50 ns, 13.7775 ms/op
WorkloadResult  12: 1 op, 13690704.50 ns, 13.6907 ms/op
WorkloadResult  13: 1 op, 13675048.50 ns, 13.6750 ms/op
WorkloadResult  14: 1 op, 13699331.50 ns, 13.6993 ms/op
WorkloadResult  15: 1 op, 13821187.50 ns, 13.8212 ms/op
// GC:  0 0 0 0 1
// Threading:  0 0 1

// AfterAll
// Benchmark Process 118777 has exited with code 0.

Mean = 13.874 ms, StdErr = 0.064 ms (0.46%), N = 15, StdDev = 0.247 ms
Min = 13.646 ms, Q1 = 13.713 ms, Median = 13.778 ms, Q3 = 13.953 ms, Max = 14.423 ms
IQR = 0.240 ms, LowerFence = 13.353 ms, UpperFence = 14.313 ms
ConfidenceInterval = [13.611 ms; 14.138 ms] (CI 99.9%), Margin = 0.264 ms (1.90% of Mean)
Skewness = 1.2, Kurtosis = 3.03, MValue = 2

// ** Remained 0 (0.0 %) benchmark(s) to run. Estimated finish 2026-08-31 18:31 (0h 0m from now) **
// ***** BenchmarkRunner: Finish  *****

// * Export *
  BenchmarkDotNet.Artifacts/results/QueueBenchmark-report.csv
  BenchmarkDotNet.Artifacts/results/QueueBenchmark-report-github.md
  BenchmarkDotNet.Artifacts/results/QueueBenchmark-report.html

// * Detailed results *
QueueBenchmark.UnsafeQueue_Enqueue: Job-CNUJVU(InvocationCount=1, UnrollFactor=1) [Count=10000000]
Runtime = .NET 10.0.11 (10.0.11, 42.42.42.42424), X64 RyuJIT x86-64-v3; GC = Concurrent Workstation
There are not any results runs

QueueBenchmark.Queue_Enqueue: Job-CNUJVU(InvocationCount=1, UnrollFactor=1) [Count=10000000]
Runtime = .NET 10.0.11 (10.0.11, 42.42.42.42424), X64 RyuJIT x86-64-v3; GC = Concurrent Workstation
Mean = 13.874 ms, StdErr = 0.064 ms (0.46%), N = 15, StdDev = 0.247 ms
Min = 13.646 ms, Q1 = 13.713 ms, Median = 13.778 ms, Q3 = 13.953 ms, Max = 14.423 ms
IQR = 0.240 ms, LowerFence = 13.353 ms, UpperFence = 14.313 ms
ConfidenceInterval = [13.611 ms; 14.138 ms] (CI 99.9%), Margin = 0.264 ms (1.90% of Mean)
Skewness = 1.2, Kurtosis = 3.03, MValue = 2
-------------------- Histogram --------------------
[13.630 ms ; 14.186 ms) | @@@@@@@@@@@@@
[14.186 ms ; 14.554 ms) | @@
---------------------------------------------------

// * Summary *

BenchmarkDotNet v0.15.8, Linux Arch Linux
12th Gen Intel Core i5-1235U 0.40GHz, 1 CPU, 12 logical and 10 physical cores
.NET SDK 10.0.111
  [Host]     : .NET 10.0.11 (10.0.11, 42.42.42.42424), X64 RyuJIT x86-64-v3
  Job-CNUJVU : .NET 10.0.11 (10.0.11, 42.42.42.42424), X64 RyuJIT x86-64-v3

InvocationCount=1  UnrollFactor=1  

| Method              | Count    | Mean     | Error    | StdDev   | Allocated |
|-------------------- |--------- |---------:|---------:|---------:|----------:|
| UnsafeQueue_Enqueue | 10000000 |       NA |       NA |       NA |        NA |
| Queue_Enqueue       | 10000000 | 13.87 ms | 0.264 ms | 0.247 ms |         - |

Benchmarks with issues:
  QueueBenchmark.UnsafeQueue_Enqueue: Job-CNUJVU(InvocationCount=1, UnrollFactor=1) [Count=10000000]

// * Warnings *
MinIterationTime
  QueueBenchmark.Queue_Enqueue: InvocationCount=1, UnrollFactor=1 -> The minimum observed iteration time is 13.646ms which is very small. It's recommended to increase it to at least 100ms using more operations.

// * Hints *
Outliers
  QueueBenchmark.Queue_Enqueue: InvocationCount=1, UnrollFactor=1 -> 2 outliers were removed (18.93 ms, 19.51 ms)

// * Legends *
  Count     : Value of the 'Count' parameter
  Mean      : Arithmetic mean of all measurements
  Error     : Half of 99.9% confidence interval
  StdDev    : Standard deviation of all measurements
  Allocated : Allocated memory per single operation (managed only, inclusive, 1KB = 1024B)
  1 ms      : 1 Millisecond (0.001 sec)

// * Diagnostic Output - MemoryDiagnoser *


// ***** BenchmarkRunner: End *****
Run time: 00:00:00 (0.82 sec), executed benchmarks: 2

Global total time: 00:00:08 (8.73 sec), executed benchmarks: 2
// * Artifacts cleanup *
Artifacts cleanup is finished
