// Validating benchmarks:
// ***** BenchmarkRunner: Start   *****
// ***** Found 2 benchmark(s) in total *****
// ***** Building 1 exe(s) in Parallel: Start   *****
// start dotnet  restore --nodeReuse:false /p:UseSharedCompilation=false /p:Deterministic=true /p:Optimize=true /p:ArtifactsPath="/home/zynres/Projects/sweet-log/libraries/sweetlib-collections/src/SweetLib.Benchmarks/bin/Release/net10.0/SweetLib.Benchmarks-DefaultJob-1/" /p:OutDir="/home/zynres/Projects/sweet-log/libraries/sweetlib-collections/src/SweetLib.Benchmarks/bin/Release/net10.0/SweetLib.Benchmarks-DefaultJob-1/bin/Release/net10.0/" /p:OutputPath="/home/zynres/Projects/sweet-log/libraries/sweetlib-collections/src/SweetLib.Benchmarks/bin/Release/net10.0/SweetLib.Benchmarks-DefaultJob-1/bin/Release/net10.0/" /p:PublishDir="/home/zynres/Projects/sweet-log/libraries/sweetlib-collections/src/SweetLib.Benchmarks/bin/Release/net10.0/SweetLib.Benchmarks-DefaultJob-1/publish/" in /home/zynres/Projects/sweet-log/libraries/sweetlib-collections/src/SweetLib.Benchmarks/bin/Release/net10.0/SweetLib.Benchmarks-DefaultJob-1
// command took 0.88 sec and exited with 0
// start dotnet  build -c Release --no-restore --nodeReuse:false /p:UseSharedCompilation=false /p:Deterministic=true /p:Optimize=true /p:ArtifactsPath="/home/zynres/Projects/sweet-log/libraries/sweetlib-collections/src/SweetLib.Benchmarks/bin/Release/net10.0/SweetLib.Benchmarks-DefaultJob-1/" /p:OutDir="/home/zynres/Projects/sweet-log/libraries/sweetlib-collections/src/SweetLib.Benchmarks/bin/Release/net10.0/SweetLib.Benchmarks-DefaultJob-1/bin/Release/net10.0/" /p:OutputPath="/home/zynres/Projects/sweet-log/libraries/sweetlib-collections/src/SweetLib.Benchmarks/bin/Release/net10.0/SweetLib.Benchmarks-DefaultJob-1/bin/Release/net10.0/" /p:PublishDir="/home/zynres/Projects/sweet-log/libraries/sweetlib-collections/src/SweetLib.Benchmarks/bin/Release/net10.0/SweetLib.Benchmarks-DefaultJob-1/publish/" --output "/home/zynres/Projects/sweet-log/libraries/sweetlib-collections/src/SweetLib.Benchmarks/bin/Release/net10.0/SweetLib.Benchmarks-DefaultJob-1/bin/Release/net10.0/" in /home/zynres/Projects/sweet-log/libraries/sweetlib-collections/src/SweetLib.Benchmarks/bin/Release/net10.0/SweetLib.Benchmarks-DefaultJob-1
// command took 7.42 sec and exited with 0
// ***** Done, took 00:00:08 (8.34 sec)   *****
// Found 2 benchmarks:
//   QueueBenchmark.UnsafeQueue_EnqueueDequeue: DefaultJob [Count=10000000]
//   QueueBenchmark.Queue_EnqueueDequeue: DefaultJob [Count=10000000]

// **************************
// Benchmark: QueueBenchmark.UnsafeQueue_EnqueueDequeue: DefaultJob [Count=10000000]
// *** Execute ***
// Launch: 1 / 1
// Execute: dotnet SweetLib.Benchmarks-DefaultJob-1.dll --anonymousPipes 119 120 --benchmarkName "QueueBenchmark.UnsafeQueue_EnqueueDequeue(Count: 10000000)" --job Default --benchmarkId 0 in /home/zynres/Projects/sweet-log/libraries/sweetlib-collections/src/SweetLib.Benchmarks/bin/Release/net10.0/SweetLib.Benchmarks-DefaultJob-1/bin/Release/net10.0
// Failed to set up high priority (Permission denied). In order to run benchmarks with high priority, make sure you have the right permissions.
// BeforeAnythingElse

// Benchmark Process Environment Information:
// BenchmarkDotNet v0.15.8
// Runtime=.NET 10.0.11 (10.0.11, 42.42.42.42424), X64 RyuJIT x86-64-v3
// GC=Concurrent Workstation
// HardwareIntrinsics=AVX2+BMI1+BMI2+F16C+FMA+LZCNT+MOVBE,AVX,SSE3+SSSE3+SSE4.1+SSE4.2+POPCNT,X86Base+SSE+SSE2,AES+PCLMUL,AvxVnni,SERIALIZE VectorSize=256
// Job: DefaultJob

OverheadJitting  1: 1 op, 132898.00 ns, 132.8980 us/op
WorkloadJitting  1: 1 op, 18124243.00 ns, 18.1242 ms/op

OverheadJitting  2: 16 op, 218494.00 ns, 13.6559 us/op
WorkloadJitting  2: 16 op, 251262114.00 ns, 15.7039 ms/op

WorkloadPilot    1: 16 op, 254492640.00 ns, 15.9058 ms/op
WorkloadPilot    2: 32 op, 591566718.00 ns, 18.4865 ms/op

OverheadWarmup   1: 32 op, 1972.00 ns, 61.6250 ns/op
OverheadWarmup   2: 32 op, 324.00 ns, 10.1250 ns/op
OverheadWarmup   3: 32 op, 168.00 ns, 5.2500 ns/op
OverheadWarmup   4: 32 op, 198.00 ns, 6.1875 ns/op
OverheadWarmup   5: 32 op, 267.00 ns, 8.3438 ns/op
OverheadWarmup   6: 32 op, 188.00 ns, 5.8750 ns/op
OverheadWarmup   7: 32 op, 163.00 ns, 5.0938 ns/op
OverheadWarmup   8: 32 op, 181.00 ns, 5.6563 ns/op
OverheadWarmup   9: 32 op, 171.00 ns, 5.3438 ns/op

OverheadActual   1: 32 op, 947.00 ns, 29.5938 ns/op
OverheadActual   2: 32 op, 564.00 ns, 17.6250 ns/op
OverheadActual   3: 32 op, 481.00 ns, 15.0313 ns/op
OverheadActual   4: 32 op, 353.00 ns, 11.0313 ns/op
OverheadActual   5: 32 op, 452.00 ns, 14.1250 ns/op
OverheadActual   6: 32 op, 209.00 ns, 6.5313 ns/op
OverheadActual   7: 32 op, 217.00 ns, 6.7813 ns/op
OverheadActual   8: 32 op, 204.00 ns, 6.3750 ns/op
OverheadActual   9: 32 op, 172.00 ns, 5.3750 ns/op
OverheadActual  10: 32 op, 165.00 ns, 5.1563 ns/op
OverheadActual  11: 32 op, 148.00 ns, 4.6250 ns/op
OverheadActual  12: 32 op, 137.00 ns, 4.2813 ns/op
OverheadActual  13: 32 op, 220.00 ns, 6.8750 ns/op
OverheadActual  14: 32 op, 140.00 ns, 4.3750 ns/op
OverheadActual  15: 32 op, 186.00 ns, 5.8125 ns/op
OverheadActual  16: 32 op, 185.00 ns, 5.7813 ns/op
OverheadActual  17: 32 op, 164.00 ns, 5.1250 ns/op
OverheadActual  18: 32 op, 456.00 ns, 14.2500 ns/op
OverheadActual  19: 32 op, 241.00 ns, 7.5313 ns/op
OverheadActual  20: 32 op, 249.00 ns, 7.7813 ns/op

WorkloadWarmup   1: 32 op, 625476382.00 ns, 19.5461 ms/op
WorkloadWarmup   2: 32 op, 608296192.00 ns, 19.0093 ms/op
WorkloadWarmup   3: 32 op, 609724551.00 ns, 19.0539 ms/op
WorkloadWarmup   4: 32 op, 619315504.00 ns, 19.3536 ms/op
WorkloadWarmup   5: 32 op, 616088190.00 ns, 19.2528 ms/op
WorkloadWarmup   6: 32 op, 616639497.00 ns, 19.2700 ms/op
WorkloadWarmup   7: 32 op, 611326330.00 ns, 19.1039 ms/op

// BeforeActualRun
WorkloadActual   1: 32 op, 612906291.00 ns, 19.1533 ms/op
WorkloadActual   2: 32 op, 612574162.00 ns, 19.1429 ms/op
WorkloadActual   3: 32 op, 616478229.00 ns, 19.2649 ms/op
WorkloadActual   4: 32 op, 628879734.00 ns, 19.6525 ms/op
WorkloadActual   5: 32 op, 617841587.00 ns, 19.3075 ms/op
WorkloadActual   6: 32 op, 594784128.00 ns, 18.5870 ms/op
WorkloadActual   7: 32 op, 599649157.00 ns, 18.7390 ms/op
WorkloadActual   8: 32 op, 594335378.00 ns, 18.5730 ms/op
WorkloadActual   9: 32 op, 592206813.00 ns, 18.5065 ms/op
WorkloadActual  10: 32 op, 599896481.00 ns, 18.7468 ms/op
WorkloadActual  11: 32 op, 606888346.00 ns, 18.9653 ms/op
WorkloadActual  12: 32 op, 602559670.00 ns, 18.8300 ms/op
WorkloadActual  13: 32 op, 594827416.00 ns, 18.5884 ms/op
WorkloadActual  14: 32 op, 591121221.00 ns, 18.4725 ms/op
WorkloadActual  15: 32 op, 593995769.00 ns, 18.5624 ms/op
WorkloadActual  16: 32 op, 593795511.00 ns, 18.5561 ms/op

// AfterActualRun
WorkloadResult   1: 32 op, 612906078.00 ns, 19.1533 ms/op
WorkloadResult   2: 32 op, 612573949.00 ns, 19.1429 ms/op
WorkloadResult   3: 32 op, 616478016.00 ns, 19.2649 ms/op
WorkloadResult   4: 32 op, 628879521.00 ns, 19.6525 ms/op
WorkloadResult   5: 32 op, 617841374.00 ns, 19.3075 ms/op
WorkloadResult   6: 32 op, 594783915.00 ns, 18.5870 ms/op
WorkloadResult   7: 32 op, 599648944.00 ns, 18.7390 ms/op
WorkloadResult   8: 32 op, 594335165.00 ns, 18.5730 ms/op
WorkloadResult   9: 32 op, 592206600.00 ns, 18.5065 ms/op
WorkloadResult  10: 32 op, 599896268.00 ns, 18.7468 ms/op
WorkloadResult  11: 32 op, 606888133.00 ns, 18.9653 ms/op
WorkloadResult  12: 32 op, 602559457.00 ns, 18.8300 ms/op
WorkloadResult  13: 32 op, 594827203.00 ns, 18.5884 ms/op
WorkloadResult  14: 32 op, 591121008.00 ns, 18.4725 ms/op
WorkloadResult  15: 32 op, 593995556.00 ns, 18.5624 ms/op
WorkloadResult  16: 32 op, 593795298.00 ns, 18.5561 ms/op
// GC:  0 0 0 0 32
// Threading:  0 0 32

// AfterAll
// Benchmark Process 128496 has exited with code 0.

Mean = 18.853 ms, StdErr = 0.089 ms (0.47%), N = 16, StdDev = 0.354 ms
Min = 18.473 ms, Q1 = 18.570 ms, Median = 18.743 ms, Q3 = 19.146 ms, Max = 19.652 ms
IQR = 0.575 ms, LowerFence = 17.708 ms, UpperFence = 20.008 ms
ConfidenceInterval = [18.492 ms; 19.214 ms] (CI 99.9%), Margin = 0.361 ms (1.91% of Mean)
Skewness = 0.73, Kurtosis = 2.23, MValue = 2

// ** Remained 1 (50.0 %) benchmark(s) to run. Estimated finish 2026-08-31 18:51 (0h 0m from now) **
// **************************
// Benchmark: QueueBenchmark.Queue_EnqueueDequeue: DefaultJob [Count=10000000]
// *** Execute ***
// Launch: 1 / 1
// Execute: dotnet SweetLib.Benchmarks-DefaultJob-1.dll --anonymousPipes 119 120 --benchmarkName "QueueBenchmark.Queue_EnqueueDequeue(Count: 10000000)" --job Default --benchmarkId 1 in /home/zynres/Projects/sweet-log/libraries/sweetlib-collections/src/SweetLib.Benchmarks/bin/Release/net10.0/SweetLib.Benchmarks-DefaultJob-1/bin/Release/net10.0
// Failed to set up high priority (Permission denied). In order to run benchmarks with high priority, make sure you have the right permissions.
// BeforeAnythingElse

// Benchmark Process Environment Information:
// BenchmarkDotNet v0.15.8
// Runtime=.NET 10.0.11 (10.0.11, 42.42.42.42424), X64 RyuJIT x86-64-v3
// GC=Concurrent Workstation
// HardwareIntrinsics=AVX2+BMI1+BMI2+F16C+FMA+LZCNT+MOVBE,AVX,SSE3+SSSE3+SSE4.1+SSE4.2+POPCNT,X86Base+SSE+SSE2,AES+PCLMUL,AvxVnni,SERIALIZE VectorSize=256
// Job: DefaultJob

OverheadJitting  1: 1 op, 171526.00 ns, 171.5260 us/op
WorkloadJitting  1: 1 op, 24475925.00 ns, 24.4759 ms/op

OverheadJitting  2: 16 op, 247735.00 ns, 15.4834 us/op
WorkloadJitting  2: 16 op, 336447031.00 ns, 21.0279 ms/op

WorkloadPilot    1: 16 op, 316383223.00 ns, 19.7740 ms/op
WorkloadPilot    2: 32 op, 641806449.00 ns, 20.0565 ms/op

OverheadWarmup   1: 32 op, 1603.00 ns, 50.0938 ns/op
OverheadWarmup   2: 32 op, 536.00 ns, 16.7500 ns/op
OverheadWarmup   3: 32 op, 419.00 ns, 13.0938 ns/op
OverheadWarmup   4: 32 op, 649.00 ns, 20.2813 ns/op
OverheadWarmup   5: 32 op, 568.00 ns, 17.7500 ns/op
OverheadWarmup   6: 32 op, 569.00 ns, 17.7813 ns/op
OverheadWarmup   7: 32 op, 542.00 ns, 16.9375 ns/op

OverheadActual   1: 32 op, 464.00 ns, 14.5000 ns/op
OverheadActual   2: 32 op, 509.00 ns, 15.9063 ns/op
OverheadActual   3: 32 op, 461.00 ns, 14.4063 ns/op
OverheadActual   4: 32 op, 467.00 ns, 14.5938 ns/op
OverheadActual   5: 32 op, 470.00 ns, 14.6875 ns/op
OverheadActual   6: 32 op, 311.00 ns, 9.7188 ns/op
OverheadActual   7: 32 op, 212.00 ns, 6.6250 ns/op
OverheadActual   8: 32 op, 122.00 ns, 3.8125 ns/op
OverheadActual   9: 32 op, 129.00 ns, 4.0313 ns/op
OverheadActual  10: 32 op, 223.00 ns, 6.9688 ns/op
OverheadActual  11: 32 op, 254.00 ns, 7.9375 ns/op
OverheadActual  12: 32 op, 198.00 ns, 6.1875 ns/op
OverheadActual  13: 32 op, 164.00 ns, 5.1250 ns/op
OverheadActual  14: 32 op, 158.00 ns, 4.9375 ns/op
OverheadActual  15: 32 op, 146.00 ns, 4.5625 ns/op
OverheadActual  16: 32 op, 167.00 ns, 5.2188 ns/op
OverheadActual  17: 32 op, 143.00 ns, 4.4688 ns/op
OverheadActual  18: 32 op, 465.00 ns, 14.5313 ns/op
OverheadActual  19: 32 op, 261.00 ns, 8.1563 ns/op
OverheadActual  20: 32 op, 216.00 ns, 6.7500 ns/op

WorkloadWarmup   1: 32 op, 674186513.00 ns, 21.0683 ms/op
WorkloadWarmup   2: 32 op, 684716604.00 ns, 21.3974 ms/op
WorkloadWarmup   3: 32 op, 655745327.00 ns, 20.4920 ms/op
WorkloadWarmup   4: 32 op, 660587727.00 ns, 20.6434 ms/op
WorkloadWarmup   5: 32 op, 655115304.00 ns, 20.4724 ms/op
WorkloadWarmup   6: 32 op, 658763315.00 ns, 20.5864 ms/op

// BeforeActualRun
WorkloadActual   1: 32 op, 691836704.00 ns, 21.6199 ms/op
WorkloadActual   2: 32 op, 654973792.00 ns, 20.4679 ms/op
WorkloadActual   3: 32 op, 687029087.00 ns, 21.4697 ms/op
WorkloadActual   4: 32 op, 665833200.00 ns, 20.8073 ms/op
WorkloadActual   5: 32 op, 662870632.00 ns, 20.7147 ms/op
WorkloadActual   6: 32 op, 655725135.00 ns, 20.4914 ms/op
WorkloadActual   7: 32 op, 648591969.00 ns, 20.2685 ms/op
WorkloadActual   8: 32 op, 650198380.00 ns, 20.3187 ms/op
WorkloadActual   9: 32 op, 654236174.00 ns, 20.4449 ms/op
WorkloadActual  10: 32 op, 653178353.00 ns, 20.4118 ms/op
WorkloadActual  11: 32 op, 653955644.00 ns, 20.4361 ms/op
WorkloadActual  12: 32 op, 652718560.00 ns, 20.3975 ms/op
WorkloadActual  13: 32 op, 652445584.00 ns, 20.3889 ms/op
WorkloadActual  14: 32 op, 653727647.00 ns, 20.4290 ms/op
WorkloadActual  15: 32 op, 654387096.00 ns, 20.4496 ms/op

// AfterActualRun
WorkloadResult   1: 32 op, 654973572.50 ns, 20.4679 ms/op
WorkloadResult   2: 32 op, 665832980.50 ns, 20.8073 ms/op
WorkloadResult   3: 32 op, 662870412.50 ns, 20.7147 ms/op
WorkloadResult   4: 32 op, 655724915.50 ns, 20.4914 ms/op
WorkloadResult   5: 32 op, 648591749.50 ns, 20.2685 ms/op
WorkloadResult   6: 32 op, 650198160.50 ns, 20.3187 ms/op
WorkloadResult   7: 32 op, 654235954.50 ns, 20.4449 ms/op
WorkloadResult   8: 32 op, 653178133.50 ns, 20.4118 ms/op
WorkloadResult   9: 32 op, 653955424.50 ns, 20.4361 ms/op
WorkloadResult  10: 32 op, 652718340.50 ns, 20.3974 ms/op
WorkloadResult  11: 32 op, 652445364.50 ns, 20.3889 ms/op
WorkloadResult  12: 32 op, 653727427.50 ns, 20.4290 ms/op
WorkloadResult  13: 32 op, 654386876.50 ns, 20.4496 ms/op
// GC:  16 16 16 1280007040 32
// Threading:  0 0 32

// AfterAll
// Benchmark Process 128586 has exited with code 0.

Mean = 20.464 ms, StdErr = 0.041 ms (0.20%), N = 13, StdDev = 0.146 ms
Min = 20.268 ms, Q1 = 20.397 ms, Median = 20.436 ms, Q3 = 20.468 ms, Max = 20.807 ms
IQR = 0.070 ms, LowerFence = 20.292 ms, UpperFence = 20.574 ms
ConfidenceInterval = [20.289 ms; 20.639 ms] (CI 99.9%), Margin = 0.175 ms (0.86% of Mean)
Skewness = 1.11, Kurtosis = 3.36, MValue = 2

// ** Remained 0 (0.0 %) benchmark(s) to run. Estimated finish 2026-08-31 18:51 (0h 0m from now) **
// ***** BenchmarkRunner: Finish  *****

// * Export *
  BenchmarkDotNet.Artifacts/results/QueueBenchmark-report.csv
  BenchmarkDotNet.Artifacts/results/QueueBenchmark-report-github.md
  BenchmarkDotNet.Artifacts/results/QueueBenchmark-report.html

// * Detailed results *
QueueBenchmark.UnsafeQueue_EnqueueDequeue: DefaultJob [Count=10000000]
Runtime = .NET 10.0.11 (10.0.11, 42.42.42.42424), X64 RyuJIT x86-64-v3; GC = Concurrent Workstation
Mean = 18.853 ms, StdErr = 0.089 ms (0.47%), N = 16, StdDev = 0.354 ms
Min = 18.473 ms, Q1 = 18.570 ms, Median = 18.743 ms, Q3 = 19.146 ms, Max = 19.652 ms
IQR = 0.575 ms, LowerFence = 17.708 ms, UpperFence = 20.008 ms
ConfidenceInterval = [18.492 ms; 19.214 ms] (CI 99.9%), Margin = 0.361 ms (1.91% of Mean)
Skewness = 0.73, Kurtosis = 2.23, MValue = 2
-------------------- Histogram --------------------
[18.465 ms ; 18.945 ms) | @@@@@@@@@@
[18.945 ms ; 19.837 ms) | @@@@@@
---------------------------------------------------

QueueBenchmark.Queue_EnqueueDequeue: DefaultJob [Count=10000000]
Runtime = .NET 10.0.11 (10.0.11, 42.42.42.42424), X64 RyuJIT x86-64-v3; GC = Concurrent Workstation
Mean = 20.464 ms, StdErr = 0.041 ms (0.20%), N = 13, StdDev = 0.146 ms
Min = 20.268 ms, Q1 = 20.397 ms, Median = 20.436 ms, Q3 = 20.468 ms, Max = 20.807 ms
IQR = 0.070 ms, LowerFence = 20.292 ms, UpperFence = 20.574 ms
ConfidenceInterval = [20.289 ms; 20.639 ms] (CI 99.9%), Margin = 0.175 ms (0.86% of Mean)
Skewness = 1.11, Kurtosis = 3.36, MValue = 2
-------------------- Histogram --------------------
[20.236 ms ; 20.889 ms) | @@@@@@@@@@@@@
---------------------------------------------------

// * Summary *

BenchmarkDotNet v0.15.8, Linux Arch Linux
12th Gen Intel Core i5-1235U 0.40GHz, 1 CPU, 12 logical and 10 physical cores
.NET SDK 10.0.111
  [Host]     : .NET 10.0.11 (10.0.11, 42.42.42.42424), X64 RyuJIT x86-64-v3
  DefaultJob : .NET 10.0.11 (10.0.11, 42.42.42.42424), X64 RyuJIT x86-64-v3


| Method                     | Count    | Mean     | Error    | StdDev   | Gen0     | Gen1     | Gen2     | Allocated  |
|--------------------------- |--------- |---------:|---------:|---------:|---------:|---------:|---------:|-----------:|
| UnsafeQueue_EnqueueDequeue | 10000000 | 18.85 ms | 0.361 ms | 0.354 ms |        - |        - |        - |          - |
| Queue_EnqueueDequeue       | 10000000 | 20.46 ms | 0.175 ms | 0.146 ms | 500.0000 | 500.0000 | 500.0000 | 40000220 B |

// * Hints *
Outliers
  QueueBenchmark.Queue_EnqueueDequeue: Default -> 2 outliers were removed (21.47 ms, 21.62 ms)

// * Legends *
  Count     : Value of the 'Count' parameter
  Mean      : Arithmetic mean of all measurements
  Error     : Half of 99.9% confidence interval
  StdDev    : Standard deviation of all measurements
  Gen0      : GC Generation 0 collects per 1000 operations
  Gen1      : GC Generation 1 collects per 1000 operations
  Gen2      : GC Generation 2 collects per 1000 operations
  Allocated : Allocated memory per single operation (managed only, inclusive, 1KB = 1024B)
  1 ms      : 1 Millisecond (0.001 sec)

// * Diagnostic Output - MemoryDiagnoser *


// ***** BenchmarkRunner: End *****
Run time: 00:00:31 (31.86 sec), executed benchmarks: 2

Global total time: 00:00:40 (40.28 sec), executed benchmarks: 2
// * Artifacts cleanup *
Artifacts cleanup is finished
