// Validating benchmarks:
// ***** BenchmarkRunner: Start   *****
// ***** Found 2 benchmark(s) in total *****
// ***** Building 1 exe(s) in Parallel: Start   *****
// start dotnet  restore --nodeReuse:false /p:UseSharedCompilation=false /p:Deterministic=true /p:Optimize=true /p:ArtifactsPath="/home/zynres/Projects/sweet-log/libraries/sweetlib-collections/src/SweetLib.Benchmarks/bin/Release/net10.0/SweetLib.Benchmarks-Job-CNUJVU-1/" /p:OutDir="/home/zynres/Projects/sweet-log/libraries/sweetlib-collections/src/SweetLib.Benchmarks/bin/Release/net10.0/SweetLib.Benchmarks-Job-CNUJVU-1/bin/Release/net10.0/" /p:OutputPath="/home/zynres/Projects/sweet-log/libraries/sweetlib-collections/src/SweetLib.Benchmarks/bin/Release/net10.0/SweetLib.Benchmarks-Job-CNUJVU-1/bin/Release/net10.0/" /p:PublishDir="/home/zynres/Projects/sweet-log/libraries/sweetlib-collections/src/SweetLib.Benchmarks/bin/Release/net10.0/SweetLib.Benchmarks-Job-CNUJVU-1/publish/" in /home/zynres/Projects/sweet-log/libraries/sweetlib-collections/src/SweetLib.Benchmarks/bin/Release/net10.0/SweetLib.Benchmarks-Job-CNUJVU-1
// command took 0.86 sec and exited with 0
// start dotnet  build -c Release --no-restore --nodeReuse:false /p:UseSharedCompilation=false /p:Deterministic=true /p:Optimize=true /p:ArtifactsPath="/home/zynres/Projects/sweet-log/libraries/sweetlib-collections/src/SweetLib.Benchmarks/bin/Release/net10.0/SweetLib.Benchmarks-Job-CNUJVU-1/" /p:OutDir="/home/zynres/Projects/sweet-log/libraries/sweetlib-collections/src/SweetLib.Benchmarks/bin/Release/net10.0/SweetLib.Benchmarks-Job-CNUJVU-1/bin/Release/net10.0/" /p:OutputPath="/home/zynres/Projects/sweet-log/libraries/sweetlib-collections/src/SweetLib.Benchmarks/bin/Release/net10.0/SweetLib.Benchmarks-Job-CNUJVU-1/bin/Release/net10.0/" /p:PublishDir="/home/zynres/Projects/sweet-log/libraries/sweetlib-collections/src/SweetLib.Benchmarks/bin/Release/net10.0/SweetLib.Benchmarks-Job-CNUJVU-1/publish/" --output "/home/zynres/Projects/sweet-log/libraries/sweetlib-collections/src/SweetLib.Benchmarks/bin/Release/net10.0/SweetLib.Benchmarks-Job-CNUJVU-1/bin/Release/net10.0/" in /home/zynres/Projects/sweet-log/libraries/sweetlib-collections/src/SweetLib.Benchmarks/bin/Release/net10.0/SweetLib.Benchmarks-Job-CNUJVU-1
// command took 6.9 sec and exited with 0
// ***** Done, took 00:00:07 (7.79 sec)   *****
// Found 2 benchmarks:
//   QueueBenchmark.UnsafeQueue_Enqueue: Job-CNUJVU(InvocationCount=1, UnrollFactor=1) [Count=1000]
//   QueueBenchmark.Queue_Enqueue: Job-CNUJVU(InvocationCount=1, UnrollFactor=1) [Count=1000]

// **************************
// Benchmark: QueueBenchmark.UnsafeQueue_Enqueue: Job-CNUJVU(InvocationCount=1, UnrollFactor=1) [Count=1000]
// *** Execute ***
// Launch: 1 / 1
// Execute: dotnet SweetLib.Benchmarks-Job-CNUJVU-1.dll --anonymousPipes 119 120 --benchmarkName "QueueBenchmark.UnsafeQueue_Enqueue(Count: 1000)" --job "InvocationCount=1, UnrollFactor=1" --benchmarkId 0 in /home/zynres/Projects/sweet-log/libraries/sweetlib-collections/src/SweetLib.Benchmarks/bin/Release/net10.0/SweetLib.Benchmarks-Job-CNUJVU-1/bin/Release/net10.0
// Failed to set up high priority (Permission denied). In order to run benchmarks with high priority, make sure you have the right permissions.
// BeforeAnythingElse

// Benchmark Process Environment Information:
// BenchmarkDotNet v0.15.8
// Runtime=.NET 10.0.11 (10.0.11, 42.42.42.42424), X64 RyuJIT x86-64-v3
// GC=Concurrent Workstation
// HardwareIntrinsics=AVX2+BMI1+BMI2+F16C+FMA+LZCNT+MOVBE,AVX,SSE3+SSSE3+SSE4.1+SSE4.2+POPCNT,X86Base+SSE+SSE2,AES+PCLMUL,AvxVnni,SERIALIZE VectorSize=256
// Job: Job-CNUJVU(InvocationCount=1, UnrollFactor=1)

OverheadJitting  1: 1 op, 127547.00 ns, 127.5470 us/op
WorkloadJitting  1: 1 op, 280245.00 ns, 280.2450 us/op

OverheadWarmup   1: 1 op, 167.00 ns, 167.0000 ns/op
OverheadWarmup   2: 1 op, 25.00 ns, 25.0000 ns/op
OverheadWarmup   3: 1 op, 25.00 ns, 25.0000 ns/op
OverheadWarmup   4: 1 op, 40.00 ns, 40.0000 ns/op
OverheadWarmup   5: 1 op, 135.00 ns, 135.0000 ns/op
OverheadWarmup   6: 1 op, 23.00 ns, 23.0000 ns/op
OverheadWarmup   7: 1 op, 35.00 ns, 35.0000 ns/op

OverheadActual   1: 1 op, 356.00 ns, 356.0000 ns/op
OverheadActual   2: 1 op, 416.00 ns, 416.0000 ns/op
OverheadActual   3: 1 op, 239.00 ns, 239.0000 ns/op
OverheadActual   4: 1 op, 90.00 ns, 90.0000 ns/op
OverheadActual   5: 1 op, 184.00 ns, 184.0000 ns/op
OverheadActual   6: 1 op, 37.00 ns, 37.0000 ns/op
OverheadActual   7: 1 op, 36.00 ns, 36.0000 ns/op
OverheadActual   8: 1 op, 37.00 ns, 37.0000 ns/op
OverheadActual   9: 1 op, 37.00 ns, 37.0000 ns/op
OverheadActual  10: 1 op, 22.00 ns, 22.0000 ns/op
OverheadActual  11: 1 op, 25.00 ns, 25.0000 ns/op
OverheadActual  12: 1 op, 24.00 ns, 24.0000 ns/op
OverheadActual  13: 1 op, 21.00 ns, 21.0000 ns/op
OverheadActual  14: 1 op, 23.00 ns, 23.0000 ns/op
OverheadActual  15: 1 op, 34.00 ns, 34.0000 ns/op
OverheadActual  16: 1 op, 23.00 ns, 23.0000 ns/op
OverheadActual  17: 1 op, 24.00 ns, 24.0000 ns/op
OverheadActual  18: 1 op, 75.00 ns, 75.0000 ns/op
OverheadActual  19: 1 op, 61.00 ns, 61.0000 ns/op
OverheadActual  20: 1 op, 35.00 ns, 35.0000 ns/op


System.Reflection.TargetInvocationException: Exception has been thrown by the target of an invocation.
 ---> System.NullReferenceException: Object reference not set to an instance of an object.
   at SweetLib.Collections.Unsafe.Concurrent.Queue.UnsafeConcurrentQueue`1.Enqueue(T& value) in /home/zynres/Projects/sweet-log/libraries/sweetlib-collections/src/SweetLib.Collections/Unsafe/Concurrent/Queue/UnsafeConcurrentQueue.cs:line 38
   at QueueBenchmark.UnsafeQueue_Enqueue() in /home/zynres/Projects/sweet-log/libraries/sweetlib-collections/src/SweetLib.Benchmarks/Program.cs:line 32
   at BenchmarkDotNet.Autogenerated.Runnable_0.WorkloadActionUnroll(Int64 invokeCount) in /home/zynres/Projects/sweet-log/libraries/sweetlib-collections/src/SweetLib.Benchmarks/bin/Release/net10.0/SweetLib.Benchmarks-Job-CNUJVU-1/SweetLib.Benchmarks-Job-CNUJVU-1.notcs:line 272
   at BenchmarkDotNet.Engines.Engine.Measure(Action`1 action, Int64 invokeCount)
   at BenchmarkDotNet.Engines.Engine.RunIteration(IterationData data)
   at BenchmarkDotNet.Engines.Engine.Run()
   at BenchmarkDotNet.Autogenerated.Runnable_0.Run(IHost host, String benchmarkName) in /home/zynres/Projects/sweet-log/libraries/sweetlib-collections/src/SweetLib.Benchmarks/bin/Release/net10.0/SweetLib.Benchmarks-Job-CNUJVU-1/SweetLib.Benchmarks-Job-CNUJVU-1.notcs:line 179
   at System.Reflection.MethodBaseInvoker.InterpretedInvoke_Method(Object obj, IntPtr* args)
   at System.Reflection.MethodBaseInvoker.InvokeDirectByRefWithFewArgs(Object obj, Span`1 copyOfArgs, BindingFlags invokeAttr)
   --- End of inner exception stack trace ---
   at System.Reflection.MethodBaseInvoker.InvokeDirectByRefWithFewArgs(Object obj, Span`1 copyOfArgs, BindingFlags invokeAttr)
   at System.Reflection.MethodBaseInvoker.InvokeWithFewArgs(Object obj, BindingFlags invokeAttr, Binder binder, Object[] parameters, CultureInfo culture)
   at System.Reflection.RuntimeMethodInfo.Invoke(Object obj, BindingFlags invokeAttr, Binder binder, Object[] parameters, CultureInfo culture)
   at BenchmarkDotNet.Autogenerated.UniqueProgramName.AfterAssemblyLoadingAttached(String[] args) in /home/zynres/Projects/sweet-log/libraries/sweetlib-collections/src/SweetLib.Benchmarks/bin/Release/net10.0/SweetLib.Benchmarks-Job-CNUJVU-1/SweetLib.Benchmarks-Job-CNUJVU-1.notcs:line 57
// AfterAll
No Workload Results were obtained from the run.
// Benchmark Process 111245 has exited with code 255.

// ** Remained 1 (50.0 %) benchmark(s) to run. Estimated finish 2026-08-31 18:15 (0h 0m from now) **
// **************************
// Benchmark: QueueBenchmark.Queue_Enqueue: Job-CNUJVU(InvocationCount=1, UnrollFactor=1) [Count=1000]
// *** Execute ***
// Launch: 1 / 1
// Execute: dotnet SweetLib.Benchmarks-Job-CNUJVU-1.dll --anonymousPipes 119 120 --benchmarkName "QueueBenchmark.Queue_Enqueue(Count: 1000)" --job "InvocationCount=1, UnrollFactor=1" --benchmarkId 1 in /home/zynres/Projects/sweet-log/libraries/sweetlib-collections/src/SweetLib.Benchmarks/bin/Release/net10.0/SweetLib.Benchmarks-Job-CNUJVU-1/bin/Release/net10.0
// Failed to set up high priority (Permission denied). In order to run benchmarks with high priority, make sure you have the right permissions.
// BeforeAnythingElse

// Benchmark Process Environment Information:
// BenchmarkDotNet v0.15.8
// Runtime=.NET 10.0.11 (10.0.11, 42.42.42.42424), X64 RyuJIT x86-64-v3
// GC=Concurrent Workstation
// HardwareIntrinsics=AVX2+BMI1+BMI2+F16C+FMA+LZCNT+MOVBE,AVX,SSE3+SSSE3+SSE4.1+SSE4.2+POPCNT,X86Base+SSE+SSE2,AES+PCLMUL,AvxVnni,SERIALIZE VectorSize=256
// Job: Job-CNUJVU(InvocationCount=1, UnrollFactor=1)

OverheadJitting  1: 1 op, 137407.00 ns, 137.4070 us/op
WorkloadJitting  1: 1 op, 295596.00 ns, 295.5960 us/op

OverheadWarmup   1: 1 op, 135.00 ns, 135.0000 ns/op
OverheadWarmup   2: 1 op, 22.00 ns, 22.0000 ns/op
OverheadWarmup   3: 1 op, 25.00 ns, 25.0000 ns/op
OverheadWarmup   4: 1 op, 24.00 ns, 24.0000 ns/op
OverheadWarmup   5: 1 op, 113.00 ns, 113.0000 ns/op
OverheadWarmup   6: 1 op, 25.00 ns, 25.0000 ns/op

OverheadActual   1: 1 op, 159.00 ns, 159.0000 ns/op
OverheadActual   2: 1 op, 171.00 ns, 171.0000 ns/op
OverheadActual   3: 1 op, 372.00 ns, 372.0000 ns/op
OverheadActual   4: 1 op, 33.00 ns, 33.0000 ns/op
OverheadActual   5: 1 op, 135.00 ns, 135.0000 ns/op
OverheadActual   6: 1 op, 24.00 ns, 24.0000 ns/op
OverheadActual   7: 1 op, 39.00 ns, 39.0000 ns/op
OverheadActual   8: 1 op, 40.00 ns, 40.0000 ns/op
OverheadActual   9: 1 op, 25.00 ns, 25.0000 ns/op
OverheadActual  10: 1 op, 24.00 ns, 24.0000 ns/op
OverheadActual  11: 1 op, 25.00 ns, 25.0000 ns/op
OverheadActual  12: 1 op, 45.00 ns, 45.0000 ns/op
OverheadActual  13: 1 op, 25.00 ns, 25.0000 ns/op
OverheadActual  14: 1 op, 26.00 ns, 26.0000 ns/op
OverheadActual  15: 1 op, 26.00 ns, 26.0000 ns/op
OverheadActual  16: 1 op, 40.00 ns, 40.0000 ns/op
OverheadActual  17: 1 op, 38.00 ns, 38.0000 ns/op
OverheadActual  18: 1 op, 159.00 ns, 159.0000 ns/op
OverheadActual  19: 1 op, 53.00 ns, 53.0000 ns/op
OverheadActual  20: 1 op, 26.00 ns, 26.0000 ns/op

WorkloadWarmup   1: 1 op, 10182.00 ns, 10.1820 us/op
WorkloadWarmup   2: 1 op, 9229.00 ns, 9.2290 us/op
WorkloadWarmup   3: 1 op, 9019.00 ns, 9.0190 us/op
WorkloadWarmup   4: 1 op, 8926.00 ns, 8.9260 us/op
WorkloadWarmup   5: 1 op, 8923.00 ns, 8.9230 us/op
WorkloadWarmup   6: 1 op, 9091.00 ns, 9.0910 us/op
WorkloadWarmup   7: 1 op, 8927.00 ns, 8.9270 us/op
WorkloadWarmup   8: 1 op, 13793.00 ns, 13.7930 us/op
WorkloadWarmup   9: 1 op, 445485.00 ns, 445.4850 us/op
WorkloadWarmup  10: 1 op, 16333.00 ns, 16.3330 us/op

// BeforeActualRun
WorkloadActual   1: 1 op, 17293.00 ns, 17.2930 us/op
WorkloadActual   2: 1 op, 15834.00 ns, 15.8340 us/op
WorkloadActual   3: 1 op, 15695.00 ns, 15.6950 us/op
WorkloadActual   4: 1 op, 15513.00 ns, 15.5130 us/op
WorkloadActual   5: 1 op, 15532.00 ns, 15.5320 us/op
WorkloadActual   6: 1 op, 12818.00 ns, 12.8180 us/op
WorkloadActual   7: 1 op, 12316.00 ns, 12.3160 us/op
WorkloadActual   8: 1 op, 11428.00 ns, 11.4280 us/op
WorkloadActual   9: 1 op, 11340.00 ns, 11.3400 us/op
WorkloadActual  10: 1 op, 12200.00 ns, 12.2000 us/op
WorkloadActual  11: 1 op, 12481.00 ns, 12.4810 us/op
WorkloadActual  12: 1 op, 12240.00 ns, 12.2400 us/op
WorkloadActual  13: 1 op, 11623.00 ns, 11.6230 us/op
WorkloadActual  14: 1 op, 11915.00 ns, 11.9150 us/op
WorkloadActual  15: 1 op, 11114.00 ns, 11.1140 us/op
WorkloadActual  16: 1 op, 11834.00 ns, 11.8340 us/op
WorkloadActual  17: 1 op, 11666.00 ns, 11.6660 us/op
WorkloadActual  18: 1 op, 11343.00 ns, 11.3430 us/op
WorkloadActual  19: 1 op, 11808.00 ns, 11.8080 us/op
WorkloadActual  20: 1 op, 12402.00 ns, 12.4020 us/op
WorkloadActual  21: 1 op, 11554.00 ns, 11.5540 us/op
WorkloadActual  22: 1 op, 11900.00 ns, 11.9000 us/op
WorkloadActual  23: 1 op, 9805.00 ns, 9.8050 us/op
WorkloadActual  24: 1 op, 10322.00 ns, 10.3220 us/op
WorkloadActual  25: 1 op, 10302.00 ns, 10.3020 us/op
WorkloadActual  26: 1 op, 9841.00 ns, 9.8410 us/op
WorkloadActual  27: 1 op, 9595.00 ns, 9.5950 us/op
WorkloadActual  28: 1 op, 10113.00 ns, 10.1130 us/op
WorkloadActual  29: 1 op, 10410.00 ns, 10.4100 us/op
WorkloadActual  30: 1 op, 9883.00 ns, 9.8830 us/op
WorkloadActual  31: 1 op, 12117.00 ns, 12.1170 us/op
WorkloadActual  32: 1 op, 10793.00 ns, 10.7930 us/op
WorkloadActual  33: 1 op, 10643.00 ns, 10.6430 us/op
WorkloadActual  34: 1 op, 9941.00 ns, 9.9410 us/op
WorkloadActual  35: 1 op, 10376.00 ns, 10.3760 us/op
WorkloadActual  36: 1 op, 10953.00 ns, 10.9530 us/op
WorkloadActual  37: 1 op, 10738.00 ns, 10.7380 us/op
WorkloadActual  38: 1 op, 10640.00 ns, 10.6400 us/op
WorkloadActual  39: 1 op, 10628.00 ns, 10.6280 us/op
WorkloadActual  40: 1 op, 10062.00 ns, 10.0620 us/op
WorkloadActual  41: 1 op, 10296.00 ns, 10.2960 us/op
WorkloadActual  42: 1 op, 10596.00 ns, 10.5960 us/op
WorkloadActual  43: 1 op, 10309.00 ns, 10.3090 us/op
WorkloadActual  44: 1 op, 11046.00 ns, 11.0460 us/op
WorkloadActual  45: 1 op, 10661.00 ns, 10.6610 us/op
WorkloadActual  46: 1 op, 10972.00 ns, 10.9720 us/op
WorkloadActual  47: 1 op, 10225.00 ns, 10.2250 us/op
WorkloadActual  48: 1 op, 10341.00 ns, 10.3410 us/op
WorkloadActual  49: 1 op, 10090.00 ns, 10.0900 us/op
WorkloadActual  50: 1 op, 10082.00 ns, 10.0820 us/op
WorkloadActual  51: 1 op, 10336.00 ns, 10.3360 us/op
WorkloadActual  52: 1 op, 10482.00 ns, 10.4820 us/op
WorkloadActual  53: 1 op, 10659.00 ns, 10.6590 us/op
WorkloadActual  54: 1 op, 10192.00 ns, 10.1920 us/op
WorkloadActual  55: 1 op, 8980.00 ns, 8.9800 us/op
WorkloadActual  56: 1 op, 9112.00 ns, 9.1120 us/op
WorkloadActual  57: 1 op, 9835.00 ns, 9.8350 us/op
WorkloadActual  58: 1 op, 9016.00 ns, 9.0160 us/op
WorkloadActual  59: 1 op, 9354.00 ns, 9.3540 us/op
WorkloadActual  60: 1 op, 9289.00 ns, 9.2890 us/op
WorkloadActual  61: 1 op, 8926.00 ns, 8.9260 us/op
WorkloadActual  62: 1 op, 9859.00 ns, 9.8590 us/op
WorkloadActual  63: 1 op, 10115.00 ns, 10.1150 us/op
WorkloadActual  64: 1 op, 10180.00 ns, 10.1800 us/op
WorkloadActual  65: 1 op, 8941.00 ns, 8.9410 us/op
WorkloadActual  66: 1 op, 10174.00 ns, 10.1740 us/op
WorkloadActual  67: 1 op, 9195.00 ns, 9.1950 us/op
WorkloadActual  68: 1 op, 8989.00 ns, 8.9890 us/op
WorkloadActual  69: 1 op, 8802.00 ns, 8.8020 us/op
WorkloadActual  70: 1 op, 9702.00 ns, 9.7020 us/op
WorkloadActual  71: 1 op, 9229.00 ns, 9.2290 us/op
WorkloadActual  72: 1 op, 8950.00 ns, 8.9500 us/op
WorkloadActual  73: 1 op, 9211.00 ns, 9.2110 us/op
WorkloadActual  74: 1 op, 8796.00 ns, 8.7960 us/op
WorkloadActual  75: 1 op, 9393.00 ns, 9.3930 us/op
WorkloadActual  76: 1 op, 8993.00 ns, 8.9930 us/op
WorkloadActual  77: 1 op, 9370.00 ns, 9.3700 us/op
WorkloadActual  78: 1 op, 9130.00 ns, 9.1300 us/op
WorkloadActual  79: 1 op, 8564.00 ns, 8.5640 us/op
WorkloadActual  80: 1 op, 9070.00 ns, 9.0700 us/op
WorkloadActual  81: 1 op, 9020.00 ns, 9.0200 us/op
WorkloadActual  82: 1 op, 8907.00 ns, 8.9070 us/op
WorkloadActual  83: 1 op, 8859.00 ns, 8.8590 us/op
WorkloadActual  84: 1 op, 9009.00 ns, 9.0090 us/op
WorkloadActual  85: 1 op, 9300.00 ns, 9.3000 us/op
WorkloadActual  86: 1 op, 8878.00 ns, 8.8780 us/op
WorkloadActual  87: 1 op, 9174.00 ns, 9.1740 us/op
WorkloadActual  88: 1 op, 9192.00 ns, 9.1920 us/op
WorkloadActual  89: 1 op, 9385.00 ns, 9.3850 us/op
WorkloadActual  90: 1 op, 9143.00 ns, 9.1430 us/op
WorkloadActual  91: 1 op, 8896.00 ns, 8.8960 us/op
WorkloadActual  92: 1 op, 9093.00 ns, 9.0930 us/op
WorkloadActual  93: 1 op, 9424.00 ns, 9.4240 us/op
WorkloadActual  94: 1 op, 8788.00 ns, 8.7880 us/op
WorkloadActual  95: 1 op, 9222.00 ns, 9.2220 us/op
WorkloadActual  96: 1 op, 8817.00 ns, 8.8170 us/op
WorkloadActual  97: 1 op, 9049.00 ns, 9.0490 us/op
WorkloadActual  98: 1 op, 8992.00 ns, 8.9920 us/op
WorkloadActual  99: 1 op, 10000.00 ns, 10.0000 us/op
WorkloadActual  100: 1 op, 9454.00 ns, 9.4540 us/op

// AfterActualRun
WorkloadResult   1: 1 op, 12779.50 ns, 12.7795 us/op
WorkloadResult   2: 1 op, 12277.50 ns, 12.2775 us/op
WorkloadResult   3: 1 op, 11389.50 ns, 11.3895 us/op
WorkloadResult   4: 1 op, 11301.50 ns, 11.3015 us/op
WorkloadResult   5: 1 op, 12161.50 ns, 12.1615 us/op
WorkloadResult   6: 1 op, 12442.50 ns, 12.4425 us/op
WorkloadResult   7: 1 op, 12201.50 ns, 12.2015 us/op
WorkloadResult   8: 1 op, 11584.50 ns, 11.5845 us/op
WorkloadResult   9: 1 op, 11876.50 ns, 11.8765 us/op
WorkloadResult  10: 1 op, 11075.50 ns, 11.0755 us/op
WorkloadResult  11: 1 op, 11795.50 ns, 11.7955 us/op
WorkloadResult  12: 1 op, 11627.50 ns, 11.6275 us/op
WorkloadResult  13: 1 op, 11304.50 ns, 11.3045 us/op
WorkloadResult  14: 1 op, 11769.50 ns, 11.7695 us/op
WorkloadResult  15: 1 op, 12363.50 ns, 12.3635 us/op
WorkloadResult  16: 1 op, 11515.50 ns, 11.5155 us/op
WorkloadResult  17: 1 op, 11861.50 ns, 11.8615 us/op
WorkloadResult  18: 1 op, 9766.50 ns, 9.7665 us/op
WorkloadResult  19: 1 op, 10283.50 ns, 10.2835 us/op
WorkloadResult  20: 1 op, 10263.50 ns, 10.2635 us/op
WorkloadResult  21: 1 op, 9802.50 ns, 9.8025 us/op
WorkloadResult  22: 1 op, 9556.50 ns, 9.5565 us/op
WorkloadResult  23: 1 op, 10074.50 ns, 10.0745 us/op
WorkloadResult  24: 1 op, 10371.50 ns, 10.3715 us/op
WorkloadResult  25: 1 op, 9844.50 ns, 9.8445 us/op
WorkloadResult  26: 1 op, 12078.50 ns, 12.0785 us/op
WorkloadResult  27: 1 op, 10754.50 ns, 10.7545 us/op
WorkloadResult  28: 1 op, 10604.50 ns, 10.6045 us/op
WorkloadResult  29: 1 op, 9902.50 ns, 9.9025 us/op
WorkloadResult  30: 1 op, 10337.50 ns, 10.3375 us/op
WorkloadResult  31: 1 op, 10914.50 ns, 10.9145 us/op
WorkloadResult  32: 1 op, 10699.50 ns, 10.6995 us/op
WorkloadResult  33: 1 op, 10601.50 ns, 10.6015 us/op
WorkloadResult  34: 1 op, 10589.50 ns, 10.5895 us/op
WorkloadResult  35: 1 op, 10023.50 ns, 10.0235 us/op
WorkloadResult  36: 1 op, 10257.50 ns, 10.2575 us/op
WorkloadResult  37: 1 op, 10557.50 ns, 10.5575 us/op
WorkloadResult  38: 1 op, 10270.50 ns, 10.2705 us/op
WorkloadResult  39: 1 op, 11007.50 ns, 11.0075 us/op
WorkloadResult  40: 1 op, 10622.50 ns, 10.6225 us/op
WorkloadResult  41: 1 op, 10933.50 ns, 10.9335 us/op
WorkloadResult  42: 1 op, 10186.50 ns, 10.1865 us/op
WorkloadResult  43: 1 op, 10302.50 ns, 10.3025 us/op
WorkloadResult  44: 1 op, 10051.50 ns, 10.0515 us/op
WorkloadResult  45: 1 op, 10043.50 ns, 10.0435 us/op
WorkloadResult  46: 1 op, 10297.50 ns, 10.2975 us/op
WorkloadResult  47: 1 op, 10443.50 ns, 10.4435 us/op
WorkloadResult  48: 1 op, 10620.50 ns, 10.6205 us/op
WorkloadResult  49: 1 op, 10153.50 ns, 10.1535 us/op
WorkloadResult  50: 1 op, 8941.50 ns, 8.9415 us/op
WorkloadResult  51: 1 op, 9073.50 ns, 9.0735 us/op
WorkloadResult  52: 1 op, 9796.50 ns, 9.7965 us/op
WorkloadResult  53: 1 op, 8977.50 ns, 8.9775 us/op
WorkloadResult  54: 1 op, 9315.50 ns, 9.3155 us/op
WorkloadResult  55: 1 op, 9250.50 ns, 9.2505 us/op
WorkloadResult  56: 1 op, 8887.50 ns, 8.8875 us/op
WorkloadResult  57: 1 op, 9820.50 ns, 9.8205 us/op
WorkloadResult  58: 1 op, 10076.50 ns, 10.0765 us/op
WorkloadResult  59: 1 op, 10141.50 ns, 10.1415 us/op
WorkloadResult  60: 1 op, 8902.50 ns, 8.9025 us/op
WorkloadResult  61: 1 op, 10135.50 ns, 10.1355 us/op
WorkloadResult  62: 1 op, 9156.50 ns, 9.1565 us/op
WorkloadResult  63: 1 op, 8950.50 ns, 8.9505 us/op
WorkloadResult  64: 1 op, 8763.50 ns, 8.7635 us/op
WorkloadResult  65: 1 op, 9663.50 ns, 9.6635 us/op
WorkloadResult  66: 1 op, 9190.50 ns, 9.1905 us/op
WorkloadResult  67: 1 op, 8911.50 ns, 8.9115 us/op
WorkloadResult  68: 1 op, 9172.50 ns, 9.1725 us/op
WorkloadResult  69: 1 op, 8757.50 ns, 8.7575 us/op
WorkloadResult  70: 1 op, 9354.50 ns, 9.3545 us/op
WorkloadResult  71: 1 op, 8954.50 ns, 8.9545 us/op
WorkloadResult  72: 1 op, 9331.50 ns, 9.3315 us/op
WorkloadResult  73: 1 op, 9091.50 ns, 9.0915 us/op
WorkloadResult  74: 1 op, 8525.50 ns, 8.5255 us/op
WorkloadResult  75: 1 op, 9031.50 ns, 9.0315 us/op
WorkloadResult  76: 1 op, 8981.50 ns, 8.9815 us/op
WorkloadResult  77: 1 op, 8868.50 ns, 8.8685 us/op
WorkloadResult  78: 1 op, 8820.50 ns, 8.8205 us/op
WorkloadResult  79: 1 op, 8970.50 ns, 8.9705 us/op
WorkloadResult  80: 1 op, 9261.50 ns, 9.2615 us/op
WorkloadResult  81: 1 op, 8839.50 ns, 8.8395 us/op
WorkloadResult  82: 1 op, 9135.50 ns, 9.1355 us/op
WorkloadResult  83: 1 op, 9153.50 ns, 9.1535 us/op
WorkloadResult  84: 1 op, 9346.50 ns, 9.3465 us/op
WorkloadResult  85: 1 op, 9104.50 ns, 9.1045 us/op
WorkloadResult  86: 1 op, 8857.50 ns, 8.8575 us/op
WorkloadResult  87: 1 op, 9054.50 ns, 9.0545 us/op
WorkloadResult  88: 1 op, 9385.50 ns, 9.3855 us/op
WorkloadResult  89: 1 op, 8749.50 ns, 8.7495 us/op
WorkloadResult  90: 1 op, 9183.50 ns, 9.1835 us/op
WorkloadResult  91: 1 op, 8778.50 ns, 8.7785 us/op
WorkloadResult  92: 1 op, 9010.50 ns, 9.0105 us/op
WorkloadResult  93: 1 op, 8953.50 ns, 8.9535 us/op
WorkloadResult  94: 1 op, 9961.50 ns, 9.9615 us/op
WorkloadResult  95: 1 op, 9415.50 ns, 9.4155 us/op
// GC:  0 0 0 0 1
// Threading:  0 0 1

// AfterAll
// Benchmark Process 111254 has exited with code 0.

Mean = 10.058 μs, StdErr = 0.111 μs (1.11%), N = 95, StdDev = 1.085 μs
Min = 8.525 μs, Q1 = 9.098 μs, Median = 9.961 μs, Q3 = 10.621 μs, Max = 12.780 μs
IQR = 1.524 μs, LowerFence = 6.813 μs, UpperFence = 12.907 μs
ConfidenceInterval = [9.680 μs; 10.437 μs] (CI 99.9%), Margin = 0.378 μs (3.76% of Mean)
Skewness = 0.67, Kurtosis = 2.41, MValue = 2.94

// ** Remained 0 (0.0 %) benchmark(s) to run. Estimated finish 2026-08-31 18:15 (0h 0m from now) **
// ***** BenchmarkRunner: Finish  *****

// * Export *
  BenchmarkDotNet.Artifacts/results/QueueBenchmark-report.csv
  BenchmarkDotNet.Artifacts/results/QueueBenchmark-report-github.md
  BenchmarkDotNet.Artifacts/results/QueueBenchmark-report.html

// * Detailed results *
QueueBenchmark.UnsafeQueue_Enqueue: Job-CNUJVU(InvocationCount=1, UnrollFactor=1) [Count=1000]
Runtime = .NET 10.0.11 (10.0.11, 42.42.42.42424), X64 RyuJIT x86-64-v3; GC = Concurrent Workstation
There are not any results runs

QueueBenchmark.Queue_Enqueue: Job-CNUJVU(InvocationCount=1, UnrollFactor=1) [Count=1000]
Runtime = .NET 10.0.11 (10.0.11, 42.42.42.42424), X64 RyuJIT x86-64-v3; GC = Concurrent Workstation
Mean = 10.058 μs, StdErr = 0.111 μs (1.11%), N = 95, StdDev = 1.085 μs
Min = 8.525 μs, Q1 = 9.098 μs, Median = 9.961 μs, Q3 = 10.621 μs, Max = 12.780 μs
IQR = 1.524 μs, LowerFence = 6.813 μs, UpperFence = 12.907 μs
ConfidenceInterval = [9.680 μs; 10.437 μs] (CI 99.9%), Margin = 0.378 μs (3.76% of Mean)
Skewness = 0.67, Kurtosis = 2.41, MValue = 2.94
-------------------- Histogram --------------------
[ 8.213 μs ;  8.740 μs) | @
[ 8.740 μs ;  9.364 μs) | @@@@@@@@@@@@@@@@@@@@@@@@@@@@@@@@@@@@
[ 9.364 μs ; 10.011 μs) | @@@@@@@@@@@
[10.011 μs ; 10.635 μs) | @@@@@@@@@@@@@@@@@@@@@@@@
[10.635 μs ; 11.277 μs) | @@@@@@
[11.277 μs ; 11.901 μs) | @@@@@@@@@@
[11.901 μs ; 12.573 μs) | @@@@@@
[12.573 μs ; 13.092 μs) | @
---------------------------------------------------

// * Summary *

BenchmarkDotNet v0.15.8, Linux Arch Linux
12th Gen Intel Core i5-1235U 0.40GHz, 1 CPU, 12 logical and 10 physical cores
.NET SDK 10.0.111
  [Host]     : .NET 10.0.11 (10.0.11, 42.42.42.42424), X64 RyuJIT x86-64-v3
  Job-CNUJVU : .NET 10.0.11 (10.0.11, 42.42.42.42424), X64 RyuJIT x86-64-v3

InvocationCount=1  UnrollFactor=1  

| Method              | Count | Mean     | Error    | StdDev   | Allocated |
|-------------------- |------ |---------:|---------:|---------:|----------:|
| UnsafeQueue_Enqueue | 1000  |       NA |       NA |       NA |        NA |
| Queue_Enqueue       | 1000  | 10.06 μs | 0.378 μs | 1.085 μs |         - |

Benchmarks with issues:
  QueueBenchmark.UnsafeQueue_Enqueue: Job-CNUJVU(InvocationCount=1, UnrollFactor=1) [Count=1000]

// * Warnings *
MinIterationTime
  QueueBenchmark.Queue_Enqueue: InvocationCount=1, UnrollFactor=1 -> The minimum observed iteration time is 8.564μs which is very small. It's recommended to increase it to at least 100ms using more operations.
MultimodalDistribution
  QueueBenchmark.Queue_Enqueue: InvocationCount=1, UnrollFactor=1 -> It seems that the distribution can have several modes (mValue = 2.94)

// * Hints *
Outliers
  QueueBenchmark.Queue_Enqueue: InvocationCount=1, UnrollFactor=1 -> 5 outliers were removed (15.51 μs..17.29 μs)

// * Legends *
  Count     : Value of the 'Count' parameter
  Mean      : Arithmetic mean of all measurements
  Error     : Half of 99.9% confidence interval
  StdDev    : Standard deviation of all measurements
  Allocated : Allocated memory per single operation (managed only, inclusive, 1KB = 1024B)
  1 μs      : 1 Microsecond (0.000001 sec)

// * Diagnostic Output - MemoryDiagnoser *


// ***** BenchmarkRunner: End *****
Run time: 00:00:00 (0.31 sec), executed benchmarks: 2

Global total time: 00:00:08 (8.18 sec), executed benchmarks: 2
// * Artifacts cleanup *
Artifacts cleanup is finished
